###############################################################################
#
# IAR ELF Linker V7.80.1.11864/W32 for ARM                31/Jul/2017  20:59:49
# Copyright 2007-2016 IAR Systems AB.
#
#    Output file  =  
#        D:\YADisk\#1_work\Автомойка
#        самообслуживания\WM_v0.10\WM\EWARM\IAR_WM_v0.10\Exe\IAR_WM_v0.10.out
#    Map file     =  
#        D:\YADisk\#1_work\Автомойка
#        самообслуживания\WM_v0.10\WM\EWARM\IAR_WM_v0.10\List\IAR_WM_v0.10.map
#    Command line =  
#        "D:\YADisk\#1_work\Автомойка
#        самообслуживания\WM_v0.10\WM\EWARM\IAR_WM_v0.10\Obj\Delay.o"
#        "D:\YADisk\#1_work\Автомойка
#        самообслуживания\WM_v0.10\WM\EWARM\IAR_WM_v0.10\Obj\main.o"
#        "D:\YADisk\#1_work\Автомойка
#        самообслуживания\WM_v0.10\WM\EWARM\IAR_WM_v0.10\Obj\moneyAcceptMgmnt.o"
#        "D:\YADisk\#1_work\Автомойка
#        самообслуживания\WM_v0.10\WM\EWARM\IAR_WM_v0.10\Obj\portsMgmnt.o"
#        "D:\YADisk\#1_work\Автомойка
#        самообслуживания\WM_v0.10\WM\EWARM\IAR_WM_v0.10\Obj\startup_stm32f103xb.o"
#        "D:\YADisk\#1_work\Автомойка
#        самообслуживания\WM_v0.10\WM\EWARM\IAR_WM_v0.10\Obj\stm32f1xx_hal.o"
#        "D:\YADisk\#1_work\Автомойка
#        самообслуживания\WM_v0.10\WM\EWARM\IAR_WM_v0.10\Obj\stm32f1xx_hal_adc.o"
#        "D:\YADisk\#1_work\Автомойка
#        самообслуживания\WM_v0.10\WM\EWARM\IAR_WM_v0.10\Obj\stm32f1xx_hal_adc_ex.o"
#        "D:\YADisk\#1_work\Автомойка
#        самообслуживания\WM_v0.10\WM\EWARM\IAR_WM_v0.10\Obj\stm32f1xx_hal_can.o"
#        "D:\YADisk\#1_work\Автомойка
#        самообслуживания\WM_v0.10\WM\EWARM\IAR_WM_v0.10\Obj\stm32f1xx_hal_cortex.o"
#        "D:\YADisk\#1_work\Автомойка
#        самообслуживания\WM_v0.10\WM\EWARM\IAR_WM_v0.10\Obj\stm32f1xx_hal_crc.o"
#        "D:\YADisk\#1_work\Автомойка
#        самообслуживания\WM_v0.10\WM\EWARM\IAR_WM_v0.10\Obj\stm32f1xx_hal_dma.o"
#        "D:\YADisk\#1_work\Автомойка
#        самообслуживания\WM_v0.10\WM\EWARM\IAR_WM_v0.10\Obj\stm32f1xx_hal_flash.o"
#        "D:\YADisk\#1_work\Автомойка
#        самообслуживания\WM_v0.10\WM\EWARM\IAR_WM_v0.10\Obj\stm32f1xx_hal_flash_ex.o"
#        "D:\YADisk\#1_work\Автомойка
#        самообслуживания\WM_v0.10\WM\EWARM\IAR_WM_v0.10\Obj\stm32f1xx_hal_gpio.o"
#        "D:\YADisk\#1_work\Автомойка
#        самообслуживания\WM_v0.10\WM\EWARM\IAR_WM_v0.10\Obj\stm32f1xx_hal_gpio_ex.o"
#        "D:\YADisk\#1_work\Автомойка
#        самообслуживания\WM_v0.10\WM\EWARM\IAR_WM_v0.10\Obj\stm32f1xx_hal_msp.o"
#        "D:\YADisk\#1_work\Автомойка
#        самообслуживания\WM_v0.10\WM\EWARM\IAR_WM_v0.10\Obj\stm32f1xx_hal_pwr.o"
#        "D:\YADisk\#1_work\Автомойка
#        самообслуживания\WM_v0.10\WM\EWARM\IAR_WM_v0.10\Obj\stm32f1xx_hal_rcc.o"
#        "D:\YADisk\#1_work\Автомойка
#        самообслуживания\WM_v0.10\WM\EWARM\IAR_WM_v0.10\Obj\stm32f1xx_hal_rcc_ex.o"
#        "D:\YADisk\#1_work\Автомойка
#        самообслуживания\WM_v0.10\WM\EWARM\IAR_WM_v0.10\Obj\stm32f1xx_hal_spi.o"
#        "D:\YADisk\#1_work\Автомойка
#        самообслуживания\WM_v0.10\WM\EWARM\IAR_WM_v0.10\Obj\stm32f1xx_hal_spi_ex.o"
#        "D:\YADisk\#1_work\Автомойка
#        самообслуживания\WM_v0.10\WM\EWARM\IAR_WM_v0.10\Obj\stm32f1xx_hal_tim.o"
#        "D:\YADisk\#1_work\Автомойка
#        самообслуживания\WM_v0.10\WM\EWARM\IAR_WM_v0.10\Obj\stm32f1xx_hal_tim_ex.o"
#        "D:\YADisk\#1_work\Автомойка
#        самообслуживания\WM_v0.10\WM\EWARM\IAR_WM_v0.10\Obj\stm32f1xx_hal_uart.o"
#        "D:\YADisk\#1_work\Автомойка
#        самообслуживания\WM_v0.10\WM\EWARM\IAR_WM_v0.10\Obj\stm32f1xx_it.o"
#        "D:\YADisk\#1_work\Автомойка
#        самообслуживания\WM_v0.10\WM\EWARM\IAR_WM_v0.10\Obj\system_stm32f1xx.o"
#        "D:\YADisk\#1_work\Автомойка
#        самообслуживания\WM_v0.10\WM\EWARM\IAR_WM_v0.10\Obj\timeMgmnt.o"
#        "D:\YADisk\#1_work\Автомойка
#        самообслуживания\WM_v0.10\WM\EWARM\IAR_WM_v0.10\Obj\tm_stm32_hd44780.o"
#        "D:\YADisk\#1_work\Автомойка
#        самообслуживания\WM_v0.10\WM\EWARM\IAR_WM_v0.10\Obj\uartDataExchMgmnt.o"
#        --redirect _Printf=_PrintfFull --redirect _Scanf=_ScanfFull -o
#        "D:\YADisk\#1_work\Автомойка
#        самообслуживания\WM_v0.10\WM\EWARM\IAR_WM_v0.10\Exe\IAR_WM_v0.10.out"
#        --map "D:\YADisk\#1_work\Автомойка
#        самообслуживания\WM_v0.10\WM\EWARM\IAR_WM_v0.10\List\IAR_WM_v0.10.map"
#        --config "D:\YADisk\#1_work\Автомойка
#        самообслуживания\WM_v0.10\WM\EWARM/stm32f103xb_flash.icf"
#        --semihosting --entry __iar_program_start --vfe
#
###############################################################################

*******************************************************************************
*** RUNTIME MODEL ATTRIBUTES
***

CppFlavor                     = *
__Heap_Handler                = Basic
__SystemLibrary               = DLib
__dlib_dynamic_initialization = normal


*******************************************************************************
*** PLACEMENT SUMMARY
***

"A0":  place at 0x08000000 { ro section .intvec };
"P1":  place in [from 0x08000000 to 0x0801ffff] { ro };
"P2":  place in [from 0x20000000 to 0x20004fff] { rw, block CSTACK, block HEAP };
initialize by copy { rw };

  Section            Kind        Address    Size  Object
  -------            ----        -------    ----  ------
"A0":                                       0xec
  .intvec            ro code  0x08000000    0xec  startup_stm32f103xb.o [1]
                            - 0x080000ec    0xec

"P1":                                     0x3d58
  .text              ro code  0x080000ec   0x76c  portsMgmnt.o [1]
  .text              ro code  0x08000858   0x23c  stm32f1xx_hal_gpio.o [1]
  .text              ro code  0x08000a94    0x1c  I32ToDbl.o [4]
  .text              ro code  0x08000ab0   0x1a2  DblMul.o [4]
  .rodata            const    0x08000c52     0x2  stm32f1xx_hal_rcc.o [1]
  .text              ro code  0x08000c54   0x256  DblDiv.o [4]
  .text              ro code  0x08000eac    0x2c  DblToI32.o [4]
  .text              ro code  0x08000ed8    0xcc  timeMgmnt.o [1]
  .text              ro code  0x08000fa4   0x6d4  stm32f1xx_hal_rcc.o [1]
  .text              ro code  0x08001678     0xc  stm32f1xx_hal.o [1]
  .text              ro code  0x08001684    0x28  stm32f1xx_hal.o [1]
  .text              ro code  0x080016ac    0x56  ABImemcpy_unaligned.o [5]
  .text              ro code  0x08001704   0x14e  stm32f1xx_hal_cortex.o [1]
  .text              ro code  0x08001854   0x6ba  main.o [1]
  .text              ro code  0x08001f10    0x28  stm32f1xx_hal.o [1]
  .text              ro code  0x08001f38   0x3d2  stm32f1xx_hal_tim.o [1]
  .text              ro code  0x0800230c    0x28  uartDataExchMgmnt.o [1]
  .text              ro code  0x08002334   0x3a8  tm_stm32_hd44780.o [1]
  .text              ro code  0x080026dc   0x11c  stm32f1xx_hal_rcc_ex.o [1]
  .text              ro code  0x080027f8   0x2e0  stm32f1xx_hal_adc.o [1]
  .text              ro code  0x08002ad8   0x154  stm32f1xx_hal_can.o [1]
  .text              ro code  0x08002c2c    0x24  stm32f1xx_hal_crc.o [1]
  .text              ro code  0x08002c50    0x8a  stm32f1xx_hal_spi_ex.o [1]
  .text              ro code  0x08002cdc    0x5a  stm32f1xx_hal_tim_ex.o [1]
  .text              ro code  0x08002d38   0x51c  stm32f1xx_hal_uart.o [1]
  .text              ro code  0x08003254   0x30c  stm32f1xx_hal_msp.o [1]
  .text              ro code  0x08003560     0x2  stm32f1xx_hal_tim.o [1]
  .text              ro code  0x08003562     0x2  stm32f1xx_hal_tim.o [1]
  .text              ro code  0x08003564     0x2  stm32f1xx_hal_tim.o [1]
  .text              ro code  0x08003566     0x2  stm32f1xx_hal_tim.o [1]
  .text              ro code  0x08003568     0x2  stm32f1xx_hal_tim_ex.o [1]
  .text              ro code  0x0800356a     0x2  stm32f1xx_hal_tim.o [1]
  .text              ro code  0x0800356c     0x2  stm32f1xx_hal_tim_ex.o [1]
  .text              ro code  0x0800356e    0x34  Delay.o [1]
  .text              ro code  0x080035a4    0xcc  stm32f1xx_hal_dma.o [1]
  .text              ro code  0x08003670     0x2  stm32f1xx_hal_uart.o [1]
  .text              ro code  0x08003672     0x2  stm32f1xx_hal_uart.o [1]
  .text              ro code  0x08003674     0x2  stm32f1xx_hal_uart.o [1]
  .text              ro code  0x08003678   0x16c  DblSub.o [4]
  .text              ro code  0x080037e4    0xf8  moneyAcceptMgmnt.o [1]
  .text              ro code  0x080038dc    0x4e  FltToDbl.o [4]
  .text              ro code  0x0800392c    0xe8  DblAdd.o [4]
  .text              ro code  0x08003a14    0x90  DblToFlt.o [4]
  .text              ro code  0x08003aa4    0xe8  stm32f1xx_it.o [1]
  .text              ro code  0x08003b8c    0x10  stm32f1xx_hal.o [1]
  .text              ro code  0x08003b9c    0x68  system_stm32f1xx.o [1]
  .rodata            const    0x08003c04    0x44  main.o [1]
  .text              ro code  0x08003c48    0x40  zero_init3.o [5]
  .text              ro code  0x08003c88    0x2c  copy_init3.o [5]
  .text              ro code  0x08003cb4    0x28  data_init.o [5]
  .iar.init_table    const    0x08003cdc    0x24  - Linker created -
  .text              ro code  0x08003d00    0x1a  cmain.o [5]
  .text              ro code  0x08003d1a     0x4  low_level_init.o [3]
  .text              ro code  0x08003d1e     0x4  exit.o [3]
  .text              ro code  0x08003d24     0xa  cexit.o [5]
  .text              ro code  0x08003d30    0x14  exit.o [6]
  .rodata            const    0x08003d44    0x14  tm_stm32_hd44780.o [1]
  .rodata            const    0x08003d58    0x14  tm_stm32_hd44780.o [1]
  .rodata            const    0x08003d6c    0x10  stm32f1xx_hal_rcc.o [1]
  .rodata            const    0x08003d7c    0x10  system_stm32f1xx.o [1]
  .text              ro code  0x08003d8c    0x10  startup_stm32f103xb.o [1]
  .text              ro code  0x08003d9c     0xc  cstartup_M.o [5]
  .rodata            const    0x08003da8     0x8  system_stm32f1xx.o [1]
  Initializer bytes  const    0x08003db0     0x8  <for P2-1>
  .rodata            const    0x08003db8     0x4  tm_stm32_hd44780.o [1]
  .text              ro code  0x08003dbc     0x4  startup_stm32f103xb.o [1]
  .text              ro code  0x08003dc0     0x4  startup_stm32f103xb.o [1]
  .text              ro code  0x08003dc4     0x4  startup_stm32f103xb.o [1]
  .text              ro code  0x08003dc8     0x4  startup_stm32f103xb.o [1]
  .text              ro code  0x08003dcc     0x4  startup_stm32f103xb.o [1]
  .text              ro code  0x08003dd0     0x4  startup_stm32f103xb.o [1]
  .text              ro code  0x08003dd4     0x4  startup_stm32f103xb.o [1]
  .text              ro code  0x08003dd8     0x4  startup_stm32f103xb.o [1]
  .text              ro code  0x08003ddc     0x4  startup_stm32f103xb.o [1]
  .text              ro code  0x08003de0     0x4  startup_stm32f103xb.o [1]
  .text              ro code  0x08003de4     0x4  startup_stm32f103xb.o [1]
  .text              ro code  0x08003de8     0x4  startup_stm32f103xb.o [1]
  .text              ro code  0x08003dec     0x4  startup_stm32f103xb.o [1]
  .text              ro code  0x08003df0     0x4  startup_stm32f103xb.o [1]
  .text              ro code  0x08003df4     0x4  startup_stm32f103xb.o [1]
  .text              ro code  0x08003df8     0x4  startup_stm32f103xb.o [1]
  .text              ro code  0x08003dfc     0x4  startup_stm32f103xb.o [1]
  .text              ro code  0x08003e00     0x4  startup_stm32f103xb.o [1]
  .text              ro code  0x08003e04     0x4  startup_stm32f103xb.o [1]
  .text              ro code  0x08003e08     0x4  startup_stm32f103xb.o [1]
  .text              ro code  0x08003e0c     0x4  startup_stm32f103xb.o [1]
  .text              ro code  0x08003e10     0x4  startup_stm32f103xb.o [1]
  .text              ro code  0x08003e14     0x4  startup_stm32f103xb.o [1]
  .text              ro code  0x08003e18     0x4  startup_stm32f103xb.o [1]
  .text              ro code  0x08003e1c     0x4  startup_stm32f103xb.o [1]
  .text              ro code  0x08003e20     0x4  startup_stm32f103xb.o [1]
  .text              ro code  0x08003e24     0x4  startup_stm32f103xb.o [1]
  .text              ro code  0x08003e28     0x4  startup_stm32f103xb.o [1]
  .text              ro code  0x08003e2c     0x4  startup_stm32f103xb.o [1]
  .text              ro code  0x08003e30     0x4  startup_stm32f103xb.o [1]
  .text              ro code  0x08003e34     0x4  startup_stm32f103xb.o [1]
  .text              ro code  0x08003e38     0x4  startup_stm32f103xb.o [1]
  .text              ro code  0x08003e3c     0x4  startup_stm32f103xb.o [1]
  .text              ro code  0x08003e40     0x4  startup_stm32f103xb.o [1]
  .rodata            const    0x08003e44     0x0  zero_init3.o [5]
  .rodata            const    0x08003e44     0x0  copy_init3.o [5]
                            - 0x08003e44  0x3d58

"P2", part 1 of 3:                           0x8
  P2-1                        0x20000000     0x7  <Init block>
    .data            inited   0x20000000     0x4  system_stm32f1xx.o [1]
    .data            inited   0x20000004     0x1  main.o [1]
    .data            inited   0x20000005     0x1  portsMgmnt.o [1]
    .data            inited   0x20000006     0x1  portsMgmnt.o [1]
                            - 0x20000007     0x7

"P2", part 2 of 3:                         0x400
  CSTACK                      0x20000008   0x400  <Block>
    CSTACK           uninit   0x20000008   0x400  <Block tail>
                            - 0x20000408   0x400

"P2", part 3 of 3:                         0x4b8
  .bss               zero     0x20000408   0x100  uartDataExchMgmnt.o [1]
  .bss               zero     0x20000508   0x100  uartDataExchMgmnt.o [1]
  .bss               zero     0x20000608    0x58  main.o [1]
  .bss               zero     0x20000660    0x44  main.o [1]
  .bss               zero     0x200006a4    0x40  main.o [1]
  .bss               zero     0x200006e4    0x40  main.o [1]
  .bss               zero     0x20000724    0x40  main.o [1]
  .bss               zero     0x20000764    0x40  main.o [1]
  .bss               zero     0x200007a4    0x30  main.o [1]
  .bss               zero     0x200007d4    0x1c  main.o [1]
  .bss               zero     0x200007f0    0x14  main.o [1]
  .bss               zero     0x20000804     0xc  main.o [1]
  .bss               zero     0x20000810     0xc  portsMgmnt.o [1]
  .bss               zero     0x2000081c     0xc  portsMgmnt.o [1]
  .bss               zero     0x20000828     0x8  main.o [1]
  .bss               zero     0x20000830     0x8  moneyAcceptMgmnt.o [1]
  .bss               zero     0x20000838     0x8  moneyAcceptMgmnt.o [1]
  .bss               zero     0x20000840     0x8  portsMgmnt.o [1]
  .bss               zero     0x20000848     0x8  portsMgmnt.o [1]
  .bss               zero     0x20000850     0x8  portsMgmnt.o [1]
  .bss               zero     0x20000858     0x8  portsMgmnt.o [1]
  .bss               zero     0x20000860     0x8  portsMgmnt.o [1]
  .bss               zero     0x20000868     0x8  timeMgmnt.o [1]
  .bss               zero     0x20000870     0x8  tm_stm32_hd44780.o [1]
  .bss               zero     0x20000878     0x4  portsMgmnt.o [1]
  .bss               zero     0x2000087c     0x4  portsMgmnt.o [1]
  .bss               zero     0x20000880     0x4  portsMgmnt.o [1]
  .bss               zero     0x20000884     0x4  portsMgmnt.o [1]
  .bss               zero     0x20000888     0x4  stm32f1xx_hal.o [1]
  .bss               zero     0x2000088c     0x2  portsMgmnt.o [1]
  .bss               zero     0x2000088e     0x2  portsMgmnt.o [1]
  .bss               zero     0x20000890     0x2  portsMgmnt.o [1]
  .bss               zero     0x20000892     0x2  portsMgmnt.o [1]
  .bss               zero     0x20000894     0x2  portsMgmnt.o [1]
  .bss               zero     0x20000896     0x2  portsMgmnt.o [1]
  .bss               zero     0x20000898     0x2  portsMgmnt.o [1]
  .bss               zero     0x2000089a     0x2  portsMgmnt.o [1]
  .bss               zero     0x2000089c     0x2  portsMgmnt.o [1]
  .bss               zero     0x2000089e     0x2  portsMgmnt.o [1]
  .bss               zero     0x200008a0     0x2  portsMgmnt.o [1]
  .bss               zero     0x200008a2     0x2  portsMgmnt.o [1]
  .bss               zero     0x200008a4     0x2  portsMgmnt.o [1]
  .bss               zero     0x200008a6     0x2  portsMgmnt.o [1]
  .bss               zero     0x200008a8     0x2  portsMgmnt.o [1]
  .bss               zero     0x200008aa     0x2  portsMgmnt.o [1]
  .bss               zero     0x200008ac     0x2  portsMgmnt.o [1]
  .bss               zero     0x200008ae     0x1  moneyAcceptMgmnt.o [1]
  .bss               zero     0x200008af     0x1  moneyAcceptMgmnt.o [1]
  .bss               zero     0x200008b0     0x1  portsMgmnt.o [1]
  .bss               zero     0x200008b1     0x1  portsMgmnt.o [1]
  .bss               zero     0x200008b2     0x1  portsMgmnt.o [1]
  .bss               zero     0x200008b3     0x1  portsMgmnt.o [1]
  .bss               zero     0x200008b4     0x1  portsMgmnt.o [1]
  .bss               zero     0x200008b5     0x1  portsMgmnt.o [1]
  .bss               zero     0x200008b6     0x1  portsMgmnt.o [1]
  .bss               zero     0x200008b7     0x1  portsMgmnt.o [1]
  .bss               zero     0x200008b8     0x1  portsMgmnt.o [1]
  .bss               zero     0x200008b9     0x1  portsMgmnt.o [1]
  .bss               zero     0x200008ba     0x1  portsMgmnt.o [1]
  .bss               zero     0x200008bb     0x1  portsMgmnt.o [1]
  .bss               zero     0x200008bc     0x1  portsMgmnt.o [1]
                            - 0x200008bd   0x4b5


*******************************************************************************
*** INIT TABLE
***

          Address     Size
          -------     ----
Zero (__iar_zero_init3)
    1 destination range, total size 0x4b5:
          0x20000408  0x4b5

Copy (__iar_copy_init3)
    1 source range, total size 0x8 (114% of destination):
          0x08003db0    0x8
    1 destination range, total size 0x7:
          0x20000000    0x7



*******************************************************************************
*** MODULE SUMMARY
***

    Module                  ro code  ro data  rw data
    ------                  -------  -------  -------
D:\YADisk\#1_work\Автомойка самообслуживания\WM_v0.10\WM\EWARM\IAR_WM_v0.10\Obj: [1]
    Delay.o                      52
    main.o                    1 722       69      529
    moneyAcceptMgmnt.o          248                18
    portsMgmnt.o              1 900        2      129
    startup_stm32f103xb.o       388
    stm32f1xx_hal.o             108                 4
    stm32f1xx_hal_adc.o         736
    stm32f1xx_hal_can.o         340
    stm32f1xx_hal_cortex.o      334
    stm32f1xx_hal_crc.o          36
    stm32f1xx_hal_dma.o         204
    stm32f1xx_hal_gpio.o        572
    stm32f1xx_hal_msp.o         780
    stm32f1xx_hal_rcc.o       1 748       18
    stm32f1xx_hal_rcc_ex.o      284
    stm32f1xx_hal_spi_ex.o      138
    stm32f1xx_hal_tim.o         988
    stm32f1xx_hal_tim_ex.o       94
    stm32f1xx_hal_uart.o      1 314
    stm32f1xx_it.o              232
    system_stm32f1xx.o          104       28        4
    timeMgmnt.o                 204                 8
    tm_stm32_hd44780.o          936       44        8
    uartDataExchMgmnt.o          40               512
    -------------------------------------------------
    Total:                   13 502      161    1 212

command line: [2]
    -------------------------------------------------
    Total:

dl7M_tlf.a: [3]
    exit.o                        4
    low_level_init.o              4
    -------------------------------------------------
    Total:                        8

m7M_tl.a: [4]
    DblAdd.o                    232
    DblDiv.o                    598
    DblMul.o                    418
    DblSub.o                    364
    DblToFlt.o                  144
    DblToI32.o                   44
    FltToDbl.o                   78
    I32ToDbl.o                   28
    -------------------------------------------------
    Total:                    1 906

rt7M_tl.a: [5]
    ABImemcpy_unaligned.o        86
    cexit.o                      10
    cmain.o                      26
    copy_init3.o                 44
    cstartup_M.o                 12
    data_init.o                  40
    zero_init3.o                 64
    -------------------------------------------------
    Total:                      282

shb_l.a: [6]
    exit.o                       20
    -------------------------------------------------
    Total:                       20

    Gaps                         24
    Linker created                        37    1 024
-----------------------------------------------------
    Grand Total:             15 742      198    2 236


*******************************************************************************
*** ENTRY LIST
***

Entry                      Address   Size  Type      Object
-----                      -------   ----  ----      ------
.iar.init_table$$Base   0x08003cdc          --   Gb  - Linker created -
.iar.init_table$$Limit  0x08003d00          --   Gb  - Linker created -
?main                   0x08003d01         Code  Gb  cmain.o [5]
ADC_ConversionStop_Disable
                        0x08002a8d   0x4a  Code  Gb  stm32f1xx_hal_adc.o [1]
AHBPrescTable           0x08003d7c   0x10  Data  Gb  system_stm32f1xx.o [1]
APBPrescTable           0x08003da8    0x8  Data  Gb  system_stm32f1xx.o [1]
BusFault_Handler        0x08003aab    0x2  Code  Gb  stm32f1xx_it.o [1]
CSTACK$$Base            0x20000008          --   Gb  - Linker created -
CSTACK$$Limit           0x20000408          --   Gb  - Linker created -
DebugMon_Handler        0x08003ab1    0x2  Code  Gb  stm32f1xx_it.o [1]
EXTI0_IRQHandler        0x08003ac1    0xa  Code  Gb  stm32f1xx_it.o [1]
EXTI15_10_IRQHandler    0x08003b59   0x34  Code  Gb  stm32f1xx_it.o [1]
EXTI1_IRQHandler        0x08003acb    0xa  Code  Gb  stm32f1xx_it.o [1]
EXTI2_IRQHandler        0x08003ad5    0xa  Code  Gb  stm32f1xx_it.o [1]
EXTI3_IRQHandler        0x08003adf    0xa  Code  Gb  stm32f1xx_it.o [1]
EXTI4_IRQHandler        0x08003ae9    0xa  Code  Gb  stm32f1xx_it.o [1]
EXTI9_5_IRQHandler      0x08003af3   0x26  Code  Gb  stm32f1xx_it.o [1]
HAL_ADC_ConfigChannel   0x0800292f  0x148  Code  Gb  stm32f1xx_hal_adc.o [1]
HAL_ADC_Init            0x080027f9  0x136  Code  Gb  stm32f1xx_hal_adc.o [1]
HAL_ADC_MspInit         0x080032f1   0x3a  Code  Gb  stm32f1xx_hal_msp.o [1]
HAL_CAN_Init            0x08002ad9  0x154  Code  Gb  stm32f1xx_hal_can.o [1]
HAL_CAN_MspInit         0x0800332b   0x54  Code  Gb  stm32f1xx_hal_msp.o [1]
HAL_CRC_Init            0x08002c2d   0x24  Code  Gb  stm32f1xx_hal_crc.o [1]
HAL_CRC_MspInit         0x0800337f   0x26  Code  Gb  stm32f1xx_hal_msp.o [1]
HAL_DMA_Abort_IT        0x080035a5   0xae  Code  Gb  stm32f1xx_hal_dma.o [1]
HAL_GPIO_EXTI_Callback  0x08000615  0x180  Code  Gb  portsMgmnt.o [1]
HAL_GPIO_EXTI_Callback::c1
                        0x2000088e    0x2  Data  Lc  portsMgmnt.o [1]
HAL_GPIO_EXTI_Callback::c10
                        0x200008a0    0x2  Data  Lc  portsMgmnt.o [1]
HAL_GPIO_EXTI_Callback::c11
                        0x200008a2    0x2  Data  Lc  portsMgmnt.o [1]
HAL_GPIO_EXTI_Callback::c12
                        0x200008a4    0x2  Data  Lc  portsMgmnt.o [1]
HAL_GPIO_EXTI_Callback::c13
                        0x200008a6    0x2  Data  Lc  portsMgmnt.o [1]
HAL_GPIO_EXTI_Callback::c14
                        0x200008a8    0x2  Data  Lc  portsMgmnt.o [1]
HAL_GPIO_EXTI_Callback::c15
                        0x200008aa    0x2  Data  Lc  portsMgmnt.o [1]
HAL_GPIO_EXTI_Callback::c16
                        0x200008ac    0x2  Data  Lc  portsMgmnt.o [1]
HAL_GPIO_EXTI_Callback::c2
                        0x20000890    0x2  Data  Lc  portsMgmnt.o [1]
HAL_GPIO_EXTI_Callback::c3
                        0x20000892    0x2  Data  Lc  portsMgmnt.o [1]
HAL_GPIO_EXTI_Callback::c4
                        0x20000894    0x2  Data  Lc  portsMgmnt.o [1]
HAL_GPIO_EXTI_Callback::c5
                        0x20000896    0x2  Data  Lc  portsMgmnt.o [1]
HAL_GPIO_EXTI_Callback::c6
                        0x20000898    0x2  Data  Lc  portsMgmnt.o [1]
HAL_GPIO_EXTI_Callback::c7
                        0x2000089a    0x2  Data  Lc  portsMgmnt.o [1]
HAL_GPIO_EXTI_Callback::c8
                        0x2000089c    0x2  Data  Lc  portsMgmnt.o [1]
HAL_GPIO_EXTI_Callback::c9
                        0x2000089e    0x2  Data  Lc  portsMgmnt.o [1]
HAL_GPIO_EXTI_Callback::lastPinNum
                        0x2000088c    0x2  Data  Lc  portsMgmnt.o [1]
HAL_GPIO_EXTI_Callback::timePulseDetected
                        0x20000860    0x8  Data  Lc  portsMgmnt.o [1]
HAL_GPIO_EXTI_IRQHandler
                        0x08000a35   0x1a  Code  Gb  stm32f1xx_hal_gpio.o [1]
HAL_GPIO_Init           0x08000859  0x1b6  Code  Gb  stm32f1xx_hal_gpio.o [1]
HAL_GPIO_ReadPin        0x08000a0f   0x12  Code  Gb  stm32f1xx_hal_gpio.o [1]
HAL_GPIO_WritePin       0x08000a21   0x14  Code  Gb  stm32f1xx_hal_gpio.o [1]
HAL_GetTick             0x08001679    0xc  Code  Wk  stm32f1xx_hal.o [1]
HAL_IncTick             0x08003b8d   0x10  Code  Wk  stm32f1xx_hal.o [1]
HAL_Init                0x08001f11   0x22  Code  Gb  stm32f1xx_hal.o [1]
HAL_InitTick            0x08001685   0x28  Code  Wk  stm32f1xx_hal.o [1]
HAL_MspInit             0x08003255   0x9c  Code  Gb  stm32f1xx_hal_msp.o [1]
HAL_NVIC_EnableIRQ      0x080017f7    0xa  Code  Gb  stm32f1xx_hal_cortex.o [1]
HAL_NVIC_SetPriority    0x080017d5   0x22  Code  Gb  stm32f1xx_hal_cortex.o [1]
HAL_NVIC_SetPriorityGrouping
                        0x080017cd    0x8  Code  Gb  stm32f1xx_hal_cortex.o [1]
HAL_RCCEx_PeriphCLKConfig
                        0x080026dd  0x108  Code  Gb  stm32f1xx_hal_rcc_ex.o [1]
HAL_RCC_ClockConfig     0x080013f7  0x180  Code  Gb  stm32f1xx_hal_rcc.o [1]
HAL_RCC_GetHCLKFreq     0x080015dd    0x6  Code  Gb  stm32f1xx_hal_rcc.o [1]
HAL_RCC_GetPCLK1Freq    0x080015e3   0x16  Code  Gb  stm32f1xx_hal_rcc.o [1]
HAL_RCC_GetPCLK2Freq    0x080015f9   0x16  Code  Gb  stm32f1xx_hal_rcc.o [1]
HAL_RCC_GetSysClockFreq
                        0x08001577   0x66  Code  Gb  stm32f1xx_hal_rcc.o [1]
HAL_RCC_OscConfig       0x08000fa5  0x452  Code  Gb  stm32f1xx_hal_rcc.o [1]
HAL_SPI_Init            0x08002c51   0x8a  Code  Gb  stm32f1xx_hal_spi_ex.o [1]
HAL_SPI_MspInit         0x080033a5   0x54  Code  Gb  stm32f1xx_hal_msp.o [1]
HAL_SYSTICK_CLKSourceConfig
                        0x08001809   0x20  Code  Gb  stm32f1xx_hal_cortex.o [1]
HAL_SYSTICK_Callback    0x08001851    0x2  Code  Wk  stm32f1xx_hal_cortex.o [1]
HAL_SYSTICK_Config      0x08001801    0x8  Code  Gb  stm32f1xx_hal_cortex.o [1]
HAL_SYSTICK_IRQHandler  0x08001849    0x8  Code  Gb  stm32f1xx_hal_cortex.o [1]
HAL_TIMEx_BreakCallback
                        0x08003569    0x2  Code  Wk  stm32f1xx_hal_tim_ex.o [1]
HAL_TIMEx_CommutationCallback
                        0x0800356d    0x2  Code  Wk  stm32f1xx_hal_tim_ex.o [1]
HAL_TIMEx_MasterConfigSynchronization
                        0x08002cdd   0x58  Code  Gb  stm32f1xx_hal_tim_ex.o [1]
HAL_TIM_Base_Init       0x08001f39   0x38  Code  Gb  stm32f1xx_hal_tim.o [1]
HAL_TIM_Base_MspInit    0x080033f9   0x34  Code  Gb  stm32f1xx_hal_msp.o [1]
HAL_TIM_Base_Start_IT   0x08001f71   0x1c  Code  Gb  stm32f1xx_hal_tim.o [1]
HAL_TIM_ConfigClockSource
                        0x08002103  0x118  Code  Gb  stm32f1xx_hal_tim.o [1]
HAL_TIM_IC_CaptureCallback
                        0x08003561    0x2  Code  Wk  stm32f1xx_hal_tim.o [1]
HAL_TIM_IRQHandler      0x08001f8d  0x176  Code  Gb  stm32f1xx_hal_tim.o [1]
HAL_TIM_OC_DelayElapsedCallback
                        0x08003563    0x2  Code  Wk  stm32f1xx_hal_tim.o [1]
HAL_TIM_PWM_PulseFinishedCallback
                        0x08003565    0x2  Code  Wk  stm32f1xx_hal_tim.o [1]
HAL_TIM_PeriodElapsedCallback
                        0x08003567    0x2  Code  Wk  stm32f1xx_hal_tim.o [1]
HAL_TIM_TriggerCallback
                        0x0800356b    0x2  Code  Wk  stm32f1xx_hal_tim.o [1]
HAL_UART_ErrorCallback  0x08003671    0x2  Code  Wk  stm32f1xx_hal_uart.o [1]
HAL_UART_IRQHandler     0x08002e19  0x134  Code  Gb  stm32f1xx_hal_uart.o [1]
HAL_UART_Init           0x08002d39   0x76  Code  Gb  stm32f1xx_hal_uart.o [1]
HAL_UART_MspInit        0x0800342d   0xfc  Code  Gb  stm32f1xx_hal_msp.o [1]
HAL_UART_Receive_IT     0x08002daf   0x6a  Code  Gb  stm32f1xx_hal_uart.o [1]
HAL_UART_RxCpltCallback
                        0x08003675    0x2  Code  Wk  stm32f1xx_hal_uart.o [1]
HAL_UART_TxCpltCallback
                        0x08003673    0x2  Code  Wk  stm32f1xx_hal_uart.o [1]
HD44780_Opts            0x20000870    0x8  Data  Gb  tm_stm32_hd44780.o [1]
HardFault_Handler       0x08003aa7    0x2  Code  Gb  stm32f1xx_it.o [1]
MX_ADC1_Init            0x0800196f   0x7e  Code  Lc  main.o [1]
MX_CAN_Init             0x080019ed   0x7e  Code  Lc  main.o [1]
MX_CRC_Init             0x08001a6b   0x26  Code  Lc  main.o [1]
MX_GPIO_Init            0x08001c87  0x216  Code  Lc  main.o [1]
MX_SPI2_Init            0x08001a91   0x80  Code  Lc  main.o [1]
MX_TIM3_Init            0x08001b11   0x94  Code  Lc  main.o [1]
MX_USART1_UART_Init     0x08001ba5   0x4e  Code  Lc  main.o [1]
MX_USART2_UART_Init     0x08001bf3   0x4a  Code  Lc  main.o [1]
MX_USART3_UART_Init     0x08001c3d   0x4a  Code  Lc  main.o [1]
MemManage_Handler       0x08003aa9    0x2  Code  Gb  stm32f1xx_it.o [1]
NMI_Handler             0x08003aa5    0x2  Code  Gb  stm32f1xx_it.o [1]
NVIC_EnableIRQ          0x0800172b   0x14  Code  Lc  stm32f1xx_hal_cortex.o [1]
NVIC_EncodePriority     0x08001761   0x3e  Code  Lc  stm32f1xx_hal_cortex.o [1]
NVIC_GetPriorityGrouping
                        0x08001721    0xa  Code  Lc  stm32f1xx_hal_cortex.o [1]
NVIC_SetPriority        0x0800173f   0x22  Code  Lc  stm32f1xx_hal_cortex.o [1]
NVIC_SetPriorityGrouping
                        0x08001705   0x1c  Code  Lc  stm32f1xx_hal_cortex.o [1]
PendSV_Handler          0x08003ab3    0x2  Code  Gb  stm32f1xx_it.o [1]
RCC_Delay               0x0800160f   0x24  Code  Lc  stm32f1xx_hal_rcc.o [1]
Region$$Table$$Base     0x08003cdc          --   Gb  - Linker created -
Region$$Table$$Limit    0x08003d00          --   Gb  - Linker created -
SVC_Handler             0x08003aaf    0x2  Code  Gb  stm32f1xx_it.o [1]
SysTick_Config          0x0800179f   0x2e  Code  Lc  stm32f1xx_hal_cortex.o [1]
SysTick_Handler         0x08003ab5    0xc  Code  Gb  stm32f1xx_it.o [1]
SystemClock_Config      0x080018bf   0xb0  Code  Gb  main.o [1]
SystemCoreClock         0x20000000    0x4  Data  Gb  system_stm32f1xx.o [1]
SystemInit              0x08003b9d   0x4e  Code  Gb  system_stm32f1xx.o [1]
TIM3_IRQHandler         0x08003b19   0x2e  Code  Gb  stm32f1xx_it.o [1]
TIM_Base_SetConfig      0x0800221b   0x66  Code  Gb  stm32f1xx_hal_tim.o [1]
TIM_ETR_SetConfig       0x080022f3   0x18  Code  Lc  stm32f1xx_hal_tim.o [1]
TIM_ITRx_SetConfig      0x080022df   0x14  Code  Lc  stm32f1xx_hal_tim.o [1]
TIM_TI1_ConfigInputStage
                        0x0800228d   0x28  Code  Lc  stm32f1xx_hal_tim.o [1]
TIM_TI2_ConfigInputStage
                        0x080022b5   0x2a  Code  Lc  stm32f1xx_hal_tim.o [1]
TM_HD44780_Clear        0x08002435   0x12  Code  Gb  tm_stm32_hd44780.o [1]
TM_HD44780_Cmd          0x08002507   0x24  Code  Lc  tm_stm32_hd44780.o [1]
TM_HD44780_Cmd4bit      0x0800254f   0xa2  Code  Lc  tm_stm32_hd44780.o [1]
TM_HD44780_CursorSet    0x080025f1   0x3e  Code  Lc  tm_stm32_hd44780.o [1]
TM_HD44780_Data         0x0800252b   0x24  Code  Lc  tm_stm32_hd44780.o [1]
TM_HD44780_DisplayOn    0x080024e3   0x24  Code  Gb  tm_stm32_hd44780.o [1]
TM_HD44780_Init         0x08002335  0x100  Code  Gb  tm_stm32_hd44780.o [1]
TM_HD44780_InitPins     0x0800262f   0x94  Code  Lc  tm_stm32_hd44780.o [1]
TM_HD44780_Puts         0x08002447   0x9c  Code  Gb  tm_stm32_hd44780.o [1]
UART_DMAAbortOnError    0x08002f71   0x12  Code  Lc  stm32f1xx_hal_uart.o [1]
UART_EndRxTransfer      0x08002f4d   0x20  Code  Lc  stm32f1xx_hal_uart.o [1]
UART_EndTransmit_IT     0x08002fef   0x1c  Code  Lc  stm32f1xx_hal_uart.o [1]
UART_Receive_IT         0x0800300b   0xa8  Code  Lc  stm32f1xx_hal_uart.o [1]
UART_SetConfig          0x080030b3  0x198  Code  Lc  stm32f1xx_hal_uart.o [1]
UART_Transmit_IT        0x08002f85   0x6a  Code  Lc  stm32f1xx_hal_uart.o [1]
USART1_IRQHandler       0x08003b47    0xa  Code  Gb  stm32f1xx_it.o [1]
UsageFault_Handler      0x08003aad    0x2  Code  Gb  stm32f1xx_it.o [1]
_Error_Handler          0x08001f0d    0x2  Code  Gb  main.o [1]
__aeabi_d2f             0x08003a15         Code  Gb  DblToFlt.o [4]
__aeabi_d2uiz           0x08000ead         Code  Gb  DblToI32.o [4]
__aeabi_dadd            0x0800392d         Code  Gb  DblAdd.o [4]
__aeabi_ddiv            0x08000c55         Code  Gb  DblDiv.o [4]
__aeabi_dmul            0x08000ab1         Code  Gb  DblMul.o [4]
__aeabi_f2d             0x080038dd         Code  Gb  FltToDbl.o [4]
__aeabi_ui2d            0x08000a95         Code  Gb  I32ToDbl.o [4]
__cmain                 0x08003d01         Code  Gb  cmain.o [5]
__exit                  0x08003d31   0x14  Code  Gb  exit.o [6]
__iar_copy_init3        0x08003c89   0x2c  Code  Gb  copy_init3.o [5]
__iar_d2uiz             0x08000eb9         Code  Gb  DblToI32.o [4]
__iar_dadd              0x08003941         Code  Gb  DblAdd.o [4]
__iar_data_init3        0x08003cb5   0x28  Code  Gb  data_init.o [5]
__iar_dsub              0x08003679         Code  Gb  DblSub.o [4]
__iar_dsubStart         0x0800368b         Code  Gb  DblSub.o [4]
__iar_program_start     0x08003d9d         Code  Gb  cstartup_M.o [5]
__iar_ui2d              0x08000a99         Code  Gb  I32ToDbl.o [4]
__iar_unaligned___aeabi_memcpy4
                        0x080016ad         Code  Gb  ABImemcpy_unaligned.o [5]
__iar_unaligned___aeabi_memcpy8
                        0x080016ad         Code  Gb  ABImemcpy_unaligned.o [5]
__iar_zero_init3        0x08003c49   0x40  Code  Gb  zero_init3.o [5]
__low_level_init        0x08003d1b    0x4  Code  Gb  low_level_init.o [3]
__vector_table          0x08000000         Data  Gb  startup_stm32f103xb.o [1]
_call_main              0x08003d0d         Code  Gb  cmain.o [5]
_exit                   0x08003d25         Code  Gb  cexit.o [5]
_main                   0x08003d17         Code  Gb  cmain.o [5]
buttonsDisabledTime     0x20000840    0x8  Data  Gb  portsMgmnt.o [1]
checkCoinMoney          0x080037e5   0x68  Code  Gb  moneyAcceptMgmnt.o [1]
checkCoinMoney::trueFlag
                        0x200008ae    0x1  Data  Lc  moneyAcceptMgmnt.o [1]
checkCoinMoney::trueTime
                        0x20000830    0x8  Data  Lc  moneyAcceptMgmnt.o [1]
checkFreeMode           0x08000159   0x24  Code  Gb  portsMgmnt.o [1]
checkInput10Counter     0x0800031d  0x1a0  Code  Gb  portsMgmnt.o [1]
checkInput10Counter::inData
                        0x2000081c    0xc  Data  Lc  portsMgmnt.o [1]
checkInput10Counter::lastInState
                        0x20000006    0x1  Data  Lc  portsMgmnt.o [1]
checkInput10Counter::p  0x200008b8    0x1  Data  Lc  portsMgmnt.o [1]
checkInput10Counter::swchr
                        0x200008b9    0x1  Data  Lc  portsMgmnt.o [1]
checkInput10Counter::temp
                        0x200008ba    0x1  Data  Lc  portsMgmnt.o [1]
checkMagistralPressure  0x08000111   0x24  Code  Gb  portsMgmnt.o [1]
checkMoney              0x0800384d   0x6a  Code  Gb  moneyAcceptMgmnt.o [1]
checkMoney::trueFlag    0x200008af    0x1  Data  Lc  moneyAcceptMgmnt.o [1]
checkMoney::trueTime    0x20000838    0x8  Data  Lc  moneyAcceptMgmnt.o [1]
checkOut10Counter       0x0800017d  0x1a0  Code  Gb  portsMgmnt.o [1]
checkOut10Counter::inData
                        0x20000810    0xc  Data  Lc  portsMgmnt.o [1]
checkOut10Counter::lastInState
                        0x20000005    0x1  Data  Lc  portsMgmnt.o [1]
checkOut10Counter::p    0x200008b5    0x1  Data  Lc  portsMgmnt.o [1]
checkOut10Counter::swchr
                        0x200008b6    0x1  Data  Lc  portsMgmnt.o [1]
checkOut10Counter::temp
                        0x200008b7    0x1  Data  Lc  portsMgmnt.o [1]
checkTumperDoor         0x080000ed   0x24  Code  Gb  portsMgmnt.o [1]
checkTumperMoney        0x08000135   0x24  Code  Gb  portsMgmnt.o [1]
cnt                     0x200007f0   0x14  Data  Gb  main.o [1]
containerCounter        0x20000878    0x4  Data  Lc  portsMgmnt.o [1]
countContainerHandler   0x080004bd   0x36  Code  Gb  portsMgmnt.o [1]
countLoseHandler        0x08000537   0xb0  Code  Gb  portsMgmnt.o [1]
countLoseHandler::fastPulseLose
                        0x200008bc    0x1  Data  Lc  portsMgmnt.o [1]
countLoseHandler::lastTime
                        0x20000858    0x8  Data  Lc  portsMgmnt.o [1]
countLoseHandler::loseCounter
                        0x20000880    0x4  Data  Lc  portsMgmnt.o [1]
countOutHandler         0x080005e7   0x2e  Code  Gb  portsMgmnt.o [1]
countOutHandler::outCounter
                        0x20000884    0x4  Data  Lc  portsMgmnt.o [1]
delayMicroseconds       0x0800356f         Code  Gb  Delay.o [1]
delayMilliseconds       0x08003591         Code  Gb  Delay.o [1]
exit                    0x08003d1f    0x4  Code  Gb  exit.o [3]
getTimeDiff             0x08000f2f   0x52  Code  Gb  timeMgmnt.o [1]
hadc1                   0x200007a4   0x30  Data  Gb  main.o [1]
hcan                    0x20000660   0x44  Data  Gb  main.o [1]
hcrc                    0x20000828    0x8  Data  Gb  main.o [1]
hspi2                   0x20000608   0x58  Data  Gb  main.o [1]
htim3                   0x200006a4   0x40  Data  Gb  main.o [1]
huart1                  0x200006e4   0x40  Data  Gb  main.o [1]
huart2                  0x20000724   0x40  Data  Gb  main.o [1]
huart3                  0x20000764   0x40  Data  Gb  main.o [1]
initUART                0x0800230d   0x1c  Code  Gb  uartDataExchMgmnt.o [1]
main                    0x08001855   0x6a  Code  Gb  main.o [1]
money                   0x20000804    0xc  Data  Gb  main.o [1]
pauseOutHandler         0x080004f3   0x44  Code  Gb  portsMgmnt.o [1]
pauseOutHandler::fastPulseLoseOut
                        0x200008bb    0x1  Data  Lc  portsMgmnt.o [1]
pauseOutHandler::lastTime
                        0x20000850    0x8  Data  Lc  portsMgmnt.o [1]
pauseOutHandler::outLoseCounter
                        0x2000087c    0x4  Data  Lc  portsMgmnt.o [1]
sensorsDisabledTime     0x20000848    0x8  Data  Gb  portsMgmnt.o [1]
servDownButton          0x200008b2    0x1  Data  Gb  portsMgmnt.o [1]
servLeftButton          0x200008b3    0x1  Data  Gb  portsMgmnt.o [1]
servRightButton         0x200008b4    0x1  Data  Gb  portsMgmnt.o [1]
servUpButton            0x200008b1    0x1  Data  Gb  portsMgmnt.o [1]
startContVolume         0x20000004    0x1  Data  Gb  main.o [1]
time                    0x20000868    0x8  Data  Gb  timeMgmnt.o [1]
timeMgmnt               0x08000ed9   0x56  Code  Gb  timeMgmnt.o [1]
uartDataRx              0x20000508  0x100  Data  Gb  uartDataExchMgmnt.o [1]
uartDataTx              0x20000408  0x100  Data  Lc  uartDataExchMgmnt.o [1]
userButton              0x200008b0    0x1  Data  Gb  portsMgmnt.o [1]
uwTick                  0x20000888    0x4  Data  Gb  stm32f1xx_hal.o [1]
wa                      0x200007d4   0x1c  Data  Gb  main.o [1]
writeTime               0x08000f81   0x1a  Code  Gb  timeMgmnt.o [1]


[1] = D:\YADisk\#1_work\Автомойка самообслуживания\WM_v0.10\WM\EWARM\IAR_WM_v0.10\Obj
[2] = command line
[3] = dl7M_tlf.a
[4] = m7M_tl.a
[5] = rt7M_tl.a
[6] = shb_l.a

  15 742 bytes of readonly  code memory
     198 bytes of readonly  data memory
   2 236 bytes of readwrite data memory

Errors: none
Warnings: none
