###############################################################################
#
# IAR ELF Linker V7.80.1.11864/W32 for ARM                25/Oct/2017  12:04:59
# Copyright 2007-2016 IAR Systems AB.
#
#    Output file  =  
#        D:\YADisk\#1_work\Автомойка
#        самообслуживания\WM_v0.10\WM\EWARM\IAR_WM_v0.10\Exe\IAR_WM_v0.10.out
#    Map file     =  
#        D:\YADisk\#1_work\Автомойка
#        самообслуживания\WM_v0.10\WM\EWARM\IAR_WM_v0.10\List\IAR_WM_v0.10.map
#    Command line =  
#        "D:\YADisk\#1_work\Автомойка
#        самообслуживания\WM_v0.10\WM\EWARM\IAR_WM_v0.10\Obj\debugPCBMode.o"
#        "D:\YADisk\#1_work\Автомойка
#        самообслуживания\WM_v0.10\WM\EWARM\IAR_WM_v0.10\Obj\Delay.o"
#        "D:\YADisk\#1_work\Автомойка
#        самообслуживания\WM_v0.10\WM\EWARM\IAR_WM_v0.10\Obj\main.o"
#        "D:\YADisk\#1_work\Автомойка
#        самообслуживания\WM_v0.10\WM\EWARM\IAR_WM_v0.10\Obj\moneyAcceptMgmnt.o"
#        "D:\YADisk\#1_work\Автомойка
#        самообслуживания\WM_v0.10\WM\EWARM\IAR_WM_v0.10\Obj\portsMgmnt.o"
#        "D:\YADisk\#1_work\Автомойка
#        самообслуживания\WM_v0.10\WM\EWARM\IAR_WM_v0.10\Obj\startup_stm32f103xb.o"
#        "D:\YADisk\#1_work\Автомойка
#        самообслуживания\WM_v0.10\WM\EWARM\IAR_WM_v0.10\Obj\stm32f1xx_hal.o"
#        "D:\YADisk\#1_work\Автомойка
#        самообслуживания\WM_v0.10\WM\EWARM\IAR_WM_v0.10\Obj\stm32f1xx_hal_adc.o"
#        "D:\YADisk\#1_work\Автомойка
#        самообслуживания\WM_v0.10\WM\EWARM\IAR_WM_v0.10\Obj\stm32f1xx_hal_adc_ex.o"
#        "D:\YADisk\#1_work\Автомойка
#        самообслуживания\WM_v0.10\WM\EWARM\IAR_WM_v0.10\Obj\stm32f1xx_hal_can.o"
#        "D:\YADisk\#1_work\Автомойка
#        самообслуживания\WM_v0.10\WM\EWARM\IAR_WM_v0.10\Obj\stm32f1xx_hal_cortex.o"
#        "D:\YADisk\#1_work\Автомойка
#        самообслуживания\WM_v0.10\WM\EWARM\IAR_WM_v0.10\Obj\stm32f1xx_hal_crc.o"
#        "D:\YADisk\#1_work\Автомойка
#        самообслуживания\WM_v0.10\WM\EWARM\IAR_WM_v0.10\Obj\stm32f1xx_hal_dma.o"
#        "D:\YADisk\#1_work\Автомойка
#        самообслуживания\WM_v0.10\WM\EWARM\IAR_WM_v0.10\Obj\stm32f1xx_hal_flash.o"
#        "D:\YADisk\#1_work\Автомойка
#        самообслуживания\WM_v0.10\WM\EWARM\IAR_WM_v0.10\Obj\stm32f1xx_hal_flash_ex.o"
#        "D:\YADisk\#1_work\Автомойка
#        самообслуживания\WM_v0.10\WM\EWARM\IAR_WM_v0.10\Obj\stm32f1xx_hal_gpio.o"
#        "D:\YADisk\#1_work\Автомойка
#        самообслуживания\WM_v0.10\WM\EWARM\IAR_WM_v0.10\Obj\stm32f1xx_hal_gpio_ex.o"
#        "D:\YADisk\#1_work\Автомойка
#        самообслуживания\WM_v0.10\WM\EWARM\IAR_WM_v0.10\Obj\stm32f1xx_hal_iwdg.o"
#        "D:\YADisk\#1_work\Автомойка
#        самообслуживания\WM_v0.10\WM\EWARM\IAR_WM_v0.10\Obj\stm32f1xx_hal_msp.o"
#        "D:\YADisk\#1_work\Автомойка
#        самообслуживания\WM_v0.10\WM\EWARM\IAR_WM_v0.10\Obj\stm32f1xx_hal_pwr.o"
#        "D:\YADisk\#1_work\Автомойка
#        самообслуживания\WM_v0.10\WM\EWARM\IAR_WM_v0.10\Obj\stm32f1xx_hal_rcc.o"
#        "D:\YADisk\#1_work\Автомойка
#        самообслуживания\WM_v0.10\WM\EWARM\IAR_WM_v0.10\Obj\stm32f1xx_hal_rcc_ex.o"
#        "D:\YADisk\#1_work\Автомойка
#        самообслуживания\WM_v0.10\WM\EWARM\IAR_WM_v0.10\Obj\stm32f1xx_hal_spi.o"
#        "D:\YADisk\#1_work\Автомойка
#        самообслуживания\WM_v0.10\WM\EWARM\IAR_WM_v0.10\Obj\stm32f1xx_hal_spi_ex.o"
#        "D:\YADisk\#1_work\Автомойка
#        самообслуживания\WM_v0.10\WM\EWARM\IAR_WM_v0.10\Obj\stm32f1xx_hal_tim.o"
#        "D:\YADisk\#1_work\Автомойка
#        самообслуживания\WM_v0.10\WM\EWARM\IAR_WM_v0.10\Obj\stm32f1xx_hal_tim_ex.o"
#        "D:\YADisk\#1_work\Автомойка
#        самообслуживания\WM_v0.10\WM\EWARM\IAR_WM_v0.10\Obj\stm32f1xx_hal_uart.o"
#        "D:\YADisk\#1_work\Автомойка
#        самообслуживания\WM_v0.10\WM\EWARM\IAR_WM_v0.10\Obj\stm32f1xx_hal_wwdg.o"
#        "D:\YADisk\#1_work\Автомойка
#        самообслуживания\WM_v0.10\WM\EWARM\IAR_WM_v0.10\Obj\stm32f1xx_it.o"
#        "D:\YADisk\#1_work\Автомойка
#        самообслуживания\WM_v0.10\WM\EWARM\IAR_WM_v0.10\Obj\system_stm32f1xx.o"
#        "D:\YADisk\#1_work\Автомойка
#        самообслуживания\WM_v0.10\WM\EWARM\IAR_WM_v0.10\Obj\timeMgmnt.o"
#        "D:\YADisk\#1_work\Автомойка
#        самообслуживания\WM_v0.10\WM\EWARM\IAR_WM_v0.10\Obj\tm_stm32_hd44780.o"
#        "D:\YADisk\#1_work\Автомойка
#        самообслуживания\WM_v0.10\WM\EWARM\IAR_WM_v0.10\Obj\uartDataExchMgmnt.o"
#        --redirect _Printf=_PrintfFull --redirect _Scanf=_ScanfFull -o
#        "D:\YADisk\#1_work\Автомойка
#        самообслуживания\WM_v0.10\WM\EWARM\IAR_WM_v0.10\Exe\IAR_WM_v0.10.out"
#        --map "D:\YADisk\#1_work\Автомойка
#        самообслуживания\WM_v0.10\WM\EWARM\IAR_WM_v0.10\List\IAR_WM_v0.10.map"
#        --config "D:\YADisk\#1_work\Автомойка
#        самообслуживания\WM_v0.10\WM\EWARM/stm32f103xb_flash.icf"
#        --semihosting --entry __iar_program_start --vfe
#
###############################################################################

*******************************************************************************
*** RUNTIME MODEL ATTRIBUTES
***

CppFlavor                     = *
__Heap_Handler                = Basic
__SystemLibrary               = DLib
__dlib_dynamic_initialization = normal


*******************************************************************************
*** PLACEMENT SUMMARY
***

"A0":  place at 0x08000000 { ro section .intvec };
"P1":  place in [from 0x08000000 to 0x0801ffff] { ro };
"P2":  place in [from 0x20000000 to 0x20004fff] { rw, block CSTACK, block HEAP };
initialize by copy { rw };

  Section             Kind        Address    Size  Object
  -------             ----        -------    ----  ------
"A0":                                        0xec
  .intvec             ro code  0x08000000    0xec  startup_stm32f103xb.o [1]
                             - 0x080000ec    0xec

"P1":                                      0x8640
  .text               ro code  0x080000ec  0x1398  main.o [1]
  .text               ro code  0x08001484   0xb38  portsMgmnt.o [1]
  .text               ro code  0x08001fbc    0x34  Delay.o [1]
  .text               ro code  0x08001ff0   0x23c  stm32f1xx_hal_gpio.o [1]
  .text               ro code  0x0800222c    0xd8  timeMgmnt.o [1]
  .text               ro code  0x08002304   0x9b8  tm_stm32_hd44780.o [1]
  .text               ro code  0x08002cbc    0x32  I32ToFlt.o [4]
  .text               ro code  0x08002cee     0xa  xsprout.o [3]
  .text               ro code  0x08002cf8    0x4e  FltToDbl.o [4]
  .rodata             const    0x08002d46     0x2  stm32f1xx_hal_rcc.o [1]
  .text               ro code  0x08002d48   0x1a2  DblMul.o [4]
  .rodata             const    0x08002eea     0x2  stm32f1xx_hal_rcc_ex.o [1]
  .text               ro code  0x08002eec   0x256  DblDiv.o [4]
  .rodata             const    0x08003142     0x2  tm_stm32_hd44780.o [1]
  .text               ro code  0x08003144    0x58  DblToI32.o [4]
  .text               ro code  0x0800319c    0x24  FltToU32.o [4]
  .text               ro code  0x080031c0   0x510  stm32f1xx_hal_adc_ex.o [1]
  .text               ro code  0x080036d0   0x180  DblSub.o [4]
  .text               ro code  0x08003850    0xe8  DblAdd.o [4]
  .text               ro code  0x08003938    0x48  stm32f1xx_hal.o [1]
  .text               ro code  0x08003980   0x3d2  stm32f1xx_hal_tim.o [1]
  .text               ro code  0x08003d54   0x8f8  uartDataExchMgmnt.o [1]
  .text               ro code  0x0800464c    0x5c  stm32f1xx_hal_iwdg.o [1]
  .text               ro code  0x080046a8    0x58  stm32f1xx_hal_wwdg.o [1]
  .text               ro code  0x08004700    0x30  I32ToDbl.o [4]
  .text               ro code  0x08004730    0x90  DblToFlt.o [4]
  .text               ro code  0x080047c0    0x44  FltToS32.o [4]
  .text               ro code  0x08004804   0x6d4  stm32f1xx_hal_rcc.o [1]
  .text               ro code  0x08004ed8   0x218  stm32f1xx_hal_rcc_ex.o [1]
  .text               ro code  0x080050f0   0x14e  stm32f1xx_hal_cortex.o [1]
  .text               ro code  0x08005240   0x34c  stm32f1xx_hal_adc.o [1]
  .text               ro code  0x0800558c   0x154  stm32f1xx_hal_can.o [1]
  .text               ro code  0x080056e0    0x24  stm32f1xx_hal_crc.o [1]
  .text               ro code  0x08005704    0x8a  stm32f1xx_hal_spi_ex.o [1]
  .text               ro code  0x08005790    0x5a  stm32f1xx_hal_tim_ex.o [1]
  .text               ro code  0x080057ec   0x5bc  stm32f1xx_hal_uart.o [1]
  .text               ro code  0x08005da8     0x8  abs.o [3]
  .text               ro code  0x08005db0    0x76  ABImemcpy_unaligned.o [5]
  .text               ro code  0x08005e28     0xc  stm32f1xx_hal.o [1]
  .text               ro code  0x08005e34    0x28  stm32f1xx_hal.o [1]
  .text               ro code  0x08005e5c   0x34c  stm32f1xx_hal_msp.o [1]
  .text               ro code  0x080061a8     0x2  stm32f1xx_hal_tim.o [1]
  .text               ro code  0x080061aa     0x2  stm32f1xx_hal_tim.o [1]
  .text               ro code  0x080061ac     0x2  stm32f1xx_hal_tim.o [1]
  .text               ro code  0x080061ae     0x2  stm32f1xx_hal_tim.o [1]
  .text               ro code  0x080061b0     0x2  stm32f1xx_hal_tim_ex.o [1]
  .text               ro code  0x080061b2     0x2  stm32f1xx_hal_tim.o [1]
  .text               ro code  0x080061b4     0x2  stm32f1xx_hal_tim_ex.o [1]
  .text               ro code  0x080061b8    0x34  sprintf.o [3]
  .text               ro code  0x080061ec     0x6  strtol.o [3]
  .text               ro code  0x080061f4    0x84  FltAdd.o [4]
  .text               ro code  0x08006278    0x38  uartDataExchMgmnt.o [1]
  .text               ro code  0x080062b0    0x2c  uartDataExchMgmnt.o [1]
  .text               ro code  0x080062dc   0x100  stm32f1xx_hal_dma.o [1]
  .text               ro code  0x080063dc     0x2  stm32f1xx_hal_uart.o [1]
  .text               ro code  0x080063de     0x2  stm32f1xx_hal_uart.o [1]
  .text               ro code  0x080063e0     0x2  stm32f1xx_hal_uart.o [1]
  .text               ro code  0x080063e4  0x119a  xprintffull.o [3]
  .text               ro code  0x0800757e    0x88  xstol.o [3]
  .text               ro code  0x08007608    0xd6  FltSub.o [4]
  .text               ro code  0x080076e0    0x66  ABImemset.o [5]
  .text               ro code  0x08007746    0x20  xmbtowc.o [3]
  .text               ro code  0x08007768    0x16  strchr.o [5]
  .text               ro code  0x08007780    0x36  strlen.o [5]
  .text               ro code  0x080077b8    0x58  memchr.o [5]
  .text               ro code  0x08007810     0xa  xmbcurmax.o [3]
  .text               ro code  0x0800781c    0xb0  xxmemxmalloc.o [3]
  .text               ro code  0x080078cc    0x1a  xwctomb.o [3]
  .text               ro code  0x080078e8    0x80  xxmemxfree.o [3]
  .text               ro code  0x08007968    0xee  I64DivMod.o [5]
  .text               ro code  0x08007a56    0x44  xdnorm.o [4]
  .text               ro code  0x08007a9c    0x2e  DblCmpLe.o [4]
  .text               ro code  0x08007acc    0x2e  DblCmpGe.o [4]
  .text               ro code  0x08007afc   0x10c  xdscale.o [4]
  .text               ro code  0x08007c08    0x6c  localeconv.o [3]
  .text               ro code  0x08007c74     0xe  div.o [3]
  .text               ro code  0x08007c82    0x14  isxxx.o [3]
  .text               ro code  0x08007c98   0x194  xstoul.o [3]
  .text               ro code  0x08007e2c     0xc  errno.o [3]
  .text               ro code  0x08007e38    0x24  setlocale.o [3]
  .text               ro code  0x08007e5c    0x60  xencoding_sb.o [3]
  .text               ro code  0x08007ebc    0x2c  xgetmemchunk.o [3]
  .text               ro code  0x08007ee8     0x2  I64DivZer.o [5]
  .text               ro code  0x08007eea     0x2  xtls.o [3]
  .text               ro code  0x08007eec    0x14  xlocale_c.o [3]
  .text               ro code  0x08007f00    0x14  tolower.o [3]
  .text               ro code  0x08007f14     0xc  xlocale_c.o [3]
  .text               ro code  0x08007f20   0x374  stm32f1xx_it.o [1]
  .text               ro code  0x08008294    0x10  stm32f1xx_hal.o [1]
  .text               ro code  0x080082a4    0xf8  moneyAcceptMgmnt.o [1]
  .text               ro code  0x0800839c    0x68  system_stm32f1xx.o [1]
  .rodata             const    0x08008404    0x44  main.o [1]
  .text               ro code  0x08008448    0x40  zero_init3.o [5]
  .text               ro code  0x08008488    0x38  packbits_init_single.o [5]
  .text               ro code  0x080084c0    0x28  data_init.o [5]
  .iar.init_table     const    0x080084e8    0x20  - Linker created -
  .text               ro code  0x08008508    0x1a  cmain.o [5]
  .text               ro code  0x08008522     0x4  low_level_init.o [3]
  .text               ro code  0x08008526     0x4  exit.o [3]
  .text               ro code  0x0800852c     0xa  cexit.o [5]
  .text               ro code  0x08008538    0x14  exit.o [6]
  .rodata             const    0x0800854c    0x14  tm_stm32_hd44780.o [1]
  .rodata             const    0x08008560    0x14  tm_stm32_hd44780.o [1]
  .rodata             const    0x08008574    0x14  tm_stm32_hd44780.o [1]
  .rodata             const    0x08008588    0x14  tm_stm32_hd44780.o [1]
  .rodata             const    0x0800859c    0x14  tm_stm32_hd44780.o [1]
  .rodata             const    0x080085b0    0x14  tm_stm32_hd44780.o [1]
  .rodata             const    0x080085c4    0x14  tm_stm32_hd44780.o [1]
  .rodata             const    0x080085d8    0x14  tm_stm32_hd44780.o [1]
  .rodata             const    0x080085ec    0x14  tm_stm32_hd44780.o [1]
  .rodata             const    0x08008600    0x10  stm32f1xx_hal_rcc.o [1]
  .rodata             const    0x08008610    0x10  stm32f1xx_hal_rcc_ex.o [1]
  .rodata             const    0x08008620    0x10  system_stm32f1xx.o [1]
  .text               ro code  0x08008630    0x10  startup_stm32f103xb.o [1]
  .text               ro code  0x08008640     0xc  cstartup_M.o [5]
  .rodata             const    0x0800864c     0x8  system_stm32f1xx.o [1]
  .rodata             const    0x08008654     0x8  tm_stm32_hd44780.o [1]
  .rodata             const    0x0800865c     0x8  tm_stm32_hd44780.o [1]
  .rodata             const    0x08008664     0x8  tm_stm32_hd44780.o [1]
  .rodata             const    0x0800866c     0x8  uartDataExchMgmnt.o [1]
  .rodata             const    0x08008674     0x8  uartDataExchMgmnt.o [1]
  .rodata             const    0x0800867c     0x4  tm_stm32_hd44780.o [1]
  .rodata             const    0x08008680     0x4  tm_stm32_hd44780.o [1]
  .text               ro code  0x08008684     0x4  startup_stm32f103xb.o [1]
  .text               ro code  0x08008688     0x4  startup_stm32f103xb.o [1]
  .text               ro code  0x0800868c     0x4  startup_stm32f103xb.o [1]
  .text               ro code  0x08008690     0x4  startup_stm32f103xb.o [1]
  .text               ro code  0x08008694     0x4  startup_stm32f103xb.o [1]
  .text               ro code  0x08008698     0x4  startup_stm32f103xb.o [1]
  .text               ro code  0x0800869c     0x4  startup_stm32f103xb.o [1]
  .text               ro code  0x080086a0     0x4  startup_stm32f103xb.o [1]
  .text               ro code  0x080086a4     0x4  startup_stm32f103xb.o [1]
  .text               ro code  0x080086a8     0x4  startup_stm32f103xb.o [1]
  .text               ro code  0x080086ac     0x4  startup_stm32f103xb.o [1]
  .text               ro code  0x080086b0     0x4  startup_stm32f103xb.o [1]
  .text               ro code  0x080086b4     0x4  startup_stm32f103xb.o [1]
  .text               ro code  0x080086b8     0x4  startup_stm32f103xb.o [1]
  .text               ro code  0x080086bc     0x4  startup_stm32f103xb.o [1]
  .text               ro code  0x080086c0     0x4  startup_stm32f103xb.o [1]
  .text               ro code  0x080086c4     0x4  startup_stm32f103xb.o [1]
  .text               ro code  0x080086c8     0x4  startup_stm32f103xb.o [1]
  .text               ro code  0x080086cc     0x4  startup_stm32f103xb.o [1]
  .text               ro code  0x080086d0     0x4  startup_stm32f103xb.o [1]
  .text               ro code  0x080086d4     0x4  startup_stm32f103xb.o [1]
  .text               ro code  0x080086d8     0x4  startup_stm32f103xb.o [1]
  .text               ro code  0x080086dc     0x4  startup_stm32f103xb.o [1]
  .text               ro code  0x080086e0     0x4  startup_stm32f103xb.o [1]
  .text               ro code  0x080086e4     0x4  startup_stm32f103xb.o [1]
  .text               ro code  0x080086e8     0x4  startup_stm32f103xb.o [1]
  .text               ro code  0x080086ec     0x4  startup_stm32f103xb.o [1]
  .text               ro code  0x080086f0     0x4  startup_stm32f103xb.o [1]
  .text               ro code  0x080086f4     0x4  startup_stm32f103xb.o [1]
  .text               ro code  0x080086f8     0x4  startup_stm32f103xb.o [1]
  .text               ro code  0x080086fc     0x4  startup_stm32f103xb.o [1]
  .text               ro code  0x08008700     0x4  startup_stm32f103xb.o [1]
  .text               ro code  0x08008704     0x4  startup_stm32f103xb.o [1]
  .rodata             const    0x08008708     0x0  zero_init3.o [5]
  .rodata             const    0x08008708     0x0  packbits_init_single.o [5]
  Initializer bytes   const    0x08008708    0x24  <for P2-1>
                             - 0x0800872c  0x8640

"P2", part 1 of 3:                          0x117
  P2-1                         0x20000000   0x117  <Init block>
    .data             inited   0x20000000     0x4  main.o [1]
    .data             inited   0x20000004     0x4  main.o [1]
    .data             inited   0x20000008     0x4  main.o [1]
    .data             inited   0x2000000c     0x4  system_stm32f1xx.o [1]
    __DLIB_PERTHREAD  inited   0x20000010    0x88  localeconv.o [3]
    __DLIB_PERTHREAD  inited   0x20000098     0x4  errno.o [3]
    __DLIB_PERTHREAD  inited   0x2000009c    0x74  setlocale.o [3]
    .data             inited   0x20000110     0x1  main.o [1]
    .data             inited   0x20000111     0x1  main.o [1]
    .data             inited   0x20000112     0x1  main.o [1]
    .data             inited   0x20000113     0x1  main.o [1]
    .data             inited   0x20000114     0x1  portsMgmnt.o [1]
    .data             inited   0x20000115     0x1  portsMgmnt.o [1]
    .data             inited   0x20000116     0x1  uartDataExchMgmnt.o [1]
                             - 0x20000117   0x117

"P2", part 2 of 3:                          0x600
  CSTACK                       0x20000118   0x400  <Block>
    CSTACK            uninit   0x20000118   0x400  <Block tail>
  HEAP                         0x20000518   0x200  <Block>
    HEAP              uninit   0x20000518   0x200  <Block tail>
                             - 0x20000718   0x600

"P2", part 3 of 3:                          0x6ac
  .bss                zero     0x20000718   0x100  uartDataExchMgmnt.o [1]
  .bss                zero     0x20000818   0x100  uartDataExchMgmnt.o [1]
  .bss                zero     0x20000918   0x100  uartDataExchMgmnt.o [1]
  .bss                zero     0x20000a18    0x58  main.o [1]
  .bss                zero     0x20000a70    0x48  main.o [1]
  .bss                zero     0x20000ab8    0x44  main.o [1]
  .bss                zero     0x20000afc    0x40  main.o [1]
  .bss                zero     0x20000b3c    0x40  main.o [1]
  .bss                zero     0x20000b7c    0x40  main.o [1]
  .bss                zero     0x20000bbc    0x40  main.o [1]
  .bss                zero     0x20000bfc    0x30  main.o [1]
  .bss                zero     0x20000c2c    0x20  main.o [1]
  .bss                zero     0x20000c4c    0x14  main.o [1]
  .bss                zero     0x20000c60    0x14  main.o [1]
  .bss                zero     0x20000c74    0x10  portsMgmnt.o [1]
  .bss                zero     0x20000c84    0x10  portsMgmnt.o [1]
  .bss                zero     0x20000c94    0x10  portsMgmnt.o [1]
  .bss                zero     0x20000ca4     0xc  main.o [1]
  .bss                zero     0x20000cb0     0xc  main.o [1]
  .bss                zero     0x20000cbc     0xc  portsMgmnt.o [1]
  .bss                zero     0x20000cc8     0xc  portsMgmnt.o [1]
  .bss                zero     0x20000cd4     0x8  main.o [1]
  .bss                zero     0x20000cdc     0x8  main.o [1]
  .bss                zero     0x20000ce4     0x8  main.o [1]
  .bss                zero     0x20000cec     0x8  main.o [1]
  .bss                zero     0x20000cf4     0x8  main.o [1]
  .bss                zero     0x20000cfc     0x8  moneyAcceptMgmnt.o [1]
  .bss                zero     0x20000d04     0x8  moneyAcceptMgmnt.o [1]
  .bss                zero     0x20000d0c     0x8  portsMgmnt.o [1]
  .bss                zero     0x20000d14     0x8  portsMgmnt.o [1]
  .bss                zero     0x20000d1c     0x8  portsMgmnt.o [1]
  .bss                zero     0x20000d24     0x8  portsMgmnt.o [1]
  .bss                zero     0x20000d2c     0x8  portsMgmnt.o [1]
  .bss                zero     0x20000d34     0x8  portsMgmnt.o [1]
  .bss                zero     0x20000d3c     0x8  portsMgmnt.o [1]
  .bss                zero     0x20000d44     0x8  portsMgmnt.o [1]
  .bss                zero     0x20000d4c     0x8  portsMgmnt.o [1]
  .bss                zero     0x20000d54     0x8  timeMgmnt.o [1]
  .bss                zero     0x20000d5c     0x8  tm_stm32_hd44780.o [1]
  .bss                zero     0x20000d64     0x8  xxmemxmalloc.o [3]
  .bss                zero     0x20000d6c     0x4  main.o [1]
  .bss                zero     0x20000d70     0x4  main.o [1]
  .bss                zero     0x20000d74     0x4  portsMgmnt.o [1]
  .bss                zero     0x20000d78     0x4  portsMgmnt.o [1]
  .bss                zero     0x20000d7c     0x4  portsMgmnt.o [1]
  .bss                zero     0x20000d80     0x4  portsMgmnt.o [1]
  .bss                zero     0x20000d84     0x4  portsMgmnt.o [1]
  .bss                zero     0x20000d88     0x4  stm32f1xx_hal.o [1]
  .bss                zero     0x20000d8c     0x4  xgetmemchunk.o [3]
  .bss                zero     0x20000d90     0x2  portsMgmnt.o [1]
  .bss                zero     0x20000d92     0x2  portsMgmnt.o [1]
  .bss                zero     0x20000d94     0x2  portsMgmnt.o [1]
  .bss                zero     0x20000d96     0x2  portsMgmnt.o [1]
  .bss                zero     0x20000d98     0x2  portsMgmnt.o [1]
  .bss                zero     0x20000d9a     0x2  portsMgmnt.o [1]
  .bss                zero     0x20000d9c     0x2  portsMgmnt.o [1]
  .bss                zero     0x20000d9e     0x2  portsMgmnt.o [1]
  .bss                zero     0x20000da0     0x2  portsMgmnt.o [1]
  .bss                zero     0x20000da2     0x2  portsMgmnt.o [1]
  .bss                zero     0x20000da4     0x2  portsMgmnt.o [1]
  .bss                zero     0x20000da6     0x2  portsMgmnt.o [1]
  .bss                zero     0x20000da8     0x2  stm32f1xx_it.o [1]
  .bss                zero     0x20000daa     0x1  main.o [1]
  .bss                zero     0x20000dab     0x1  moneyAcceptMgmnt.o [1]
  .bss                zero     0x20000dac     0x1  moneyAcceptMgmnt.o [1]
  .bss                zero     0x20000dad     0x1  portsMgmnt.o [1]
  .bss                zero     0x20000dae     0x1  portsMgmnt.o [1]
  .bss                zero     0x20000daf     0x1  portsMgmnt.o [1]
  .bss                zero     0x20000db0     0x1  portsMgmnt.o [1]
  .bss                zero     0x20000db1     0x1  portsMgmnt.o [1]
  .bss                zero     0x20000db2     0x1  portsMgmnt.o [1]
  .bss                zero     0x20000db3     0x1  portsMgmnt.o [1]
  .bss                zero     0x20000db4     0x1  portsMgmnt.o [1]
  .bss                zero     0x20000db5     0x1  portsMgmnt.o [1]
  .bss                zero     0x20000db6     0x1  portsMgmnt.o [1]
  .bss                zero     0x20000db7     0x1  portsMgmnt.o [1]
  .bss                zero     0x20000db8     0x1  portsMgmnt.o [1]
  .bss                zero     0x20000db9     0x1  portsMgmnt.o [1]
  .bss                zero     0x20000dba     0x1  portsMgmnt.o [1]
  .bss                zero     0x20000dbb     0x1  portsMgmnt.o [1]
  .bss                zero     0x20000dbc     0x1  portsMgmnt.o [1]
  .bss                zero     0x20000dbd     0x1  portsMgmnt.o [1]
  .bss                zero     0x20000dbe     0x1  portsMgmnt.o [1]
  .bss                zero     0x20000dbf     0x1  stm32f1xx_it.o [1]
  .bss                zero     0x20000dc0     0x1  uartDataExchMgmnt.o [1]
                             - 0x20000dc1   0x6a9


*******************************************************************************
*** INIT TABLE
***

          Address     Size
          -------     ----
Zero (__iar_zero_init3)
    1 destination range, total size 0x6a9:
          0x20000718  0x6a9

Copy/packbits (__iar_packbits_init_single3)
    1 source range, total size 0x24 (12% of destination):
          0x08008708   0x24
    1 destination range, total size 0x117:
          0x20000000  0x117



*******************************************************************************
*** MODULE SUMMARY
***

    Module                  ro code  ro data  rw data
    ------                  -------  -------  -------
D:\YADisk\#1_work\Автомойка самообслуживания\WM_v0.10\WM\EWARM\IAR_WM_v0.10\Obj: [1]
    Delay.o                      52
    main.o                    5 016       69      693
    moneyAcceptMgmnt.o          248                18
    portsMgmnt.o              2 872               208
    startup_stm32f103xb.o       384
    stm32f1xx_hal.o             140                 4
    stm32f1xx_hal_adc.o         844
    stm32f1xx_hal_adc_ex.o    1 296
    stm32f1xx_hal_can.o         340
    stm32f1xx_hal_cortex.o      334
    stm32f1xx_hal_crc.o          36
    stm32f1xx_hal_dma.o         256
    stm32f1xx_hal_gpio.o        572
    stm32f1xx_hal_iwdg.o         92
    stm32f1xx_hal_msp.o         844
    stm32f1xx_hal_rcc.o       1 748       18
    stm32f1xx_hal_rcc_ex.o      536       18
    stm32f1xx_hal_spi_ex.o      138
    stm32f1xx_hal_tim.o         988
    stm32f1xx_hal_tim_ex.o       94
    stm32f1xx_hal_uart.o      1 474
    stm32f1xx_hal_wwdg.o         88
    stm32f1xx_it.o              884                 3
    system_stm32f1xx.o          104       25        4
    timeMgmnt.o                 216                 8
    tm_stm32_hd44780.o        2 488      214        8
    uartDataExchMgmnt.o       2 396       17      770
    -------------------------------------------------
    Total:                   24 480      361    1 716

command line: [2]
    -------------------------------------------------
    Total:

dl7M_tlf.a: [3]
    abs.o                         8
    div.o                        14
    errno.o                      12        1        4
    exit.o                        4
    isxxx.o                      20
    localeconv.o                108       17      136
    low_level_init.o              4
    setlocale.o                  36       15      116
    sprintf.o                    52
    strtol.o                      6
    tolower.o                    20
    xencoding_sb.o               96
    xgetmemchunk.o               44                 4
    xlocale_c.o                  32
    xmbcurmax.o                  10
    xmbtowc.o                    32
    xprintffull.o             4 506
    xsprout.o                    10
    xstol.o                     136
    xstoul.o                    404
    xtls.o                        2
    xwctomb.o                    26
    xxmemxfree.o                128
    xxmemxmalloc.o              176                 8
    -------------------------------------------------
    Total:                    5 886       33      268

m7M_tl.a: [4]
    DblAdd.o                    232
    DblCmpGe.o                   46
    DblCmpLe.o                   46
    DblDiv.o                    598
    DblMul.o                    418
    DblSub.o                    384
    DblToFlt.o                  144
    DblToI32.o                   88
    FltAdd.o                    132
    FltSub.o                    214
    FltToDbl.o                   78
    FltToS32.o                   68
    FltToU32.o                   36
    I32ToDbl.o                   48
    I32ToFlt.o                   50
    xdnorm.o                     68
    xdscale.o                   268
    -------------------------------------------------
    Total:                    2 918

rt7M_tl.a: [5]
    ABImemcpy_unaligned.o       118
    ABImemset.o                 102
    I64DivMod.o                 238
    I64DivZer.o                   2
    cexit.o                      10
    cmain.o                      26
    cstartup_M.o                 12
    data_init.o                  40
    memchr.o                     88
    packbits_init_single.o       56
    strchr.o                     22
    strlen.o                     54
    zero_init3.o                 64
    -------------------------------------------------
    Total:                      832

shb_l.a: [6]
    exit.o                       20
    -------------------------------------------------
    Total:                       20

    Gaps                         42
    Linker created                        32    1 536
-----------------------------------------------------
    Grand Total:             34 178      426    3 520


*******************************************************************************
*** ENTRY LIST
***

Entry                      Address   Size  Type      Object
-----                      -------   ----  ----      ------
.iar.init_table$$Base   0x080084e8          --   Gb  - Linker created -
.iar.init_table$$Limit  0x08008508          --   Gb  - Linker created -
?main                   0x08008509         Code  Gb  cmain.o [5]
ADCMgmnt                0x08000677  0x104  Code  Gb  main.o [1]
ADC_ConversionStop_Disable
                        0x08005541   0x4a  Code  Gb  stm32f1xx_hal_adc.o [1]
ADC_Enable              0x080054bf   0x6e  Code  Gb  stm32f1xx_hal_adc.o [1]
AHBPrescTable           0x08008620   0x10  Data  Gb  system_stm32f1xx.o [1]
APBPrescTable           0x0800864c    0x8  Data  Gb  system_stm32f1xx.o [1]
BusFault_Handler        0x08007f4f    0x8  Code  Gb  stm32f1xx_it.o [1]
CSTACK$$Base            0x20000118          --   Gb  - Linker created -
CSTACK$$Limit           0x20000518          --   Gb  - Linker created -
DebugMon_Handler        0x08007f61    0x2  Code  Gb  stm32f1xx_it.o [1]
EXTI0_IRQHandler        0x08007f7f    0xa  Code  Gb  stm32f1xx_it.o [1]
EXTI15_10_IRQHandler    0x08008261   0x34  Code  Gb  stm32f1xx_it.o [1]
EXTI1_IRQHandler        0x08007f89    0xa  Code  Gb  stm32f1xx_it.o [1]
EXTI2_IRQHandler        0x08007f93    0xa  Code  Gb  stm32f1xx_it.o [1]
EXTI3_IRQHandler        0x08007f9d    0xa  Code  Gb  stm32f1xx_it.o [1]
EXTI4_IRQHandler        0x08007fa7    0xa  Code  Gb  stm32f1xx_it.o [1]
EXTI9_5_IRQHandler      0x08007fb1   0x26  Code  Gb  stm32f1xx_it.o [1]
HAL_ADCEx_InjectedConfigChannel
                        0x08003473  0x22c  Code  Gb  stm32f1xx_hal_adc_ex.o [1]
HAL_ADCEx_InjectedGetValue
                        0x08003449   0x2a  Code  Gb  stm32f1xx_hal_adc_ex.o [1]
HAL_ADCEx_InjectedPollForConversion
                        0x080032f5  0x154  Code  Gb  stm32f1xx_hal_adc_ex.o [1]
HAL_ADCEx_InjectedStart
                        0x080031c1   0xe0  Code  Gb  stm32f1xx_hal_adc_ex.o [1]
HAL_ADCEx_InjectedStop  0x080032a1   0x54  Code  Gb  stm32f1xx_hal_adc_ex.o [1]
HAL_ADC_ConfigChannel   0x08005377  0x148  Code  Gb  stm32f1xx_hal_adc.o [1]
HAL_ADC_Init            0x08005241  0x136  Code  Gb  stm32f1xx_hal_adc.o [1]
HAL_ADC_MspInit         0x08005ef9   0x42  Code  Gb  stm32f1xx_hal_msp.o [1]
HAL_CAN_Init            0x0800558d  0x154  Code  Gb  stm32f1xx_hal_can.o [1]
HAL_CAN_MspInit         0x08005f3b   0x54  Code  Gb  stm32f1xx_hal_msp.o [1]
HAL_CRC_Init            0x080056e1   0x24  Code  Gb  stm32f1xx_hal_crc.o [1]
HAL_CRC_MspInit         0x08005f8f   0x26  Code  Gb  stm32f1xx_hal_msp.o [1]
HAL_DMA_Abort           0x080062dd   0x36  Code  Gb  stm32f1xx_hal_dma.o [1]
HAL_DMA_Abort_IT        0x08006313   0xae  Code  Gb  stm32f1xx_hal_dma.o [1]
HAL_GPIO_EXTI_Callback  0x08001d1b  0x1b4  Code  Gb  portsMgmnt.o [1]
HAL_GPIO_EXTI_Callback::c1
                        0x20000d92    0x2  Data  Lc  portsMgmnt.o [1]
HAL_GPIO_EXTI_Callback::c10
                        0x20000da4    0x2  Data  Lc  portsMgmnt.o [1]
HAL_GPIO_EXTI_Callback::c11
                        0x20000da6    0x2  Data  Lc  portsMgmnt.o [1]
HAL_GPIO_EXTI_Callback::c2
                        0x20000d94    0x2  Data  Lc  portsMgmnt.o [1]
HAL_GPIO_EXTI_Callback::c3
                        0x20000d96    0x2  Data  Lc  portsMgmnt.o [1]
HAL_GPIO_EXTI_Callback::c4
                        0x20000d98    0x2  Data  Lc  portsMgmnt.o [1]
HAL_GPIO_EXTI_Callback::c5
                        0x20000d9a    0x2  Data  Lc  portsMgmnt.o [1]
HAL_GPIO_EXTI_Callback::c6
                        0x20000d9c    0x2  Data  Lc  portsMgmnt.o [1]
HAL_GPIO_EXTI_Callback::c7
                        0x20000d9e    0x2  Data  Lc  portsMgmnt.o [1]
HAL_GPIO_EXTI_Callback::c8
                        0x20000da0    0x2  Data  Lc  portsMgmnt.o [1]
HAL_GPIO_EXTI_Callback::c9
                        0x20000da2    0x2  Data  Lc  portsMgmnt.o [1]
HAL_GPIO_EXTI_Callback::lastPinNum
                        0x20000d90    0x2  Data  Lc  portsMgmnt.o [1]
HAL_GPIO_EXTI_Callback{13}{14}{15}{16}::lastTimeButton
                        0x20000d2c    0x8  Data  Lc  portsMgmnt.o [1]
HAL_GPIO_EXTI_Callback{13}{14}{15}{16}{17}{18}::usrBtCnt
                        0x20000dbe    0x1  Data  Lc  portsMgmnt.o [1]
HAL_GPIO_EXTI_Callback{13}{14}{19}{20}::lastTimeButton
                        0x20000d34    0x8  Data  Lc  portsMgmnt.o [1]
HAL_GPIO_EXTI_Callback{13}{14}{22}{23}::lastTimeButton
                        0x20000d3c    0x8  Data  Lc  portsMgmnt.o [1]
HAL_GPIO_EXTI_Callback{13}{14}{25}{26}::lastTimeButton
                        0x20000d44    0x8  Data  Lc  portsMgmnt.o [1]
HAL_GPIO_EXTI_Callback{13}{14}{28}{29}::lastTimeButton
                        0x20000d4c    0x8  Data  Lc  portsMgmnt.o [1]
HAL_GPIO_EXTI_IRQHandler
                        0x080021cd   0x1a  Code  Gb  stm32f1xx_hal_gpio.o [1]
HAL_GPIO_Init           0x08001ff1  0x1b6  Code  Gb  stm32f1xx_hal_gpio.o [1]
HAL_GPIO_ReadPin        0x080021a7   0x12  Code  Gb  stm32f1xx_hal_gpio.o [1]
HAL_GPIO_WritePin       0x080021b9   0x14  Code  Gb  stm32f1xx_hal_gpio.o [1]
HAL_GetTick             0x08005e29    0xc  Code  Wk  stm32f1xx_hal.o [1]
HAL_GetUID              0x0800395b   0x14  Code  Gb  stm32f1xx_hal.o [1]
HAL_IWDG_Init           0x0800464d   0x50  Code  Gb  stm32f1xx_hal_iwdg.o [1]
HAL_IWDG_Refresh        0x0800469d    0xc  Code  Gb  stm32f1xx_hal_iwdg.o [1]
HAL_IncTick             0x08008295   0x10  Code  Wk  stm32f1xx_hal.o [1]
HAL_Init                0x08003939   0x22  Code  Gb  stm32f1xx_hal.o [1]
HAL_InitTick            0x08005e35   0x28  Code  Wk  stm32f1xx_hal.o [1]
HAL_MspInit             0x08005e5d   0x9c  Code  Gb  stm32f1xx_hal_msp.o [1]
HAL_NVIC_EnableIRQ      0x080051e3    0xa  Code  Gb  stm32f1xx_hal_cortex.o [1]
HAL_NVIC_SetPriority    0x080051c1   0x22  Code  Gb  stm32f1xx_hal_cortex.o [1]
HAL_NVIC_SetPriorityGrouping
                        0x080051b9    0x8  Code  Gb  stm32f1xx_hal_cortex.o [1]
HAL_RCCEx_GetPeriphCLKFreq
                        0x08004fe1   0xe2  Code  Gb  stm32f1xx_hal_rcc_ex.o [1]
HAL_RCCEx_PeriphCLKConfig
                        0x08004ed9  0x108  Code  Gb  stm32f1xx_hal_rcc_ex.o [1]
HAL_RCC_ClockConfig     0x08004c57  0x180  Code  Gb  stm32f1xx_hal_rcc.o [1]
HAL_RCC_GetHCLKFreq     0x08004e3d    0x6  Code  Gb  stm32f1xx_hal_rcc.o [1]
HAL_RCC_GetPCLK1Freq    0x08004e43   0x16  Code  Gb  stm32f1xx_hal_rcc.o [1]
HAL_RCC_GetPCLK2Freq    0x08004e59   0x16  Code  Gb  stm32f1xx_hal_rcc.o [1]
HAL_RCC_GetSysClockFreq
                        0x08004dd7   0x66  Code  Gb  stm32f1xx_hal_rcc.o [1]
HAL_RCC_OscConfig       0x08004805  0x452  Code  Gb  stm32f1xx_hal_rcc.o [1]
HAL_SPI_Init            0x08005705   0x8a  Code  Gb  stm32f1xx_hal_spi_ex.o [1]
HAL_SPI_MspInit         0x08005fb5   0x54  Code  Gb  stm32f1xx_hal_msp.o [1]
HAL_SYSTICK_CLKSourceConfig
                        0x080051f5   0x20  Code  Gb  stm32f1xx_hal_cortex.o [1]
HAL_SYSTICK_Callback    0x0800523d    0x2  Code  Wk  stm32f1xx_hal_cortex.o [1]
HAL_SYSTICK_Config      0x080051ed    0x8  Code  Gb  stm32f1xx_hal_cortex.o [1]
HAL_SYSTICK_IRQHandler  0x08005235    0x8  Code  Gb  stm32f1xx_hal_cortex.o [1]
HAL_TIMEx_BreakCallback
                        0x080061b1    0x2  Code  Wk  stm32f1xx_hal_tim_ex.o [1]
HAL_TIMEx_CommutationCallback
                        0x080061b5    0x2  Code  Wk  stm32f1xx_hal_tim_ex.o [1]
HAL_TIMEx_MasterConfigSynchronization
                        0x08005791   0x58  Code  Gb  stm32f1xx_hal_tim_ex.o [1]
HAL_TIM_Base_Init       0x08003981   0x38  Code  Gb  stm32f1xx_hal_tim.o [1]
HAL_TIM_Base_MspInit    0x08006009   0x34  Code  Gb  stm32f1xx_hal_msp.o [1]
HAL_TIM_Base_Start_IT   0x080039b9   0x1c  Code  Gb  stm32f1xx_hal_tim.o [1]
HAL_TIM_ConfigClockSource
                        0x08003b4b  0x118  Code  Gb  stm32f1xx_hal_tim.o [1]
HAL_TIM_IC_CaptureCallback
                        0x080061a9    0x2  Code  Wk  stm32f1xx_hal_tim.o [1]
HAL_TIM_IRQHandler      0x080039d5  0x176  Code  Gb  stm32f1xx_hal_tim.o [1]
HAL_TIM_OC_DelayElapsedCallback
                        0x080061ab    0x2  Code  Wk  stm32f1xx_hal_tim.o [1]
HAL_TIM_PWM_PulseFinishedCallback
                        0x080061ad    0x2  Code  Wk  stm32f1xx_hal_tim.o [1]
HAL_TIM_PeriodElapsedCallback
                        0x080061af    0x2  Code  Wk  stm32f1xx_hal_tim.o [1]
HAL_TIM_TriggerCallback
                        0x080061b3    0x2  Code  Wk  stm32f1xx_hal_tim.o [1]
HAL_UART_AbortReceive   0x0800591f   0x50  Code  Gb  stm32f1xx_hal_uart.o [1]
HAL_UART_ErrorCallback  0x080063dd    0x2  Code  Wk  stm32f1xx_hal_uart.o [1]
HAL_UART_IRQHandler     0x0800596f  0x134  Code  Gb  stm32f1xx_hal_uart.o [1]
HAL_UART_Init           0x080057ed   0x76  Code  Gb  stm32f1xx_hal_uart.o [1]
HAL_UART_MspInit        0x0800603d   0xfc  Code  Gb  stm32f1xx_hal_msp.o [1]
HAL_UART_Receive_IT     0x080058b5   0x6a  Code  Gb  stm32f1xx_hal_uart.o [1]
HAL_UART_RxCpltCallback
                        0x080063e1    0x2  Code  Wk  stm32f1xx_hal_uart.o [1]
HAL_UART_Transmit_IT    0x08005863   0x52  Code  Gb  stm32f1xx_hal_uart.o [1]
HAL_UART_TxCpltCallback
                        0x080063df    0x2  Code  Wk  stm32f1xx_hal_uart.o [1]
HAL_WWDG_EarlyWakeupCallback
                        0x08000881    0x8  Code  Gb  main.o [1]
HAL_WWDG_IRQHandler     0x080046e1   0x20  Code  Gb  stm32f1xx_hal_wwdg.o [1]
HAL_WWDG_Init           0x080046a9   0x2e  Code  Gb  stm32f1xx_hal_wwdg.o [1]
HAL_WWDG_MspInit        0x08006139   0x34  Code  Gb  stm32f1xx_hal_msp.o [1]
HAL_WWDG_Refresh        0x080046d7    0xa  Code  Gb  stm32f1xx_hal_wwdg.o [1]
HD44780_Opts            0x20000d5c    0x8  Data  Gb  tm_stm32_hd44780.o [1]
HEAP$$Base              0x20000518          --   Gb  - Linker created -
HEAP$$Limit             0x20000718          --   Gb  - Linker created -
HardFault_Handler       0x08007f3f    0x8  Code  Gb  stm32f1xx_it.o [1]
LoadInt                 0x08006a5b   0x6e  Code  Lc  xprintffull.o [3]
MX_ADC1_Init            0x08000d31  0x12e  Code  Lc  main.o [1]
MX_CAN_Init             0x08000e5f   0x7e  Code  Lc  main.o [1]
MX_CRC_Init             0x08000edd   0x26  Code  Lc  main.o [1]
MX_GPIO_Init            0x080011e5  0x216  Code  Lc  main.o [1]
MX_IWDG_Init            0x08000f09   0x38  Code  Lc  main.o [1]
MX_SPI2_Init            0x08000f41   0x80  Code  Lc  main.o [1]
MX_TIM3_Init            0x08000fd5   0x98  Code  Lc  main.o [1]
MX_USART1_UART_Init     0x08001075   0x5e  Code  Lc  main.o [1]
MX_USART2_UART_Init     0x080010d9   0x4e  Code  Lc  main.o [1]
MX_USART3_UART_Init     0x08001135   0x4a  Code  Lc  main.o [1]
MX_WWDG_Init            0x08001185   0x3a  Code  Lc  main.o [1]
MemManage_Handler       0x08007f47    0x8  Code  Gb  stm32f1xx_it.o [1]
NMI_Handler             0x08007f3d    0x2  Code  Gb  stm32f1xx_it.o [1]
NVIC_EnableIRQ          0x08005117   0x14  Code  Lc  stm32f1xx_hal_cortex.o [1]
NVIC_EncodePriority     0x0800514d   0x3e  Code  Lc  stm32f1xx_hal_cortex.o [1]
NVIC_GetPriorityGrouping
                        0x0800510d    0xa  Code  Lc  stm32f1xx_hal_cortex.o [1]
NVIC_SetPriority        0x0800512b   0x22  Code  Lc  stm32f1xx_hal_cortex.o [1]
NVIC_SetPriorityGrouping
                        0x080050f1   0x1c  Code  Lc  stm32f1xx_hal_cortex.o [1]
NVIC_SystemReset        0x080000ed   0x22  Code  Lc  main.o [1]
NVIC_SystemReset        0x08007f21   0x1c  Code  Lc  stm32f1xx_it.o [1]
PendSV_Handler          0x08007f63    0x2  Code  Gb  stm32f1xx_it.o [1]
RCC_Delay               0x08004e6f   0x24  Code  Lc  stm32f1xx_hal_rcc.o [1]
Region$$Table$$Base     0x080084e8          --   Gb  - Linker created -
Region$$Table$$Limit    0x08008508          --   Gb  - Linker created -
SVC_Handler             0x08007f5f    0x2  Code  Gb  stm32f1xx_it.o [1]
SysTick_Config          0x0800518b   0x2e  Code  Lc  stm32f1xx_hal_cortex.o [1]
SysTick_Handler         0x08007f65    0xc  Code  Gb  stm32f1xx_it.o [1]
SystemClock_Config      0x08000c69   0xb4  Code  Gb  main.o [1]
SystemCoreClock         0x2000000c    0x4  Data  Gb  system_stm32f1xx.o [1]
SystemInit              0x0800839d   0x4e  Code  Gb  system_stm32f1xx.o [1]
TIM3_IRQHandler         0x08007fd7  0x22e  Code  Gb  stm32f1xx_it.o [1]
TIM3_IRQHandler::lastConsumPump
                        0x20000dbf    0x1  Data  Lc  stm32f1xx_it.o [1]
TIM3_IRQHandler::millisCounter
                        0x20000da8    0x2  Data  Lc  stm32f1xx_it.o [1]
TIM_Base_SetConfig      0x08003c63   0x66  Code  Gb  stm32f1xx_hal_tim.o [1]
TIM_ETR_SetConfig       0x08003d3b   0x18  Code  Lc  stm32f1xx_hal_tim.o [1]
TIM_ITRx_SetConfig      0x08003d27   0x14  Code  Lc  stm32f1xx_hal_tim.o [1]
TIM_TI1_ConfigInputStage
                        0x08003cd5   0x28  Code  Lc  stm32f1xx_hal_tim.o [1]
TIM_TI2_ConfigInputStage
                        0x08003cfd   0x2a  Code  Lc  stm32f1xx_hal_tim.o [1]
TM_HD44780_Clear        0x08002405   0x12  Code  Gb  tm_stm32_hd44780.o [1]
TM_HD44780_Cmd          0x080024d7   0x24  Code  Lc  tm_stm32_hd44780.o [1]
TM_HD44780_Cmd4bit      0x0800251f   0xa2  Code  Lc  tm_stm32_hd44780.o [1]
TM_HD44780_CursorSet    0x080025c1   0x3e  Code  Lc  tm_stm32_hd44780.o [1]
TM_HD44780_Data         0x080024fb   0x24  Code  Lc  tm_stm32_hd44780.o [1]
TM_HD44780_DisplayOn    0x080024b3   0x24  Code  Gb  tm_stm32_hd44780.o [1]
TM_HD44780_Init         0x08002305  0x100  Code  Gb  tm_stm32_hd44780.o [1]
TM_HD44780_InitPins     0x080025ff   0x94  Code  Lc  tm_stm32_hd44780.o [1]
TM_HD44780_Puts         0x08002417   0x9c  Code  Gb  tm_stm32_hd44780.o [1]
UART_DMAAbortOnError    0x08005ac5   0x12  Code  Lc  stm32f1xx_hal_uart.o [1]
UART_EndRxTransfer      0x08005aa3   0x20  Code  Lc  stm32f1xx_hal_uart.o [1]
UART_EndTransmit_IT     0x08005b43   0x1c  Code  Lc  stm32f1xx_hal_uart.o [1]
UART_Receive_IT         0x08005b5f   0xa8  Code  Lc  stm32f1xx_hal_uart.o [1]
UART_SetConfig          0x08005c07  0x198  Code  Lc  stm32f1xx_hal_uart.o [1]
UART_Transmit_IT        0x08005ad9   0x6a  Code  Lc  stm32f1xx_hal_uart.o [1]
USART1_IRQHandler       0x08008205   0x24  Code  Gb  stm32f1xx_it.o [1]
UsageFault_Handler      0x08007f57    0x8  Code  Gb  stm32f1xx_it.o [1]
WWDG_IRQHandler         0x08007f71    0xe  Code  Gb  stm32f1xx_it.o [1]
_EncodingSb_Mbtowc      0x08007e77   0x30  Code  Gb  xencoding_sb.o [3]
_EncodingSb_Mbtowc::initial
                        0x08007eb4    0x8  Data  Lc  xencoding_sb.o [3]
_EncodingSb_Wctomb      0x08007e5d   0x1a  Code  Gb  xencoding_sb.o [3]
_EncodingSb_Wctomb::initial
                        0x08007eac    0x8  Data  Lc  xencoding_sb.o [3]
_Error_Handler          0x0800147d    0x8  Code  Gb  main.o [1]
_GenldFull              0x080072e1  0x254  Code  Lc  xprintffull.o [3]
_IsdstStr               0x200000a0    0x4  Data  Gb  setlocale.o [3]
_LdtobFull              0x08006ee1  0x3fa  Code  Lc  xprintffull.o [3]
_LitobFull              0x08006dd5  0x10a  Code  Lc  xprintffull.o [3]
_LocaleC_isspace        0x08007eed   0x14  Code  Gb  xlocale_c.o [3]
_LocaleC_tolower        0x08007f15    0xc  Code  Gb  xlocale_c.o [3]
_LocaleEncoding         0x08007e4b    0xe  Code  Gb  setlocale.o [3]
_LocaleForCat           0x08007e39   0x12  Code  Gb  setlocale.o [3]
_LocaleReturnString     0x200000c0   0x50  Data  Lc  setlocale.o [3]
_Locale_Profile         0x200000a4   0x1c  Data  Gb  setlocale.o [3]
_Locale_aeabi_lconv     0x20000060   0x38  Data  Gb  localeconv.o [3]
_Locale_lconv           0x20000010   0x50  Data  Gb  localeconv.o [3]
_Mbtowc                 0x08007747   0x20  Code  Gb  xmbtowc.o [3]
_PrintfFull             0x080063e5  0x660  Code  Gb  xprintffull.o [3]
_PutcharsFull           0x08007535   0x2e  Code  Lc  xprintffull.o [3]
_PutstrFull             0x08006ac9  0x306  Code  Lc  xprintffull.o [3]
_SProut                 0x08002cef    0xa  Code  Gb  xsprout.o [3]
_TzoneStr               0x2000009c    0x4  Data  Gb  setlocale.o [3]
_Wctomb                 0x080078cd   0x1a  Code  Gb  xwctomb.o [3]
__aeabi_cdcmple         0x08007a9d         Code  Gb  DblCmpLe.o [4]
__aeabi_cdrcmple        0x08007acd         Code  Gb  DblCmpGe.o [4]
__aeabi_d2f             0x08004731         Code  Gb  DblToFlt.o [4]
__aeabi_d2iz            0x08003145         Code  Gb  DblToI32.o [4]
__aeabi_d2uiz           0x08003171         Code  Gb  DblToI32.o [4]
__aeabi_dadd            0x08003851         Code  Gb  DblAdd.o [4]
__aeabi_ddiv            0x08002eed         Code  Gb  DblDiv.o [4]
__aeabi_dmul            0x08002d49         Code  Gb  DblMul.o [4]
__aeabi_dsub            0x080036d1         Code  Gb  DblSub.o [4]
__aeabi_errno_addr      0x08007e2d    0x6  Code  Gb  errno.o [3]
__aeabi_f2d             0x08002cf9         Code  Gb  FltToDbl.o [4]
__aeabi_f2iz            0x080047c1         Code  Gb  FltToS32.o [4]
__aeabi_f2uiz           0x0800319d         Code  Gb  FltToU32.o [4]
__aeabi_fadd            0x080061f5         Code  Gb  FltAdd.o [4]
__aeabi_i2d             0x08004701         Code  Gb  I32ToDbl.o [4]
__aeabi_i2f             0x08002cbd         Code  Gb  I32ToFlt.o [4]
__aeabi_ldiv0           0x08007ee9         Code  Gb  I64DivZer.o [5]
__aeabi_memset          0x080076e1         Code  Gb  ABImemset.o [5]
__aeabi_ui2d            0x08004715         Code  Gb  I32ToDbl.o [4]
__aeabi_ui2f            0x08002cd1         Code  Gb  I32ToFlt.o [4]
__aeabi_uldivmod        0x08007969         Code  Gb  I64DivMod.o [5]
__cmain                 0x08008509         Code  Gb  cmain.o [5]
__data_Aldata           0x20000d64    0x8  Data  Gb  xxmemxmalloc.o [3]
__data_GetMemChunk      0x08007ebd   0x2c  Code  Gb  xgetmemchunk.o [3]
__data_GetMemChunk::start
                        0x20000d8c    0x4  Data  Lc  xgetmemchunk.o [3]
__exit                  0x08008539   0x14  Code  Gb  exit.o [6]
__iar_Dnorm             0x08007a57   0x44  Code  Gb  xdnorm.o [4]
__iar_Dscale            0x08007afd  0x10c  Code  Gb  xdscale.o [4]
__iar_Errno             0x20000098    0x4  Data  Gb  errno.o [3]
__iar_Locale_lconv_init
                        0x08007c09   0x3a  Code  Gb  localeconv.o [3]
__iar_Mbcurmax          0x08007811    0xa  Code  Gb  xmbcurmax.o [3]
__iar_Memchr            0x080077b9         Code  Gb  memchr.o [5]
__iar_Memset            0x080076e1         Code  Gb  ABImemset.o [5]
__iar_Memset_word       0x080076e9         Code  Gb  ABImemset.o [5]
__iar_Stolx             0x0800757f   0x88  Code  Gb  xstol.o [3]
__iar_Stoulx            0x08007c99  0x13e  Code  Gb  xstoul.o [3]
__iar_Strchr            0x08007769         Code  Gb  strchr.o [5]
__iar_d2uiz             0x0800317d         Code  Gb  DblToI32.o [4]
__iar_dadd              0x08003865         Code  Gb  DblAdd.o [4]
__iar_data_init3        0x080084c1   0x28  Code  Gb  data_init.o [5]
__iar_dlib_perthread_access
                        0x08007eeb    0x2  Code  Gb  xtls.o [3]
__iar_dsub              0x080036e5         Code  Gb  DblSub.o [4]
__iar_dsubStart         0x080036f7         Code  Gb  DblSub.o [4]
__iar_fadd              0x08006205         Code  Gb  FltAdd.o [4]
__iar_fsub              0x08007609         Code  Gb  FltSub.o [4]
__iar_fsubStart         0x08007619         Code  Gb  FltSub.o [4]
__iar_packbits_init_single3
                        0x08008489   0x38  Code  Gb  packbits_init_single.o [5]
__iar_program_start     0x08008641         Code  Gb  cstartup_M.o [5]
__iar_ui2d              0x08004719         Code  Gb  I32ToDbl.o [4]
__iar_ui2f              0x08002cd5         Code  Gb  I32ToFlt.o [4]
__iar_unaligned___aeabi_memcpy
                        0x08005db1         Code  Gb  ABImemcpy_unaligned.o [5]
__iar_unaligned___aeabi_memcpy4
                        0x08005dd1         Code  Gb  ABImemcpy_unaligned.o [5]
__iar_unaligned___aeabi_memcpy8
                        0x08005dd1         Code  Gb  ABImemcpy_unaligned.o [5]
__iar_zero_init3        0x08008449   0x40  Code  Gb  zero_init3.o [5]
__low_level_init        0x08008523    0x4  Code  Gb  low_level_init.o [3]
__vector_table          0x08000000         Data  Gb  startup_stm32f103xb.o [1]
_call_main              0x08008515         Code  Gb  cmain.o [5]
_exit                   0x0800852d         Code  Gb  cexit.o [5]
_main                   0x0800851f         Code  Gb  cmain.o [5]
abs                     0x08005da9    0x8  Code  Gb  abs.o [3]
buttonMgmnt             0x08000215  0x12a  Code  Gb  main.o [1]
buttonsDisabledTime     0x20000d0c    0x8  Data  Gb  portsMgmnt.o [1]
checkCoinMoney          0x080082a5   0x68  Code  Gb  moneyAcceptMgmnt.o [1]
checkCoinMoney::trueFlag
                        0x20000dab    0x1  Data  Lc  moneyAcceptMgmnt.o [1]
checkCoinMoney::trueTime
                        0x20000cfc    0x8  Data  Lc  moneyAcceptMgmnt.o [1]
checkContainerFull      0x080016db    0x2  Code  Gb  portsMgmnt.o [1]
checkFreeMode           0x08001551   0x24  Code  Gb  portsMgmnt.o [1]
checkInput10Counter     0x08001ab1  0x232  Code  Gb  portsMgmnt.o [1]
checkInput10Counter::firInput
                        0x20000c94   0x10  Data  Lc  portsMgmnt.o [1]
checkInput10Counter::firstExecute
                        0x20000115    0x1  Data  Lc  portsMgmnt.o [1]
checkInput10Counter::i  0x20000dbd    0x1  Data  Lc  portsMgmnt.o [1]
checkInput10Counter::in101
                        0x20000d7c    0x4  Data  Lc  portsMgmnt.o [1]
checkInput10Counter::in102
                        0x20000d80    0x4  Data  Lc  portsMgmnt.o [1]
checkInput10Counter::inDataIN
                        0x20000cc8    0xc  Data  Lc  portsMgmnt.o [1]
checkInput10Counter::newValForCalib
                        0x20000dbc    0x1  Data  Lc  portsMgmnt.o [1]
checkInput10Counter::p  0x20000db9    0x1  Data  Lc  portsMgmnt.o [1]
checkInput10Counter::swchr
                        0x20000dba    0x1  Data  Lc  portsMgmnt.o [1]
checkInput10Counter::temp
                        0x20000dbb    0x1  Data  Lc  portsMgmnt.o [1]
checkMagistralPressure  0x08001509   0x24  Code  Gb  portsMgmnt.o [1]
checkMoney              0x0800830d   0x6a  Code  Gb  moneyAcceptMgmnt.o [1]
checkMoney::trueFlag    0x20000dac    0x1  Data  Lc  moneyAcceptMgmnt.o [1]
checkMoney::trueTime    0x20000d04    0x8  Data  Lc  moneyAcceptMgmnt.o [1]
checkNewData            0x0800433d   0x2e  Code  Gb  uartDataExchMgmnt.o [1]
checkNoTare             0x08001683    0x2  Code  Gb  portsMgmnt.o [1]
checkOut10Counter       0x08001853  0x25e  Code  Gb  portsMgmnt.o [1]
checkOut10Counter::firOut
                        0x20000c84   0x10  Data  Lc  portsMgmnt.o [1]
checkOut10Counter::firstExecute
                        0x20000114    0x1  Data  Lc  portsMgmnt.o [1]
checkOut10Counter::i    0x20000db8    0x1  Data  Lc  portsMgmnt.o [1]
checkOut10Counter::inDataOUT
                        0x20000cbc    0xc  Data  Lc  portsMgmnt.o [1]
checkOut10Counter::newValForCalib
                        0x20000db7    0x1  Data  Lc  portsMgmnt.o [1]
checkOut10Counter::out101
                        0x20000d74    0x4  Data  Lc  portsMgmnt.o [1]
checkOut10Counter::out102
                        0x20000d78    0x4  Data  Lc  portsMgmnt.o [1]
checkOut10Counter::p    0x20000db4    0x1  Data  Lc  portsMgmnt.o [1]
checkOut10Counter::swchr
                        0x20000db5    0x1  Data  Lc  portsMgmnt.o [1]
checkOut10Counter::temp
                        0x20000db6    0x1  Data  Lc  portsMgmnt.o [1]
checkTumperDoor         0x080014e5   0x24  Code  Gb  portsMgmnt.o [1]
checkTumperMoney        0x0800152d   0x24  Code  Gb  portsMgmnt.o [1]
clrLastMessage          0x080062b1   0x2c  Code  Gb  uartDataExchMgmnt.o [1]
clrServDownButton       0x0800148f    0xa  Code  Gb  portsMgmnt.o [1]
clrServLeftButton       0x08001499    0xa  Code  Gb  portsMgmnt.o [1]
clrServRightButton      0x080014a3    0xa  Code  Gb  portsMgmnt.o [1]
clrUserButton           0x08001485    0xa  Code  Gb  portsMgmnt.o [1]
cnt                     0x20000c60   0x14  Data  Gb  main.o [1]
containerMgmnt          0x0800010f  0x106  Code  Gb  main.o [1]
containerMinVolume      0x20000112    0x1  Data  Gb  main.o [1]
countContainerHandler   0x08001575   0x4a  Code  Gb  portsMgmnt.o [1]
countLoseHandler        0x080016dd  0x12c  Code  Gb  portsMgmnt.o [1]
countLoseHandler::fastPulseLose
                        0x20000db3    0x1  Data  Lc  portsMgmnt.o [1]
countLoseHandler::lastTime
                        0x20000d24    0x8  Data  Lc  portsMgmnt.o [1]
countOutHandler         0x08001809   0x4a  Code  Gb  portsMgmnt.o [1]
delayMicroseconds       0x08001fbd         Code  Gb  Delay.o [1]
delayMilliseconds       0x08001fdf         Code  Gb  Delay.o [1]
digits                  0x08007ddc   0x28  Data  Lc  xstoul.o [3]
disableButtonsForTime   0x080014d9    0xc  Code  Gb  portsMgmnt.o [1]
disableSensorsForTime   0x080014cd    0xc  Code  Gb  portsMgmnt.o [1]
div                     0x08007c75    0xe  Code  Gb  div.o [3]
endPointer              0x20000dc0    0x1  Data  Gb  uartDataExchMgmnt.o [1]
entryPointer            0x20000116    0x1  Data  Gb  uartDataExchMgmnt.o [1]
exit                    0x08008527    0x4  Code  Gb  exit.o [3]
filters                 0x20000a70   0x48  Data  Gb  main.o [1]
free                    0x080078e9   0x7a  Code  Gb  xxmemxfree.o [3]
getCurTime              0x08002283    0xc  Code  Gb  timeMgmnt.o [1]
getLastMessage          0x08006279   0x38  Code  Gb  uartDataExchMgmnt.o [1]
getMessageLnhgt         0x08003d65   0x36  Code  Gb  uartDataExchMgmnt.o [1]
getMoney                0x080042f3   0x4a  Code  Gb  uartDataExchMgmnt.o [1]
getNoTareProtTime       0x08000889   0x40  Code  Gb  main.o [1]
getTimeDiff             0x0800228f   0x52  Code  Gb  timeMgmnt.o [1]
hadc1                   0x20000bfc   0x30  Data  Gb  main.o [1]
hcan                    0x20000ab8   0x44  Data  Gb  main.o [1]
hcrc                    0x20000cd4    0x8  Data  Gb  main.o [1]
hiwdg                   0x20000ca4    0xc  Data  Gb  main.o [1]
hspi2                   0x20000a18   0x58  Data  Gb  main.o [1]
htim3                   0x20000afc   0x40  Data  Gb  main.o [1]
huart1                  0x20000b3c   0x40  Data  Gb  main.o [1]
huart2                  0x20000b7c   0x40  Data  Gb  main.o [1]
huart3                  0x20000bbc   0x40  Data  Gb  main.o [1]
hwwdg                   0x20000c4c   0x14  Data  Gb  main.o [1]
initUART                0x0800436b   0x1c  Code  Gb  uartDataExchMgmnt.o [1]
insertStats             0x08003e41  0x372  Code  Gb  uartDataExchMgmnt.o [1]
isAdminDownButtonPressed
                        0x080014b5    0x8  Code  Gb  portsMgmnt.o [1]
isAdminLeftButtonPressed
                        0x080014bd    0x8  Code  Gb  portsMgmnt.o [1]
isAdminRightButtonPressed
                        0x080014c5    0x8  Code  Gb  portsMgmnt.o [1]
isUserButtonPressed     0x080014ad    0x8  Code  Gb  portsMgmnt.o [1]
isspace                 0x08007c83   0x14  Code  Gb  isxxx.o [3]
lastMilLitWentOut       0x20000d6c    0x4  Data  Lc  main.o [1]
lcdMgmnt                0x0800042f  0x166  Code  Gb  main.o [1]
lcdMgmnt::refreshLCDtime
                        0x20000cf4    0x8  Data  Lc  main.o [1]
lghtsMgmnt              0x08000595   0xe2  Code  Gb  main.o [1]
localeconv              0x08007c43   0x16  Code  Gb  localeconv.o [3]
main                    0x080008c9  0x3a0  Code  Gb  main.o [1]
malloc                  0x0800781d   0xac  Code  Gb  xxmemxmalloc.o [3]
maxContainerVolume      0x20000113    0x1  Data  Gb  main.o [1]
memchr                  0x080077b9         Code  Gb  memchr.o [5]
mesRx                   0x20000918  0x100  Data  Gb  uartDataExchMgmnt.o [1]
money                   0x20000cb0    0xc  Data  Gb  main.o [1]
ndigs                   0x08007e04   0x28  Data  Lc  xstoul.o [3]
noTareStage             0x20000110    0x1  Data  Lc  main.o [1]
outPumpMgmnt            0x0800033f   0xf0  Code  Gb  main.o [1]
outPumpMgmnt::lastMillilit
                        0x20000d70    0x4  Data  Lc  main.o [1]
outPumpMgmnt::noWaterOut
                        0x20000daa    0x1  Data  Lc  main.o [1]
outPumpMgmnt::timeCheck
                        0x20000cec    0x8  Data  Lc  main.o [1]
outPumpNoWaterStopTime  0x20000111    0x1  Data  Gb  main.o [1]
parseUART               0x080045e5   0x1a  Code  Gb  uartDataExchMgmnt.o [1]
parseUartData           0x08004387  0x25e  Code  Gb  uartDataExchMgmnt.o [1]
pauseOutHandler         0x08001685   0x56  Code  Gb  portsMgmnt.o [1]
pauseOutHandler::fastPulseLoseOut
                        0x20000db2    0x1  Data  Lc  portsMgmnt.o [1]
pauseOutHandler::lastTime
                        0x20000d1c    0x8  Data  Lc  portsMgmnt.o [1]
prepareToTransition     0x0800077b  0x106  Code  Gb  main.o [1]
printGiven              0x08002a11  0x25c  Code  Gb  tm_stm32_hd44780.o [1]
printLoseDetected       0x08002693   0x24  Code  Gb  tm_stm32_hd44780.o [1]
printNotReady           0x080026b7  0x11c  Code  Gb  tm_stm32_hd44780.o [1]
printPaid               0x080028d9  0x134  Code  Gb  tm_stm32_hd44780.o [1]
printWait               0x080027d3  0x106  Code  Gb  tm_stm32_hd44780.o [1]
returnMoney             0x080041b3   0x24  Code  Gb  uartDataExchMgmnt.o [1]
sensorsDisabledTime     0x20000d14    0x8  Data  Gb  portsMgmnt.o [1]
servDownButton          0x20000daf    0x1  Data  Gb  portsMgmnt.o [1]
servLeftButton          0x20000db0    0x1  Data  Gb  portsMgmnt.o [1]
servRightButton         0x20000db1    0x1  Data  Gb  portsMgmnt.o [1]
servUpButton            0x20000dae    0x1  Data  Gb  portsMgmnt.o [1]
setBlue                 0x08001cf1    0xe  Code  Gb  portsMgmnt.o [1]
setContainerValToZero   0x08001613   0x70  Code  Gb  portsMgmnt.o [1]
setFilterValues         0x08004231   0xc2  Code  Gb  uartDataExchMgmnt.o [1]
setGlobal               0x08001d0d    0xe  Code  Gb  portsMgmnt.o [1]
setGreen                0x08001cff    0xe  Code  Gb  portsMgmnt.o [1]
setParameters           0x080041dd   0x54  Code  Gb  uartDataExchMgmnt.o [1]
setRed                  0x08001ce3    0xe  Code  Gb  portsMgmnt.o [1]
setupDefaultLitersVolume
                        0x080015bf   0x54  Code  Gb  portsMgmnt.o [1]
sprintf                 0x080061b9   0x34  Code  Gb  sprintf.o [3]
strchr                  0x08007769         Code  Gb  strchr.o [5]
strlen                  0x08007781         Code  Gb  strlen.o [5]
strtol                  0x080061ed    0x6  Code  Gb  strtol.o [3]
time                    0x20000d54    0x8  Data  Gb  timeMgmnt.o [1]
timeConsPumpStarted     0x20000cdc    0x8  Data  Gb  main.o [1]
timeMgmnt               0x0800222d   0x56  Code  Gb  timeMgmnt.o [1]
tolower                 0x08007f01   0x14  Code  Gb  tolower.o [3]
uartDataExchMgmnt       0x08003d55   0x10  Code  Gb  uartDataExchMgmnt.o [1]
uartDataRx              0x20000818  0x100  Data  Gb  uartDataExchMgmnt.o [1]
uartDataTx              0x20000718  0x100  Data  Lc  uartDataExchMgmnt.o [1]
userButton              0x20000dad    0x1  Data  Gb  portsMgmnt.o [1]
uwTick                  0x20000d88    0x4  Data  Gb  stm32f1xx_hal.o [1]
valFor10LitInCalibr     0x20000000    0x4  Data  Gb  main.o [1]
valFor10LitOutCalibr    0x20000004    0x4  Data  Gb  main.o [1]
wa                      0x20000c2c   0x20  Data  Gb  main.o [1]
waterCounters           0x20000c74   0x10  Data  Lc  portsMgmnt.o [1]
waterMissDetectedTime   0x20000ce4    0x8  Data  Gb  main.o [1]
waterPrice              0x20000008    0x4  Data  Gb  main.o [1]
wmLghts                 0x20000d84    0x4  Data  Gb  portsMgmnt.o [1]
writeError              0x08003d9b   0xa6  Code  Gb  uartDataExchMgmnt.o [1]
writeTime               0x080022e1   0x1a  Code  Gb  timeMgmnt.o [1]


[1] = D:\YADisk\#1_work\Автомойка самообслуживания\WM_v0.10\WM\EWARM\IAR_WM_v0.10\Obj
[2] = command line
[3] = dl7M_tlf.a
[4] = m7M_tl.a
[5] = rt7M_tl.a
[6] = shb_l.a

  34 178 bytes of readonly  code memory
     426 bytes of readonly  data memory
   3 520 bytes of readwrite data memory

Errors: none
Warnings: none
