###############################################################################
#
# IAR ELF Linker V7.80.1.11864/W32 for ARM                13/Aug/2017  20:37:33
# Copyright 2007-2016 IAR Systems AB.
#
#    Output file  =  
#        D:\YADisk\#1_work\Автомойка
#        самообслуживания\WM_v0.10\WM\EWARM\IAR_WM_v0.10\Exe\IAR_WM_v0.10.out
#    Map file     =  
#        D:\YADisk\#1_work\Автомойка
#        самообслуживания\WM_v0.10\WM\EWARM\IAR_WM_v0.10\List\IAR_WM_v0.10.map
#    Command line =  
#        "D:\YADisk\#1_work\Автомойка
#        самообслуживания\WM_v0.10\WM\EWARM\IAR_WM_v0.10\Obj\debugPCBMode.o"
#        "D:\YADisk\#1_work\Автомойка
#        самообслуживания\WM_v0.10\WM\EWARM\IAR_WM_v0.10\Obj\Delay.o"
#        "D:\YADisk\#1_work\Автомойка
#        самообслуживания\WM_v0.10\WM\EWARM\IAR_WM_v0.10\Obj\main.o"
#        "D:\YADisk\#1_work\Автомойка
#        самообслуживания\WM_v0.10\WM\EWARM\IAR_WM_v0.10\Obj\moneyAcceptMgmnt.o"
#        "D:\YADisk\#1_work\Автомойка
#        самообслуживания\WM_v0.10\WM\EWARM\IAR_WM_v0.10\Obj\portsMgmnt.o"
#        "D:\YADisk\#1_work\Автомойка
#        самообслуживания\WM_v0.10\WM\EWARM\IAR_WM_v0.10\Obj\startup_stm32f103xb.o"
#        "D:\YADisk\#1_work\Автомойка
#        самообслуживания\WM_v0.10\WM\EWARM\IAR_WM_v0.10\Obj\stm32f1xx_hal.o"
#        "D:\YADisk\#1_work\Автомойка
#        самообслуживания\WM_v0.10\WM\EWARM\IAR_WM_v0.10\Obj\stm32f1xx_hal_adc.o"
#        "D:\YADisk\#1_work\Автомойка
#        самообслуживания\WM_v0.10\WM\EWARM\IAR_WM_v0.10\Obj\stm32f1xx_hal_adc_ex.o"
#        "D:\YADisk\#1_work\Автомойка
#        самообслуживания\WM_v0.10\WM\EWARM\IAR_WM_v0.10\Obj\stm32f1xx_hal_can.o"
#        "D:\YADisk\#1_work\Автомойка
#        самообслуживания\WM_v0.10\WM\EWARM\IAR_WM_v0.10\Obj\stm32f1xx_hal_cortex.o"
#        "D:\YADisk\#1_work\Автомойка
#        самообслуживания\WM_v0.10\WM\EWARM\IAR_WM_v0.10\Obj\stm32f1xx_hal_crc.o"
#        "D:\YADisk\#1_work\Автомойка
#        самообслуживания\WM_v0.10\WM\EWARM\IAR_WM_v0.10\Obj\stm32f1xx_hal_dma.o"
#        "D:\YADisk\#1_work\Автомойка
#        самообслуживания\WM_v0.10\WM\EWARM\IAR_WM_v0.10\Obj\stm32f1xx_hal_flash.o"
#        "D:\YADisk\#1_work\Автомойка
#        самообслуживания\WM_v0.10\WM\EWARM\IAR_WM_v0.10\Obj\stm32f1xx_hal_flash_ex.o"
#        "D:\YADisk\#1_work\Автомойка
#        самообслуживания\WM_v0.10\WM\EWARM\IAR_WM_v0.10\Obj\stm32f1xx_hal_gpio.o"
#        "D:\YADisk\#1_work\Автомойка
#        самообслуживания\WM_v0.10\WM\EWARM\IAR_WM_v0.10\Obj\stm32f1xx_hal_gpio_ex.o"
#        "D:\YADisk\#1_work\Автомойка
#        самообслуживания\WM_v0.10\WM\EWARM\IAR_WM_v0.10\Obj\stm32f1xx_hal_msp.o"
#        "D:\YADisk\#1_work\Автомойка
#        самообслуживания\WM_v0.10\WM\EWARM\IAR_WM_v0.10\Obj\stm32f1xx_hal_pwr.o"
#        "D:\YADisk\#1_work\Автомойка
#        самообслуживания\WM_v0.10\WM\EWARM\IAR_WM_v0.10\Obj\stm32f1xx_hal_rcc.o"
#        "D:\YADisk\#1_work\Автомойка
#        самообслуживания\WM_v0.10\WM\EWARM\IAR_WM_v0.10\Obj\stm32f1xx_hal_rcc_ex.o"
#        "D:\YADisk\#1_work\Автомойка
#        самообслуживания\WM_v0.10\WM\EWARM\IAR_WM_v0.10\Obj\stm32f1xx_hal_spi.o"
#        "D:\YADisk\#1_work\Автомойка
#        самообслуживания\WM_v0.10\WM\EWARM\IAR_WM_v0.10\Obj\stm32f1xx_hal_spi_ex.o"
#        "D:\YADisk\#1_work\Автомойка
#        самообслуживания\WM_v0.10\WM\EWARM\IAR_WM_v0.10\Obj\stm32f1xx_hal_tim.o"
#        "D:\YADisk\#1_work\Автомойка
#        самообслуживания\WM_v0.10\WM\EWARM\IAR_WM_v0.10\Obj\stm32f1xx_hal_tim_ex.o"
#        "D:\YADisk\#1_work\Автомойка
#        самообслуживания\WM_v0.10\WM\EWARM\IAR_WM_v0.10\Obj\stm32f1xx_hal_uart.o"
#        "D:\YADisk\#1_work\Автомойка
#        самообслуживания\WM_v0.10\WM\EWARM\IAR_WM_v0.10\Obj\stm32f1xx_it.o"
#        "D:\YADisk\#1_work\Автомойка
#        самообслуживания\WM_v0.10\WM\EWARM\IAR_WM_v0.10\Obj\system_stm32f1xx.o"
#        "D:\YADisk\#1_work\Автомойка
#        самообслуживания\WM_v0.10\WM\EWARM\IAR_WM_v0.10\Obj\timeMgmnt.o"
#        "D:\YADisk\#1_work\Автомойка
#        самообслуживания\WM_v0.10\WM\EWARM\IAR_WM_v0.10\Obj\tm_stm32_hd44780.o"
#        "D:\YADisk\#1_work\Автомойка
#        самообслуживания\WM_v0.10\WM\EWARM\IAR_WM_v0.10\Obj\uartDataExchMgmnt.o"
#        --redirect _Printf=_PrintfFull --redirect _Scanf=_ScanfFull -o
#        "D:\YADisk\#1_work\Автомойка
#        самообслуживания\WM_v0.10\WM\EWARM\IAR_WM_v0.10\Exe\IAR_WM_v0.10.out"
#        --map "D:\YADisk\#1_work\Автомойка
#        самообслуживания\WM_v0.10\WM\EWARM\IAR_WM_v0.10\List\IAR_WM_v0.10.map"
#        --config "D:\YADisk\#1_work\Автомойка
#        самообслуживания\WM_v0.10\WM\EWARM/stm32f103xb_flash.icf"
#        --semihosting --entry __iar_program_start --vfe
#
###############################################################################

*******************************************************************************
*** RUNTIME MODEL ATTRIBUTES
***

CppFlavor                     = *
__Heap_Handler                = Basic
__SystemLibrary               = DLib
__dlib_dynamic_initialization = normal


*******************************************************************************
*** PLACEMENT SUMMARY
***

"A0":  place at 0x08000000 { ro section .intvec };
"P1":  place in [from 0x08000000 to 0x0801ffff] { ro };
"P2":  place in [from 0x20000000 to 0x20004fff] { rw, block CSTACK, block HEAP };
initialize by copy { rw };

  Section             Kind        Address    Size  Object
  -------             ----        -------    ----  ------
"A0":                                        0xec
  .intvec             ro code  0x08000000    0xec  startup_stm32f103xb.o [1]
                             - 0x080000ec    0xec

"P1":                                      0x75da
  .text               ro code  0x080000ec  0x119a  xprintffull.o [3]
  .text               ro code  0x08001286    0x20  xmbtowc.o [3]
  .text               ro code  0x080012a6     0xa  xsprout.o [3]
  .text               ro code  0x080012b0    0x16  strchr.o [5]
  .rodata             const    0x080012c6     0x2  stm32f1xx_hal_rcc.o [1]
  .text               ro code  0x080012c8    0x36  strlen.o [5]
  .rodata             const    0x080012fe     0x2  tm_stm32_hd44780.o [1]
  .text               ro code  0x08001300    0x58  memchr.o [5]
  .text               ro code  0x08001358     0xa  xmbcurmax.o [3]
  .rodata             const    0x08001362     0x2  tm_stm32_hd44780.o [1]
  .text               ro code  0x08001364    0xb0  xxmemxmalloc.o [3]
  .text               ro code  0x08001414    0x1a  xwctomb.o [3]
  .text               ro code  0x08001430    0x76  ABImemcpy_unaligned.o [5]
  .text               ro code  0x080014a8    0x80  xxmemxfree.o [3]
  .text               ro code  0x08001528    0xee  I64DivMod.o [5]
  .text               ro code  0x08001616    0x44  xdnorm.o [4]
  .text               ro code  0x0800165c    0x2e  DblCmpLe.o [4]
  .text               ro code  0x0800168c    0x2e  DblCmpGe.o [4]
  .text               ro code  0x080016bc   0x10c  xdscale.o [4]
  .text               ro code  0x080017c8    0x58  DblToI32.o [4]
  .text               ro code  0x08001820    0x30  I32ToDbl.o [4]
  .text               ro code  0x08001850   0x180  DblSub.o [4]
  .text               ro code  0x080019d0   0x1a2  DblMul.o [4]
  .text               ro code  0x08001b74   0x256  DblDiv.o [4]
  .text               ro code  0x08001dcc    0x6c  localeconv.o [3]
  .text               ro code  0x08001e38     0xe  div.o [3]
  .text               ro code  0x08001e48    0x24  setlocale.o [3]
  .text               ro code  0x08001e6c    0x60  xencoding_sb.o [3]
  .text               ro code  0x08001ecc    0x2c  xgetmemchunk.o [3]
  .text               ro code  0x08001ef8     0x2  I64DivZer.o [5]
  .text               ro code  0x08001efc    0xe8  DblAdd.o [4]
  .text               ro code  0x08001fe4     0x2  xtls.o [3]
  .text               ro code  0x08001fe8   0xe5a  main.o [1]
  .text               ro code  0x08002e44   0xacc  portsMgmnt.o [1]
  .text               ro code  0x08003910    0x34  Delay.o [1]
  .text               ro code  0x08003944   0x23c  stm32f1xx_hal_gpio.o [1]
  .text               ro code  0x08003b80    0xd8  timeMgmnt.o [1]
  .text               ro code  0x08003c58   0x9b8  tm_stm32_hd44780.o [1]
  .text               ro code  0x08004610    0x32  I32ToFlt.o [4]
  .text               ro code  0x08004644    0x4e  FltToDbl.o [4]
  .text               ro code  0x08004694    0x24  FltToU32.o [4]
  .text               ro code  0x080046b8    0x28  stm32f1xx_hal.o [1]
  .text               ro code  0x080046e0   0x3d2  stm32f1xx_hal_tim.o [1]
  .text               ro code  0x08004ab4   0x8c0  uartDataExchMgmnt.o [1]
  .text               ro code  0x08005374    0x90  DblToFlt.o [4]
  .text               ro code  0x08005404    0x24  FltCmpLe.o [4]
  .text               ro code  0x08005428   0x6d4  stm32f1xx_hal_rcc.o [1]
  .text               ro code  0x08005afc   0x11c  stm32f1xx_hal_rcc_ex.o [1]
  .text               ro code  0x08005c18   0x14e  stm32f1xx_hal_cortex.o [1]
  .text               ro code  0x08005d68   0x2e0  stm32f1xx_hal_adc.o [1]
  .text               ro code  0x08006048   0x154  stm32f1xx_hal_can.o [1]
  .text               ro code  0x0800619c    0x24  stm32f1xx_hal_crc.o [1]
  .text               ro code  0x080061c0    0x8a  stm32f1xx_hal_spi_ex.o [1]
  .text               ro code  0x0800624c    0x5a  stm32f1xx_hal_tim_ex.o [1]
  .text               ro code  0x080062a8   0x56c  stm32f1xx_hal_uart.o [1]
  .text               ro code  0x08006814     0x8  abs.o [3]
  .text               ro code  0x0800681c    0x28  stm32f1xx_hal.o [1]
  .text               ro code  0x08006844   0x30c  stm32f1xx_hal_msp.o [1]
  .text               ro code  0x08006b50     0x2  stm32f1xx_hal_tim.o [1]
  .text               ro code  0x08006b52     0x2  stm32f1xx_hal_tim.o [1]
  .text               ro code  0x08006b54     0x2  stm32f1xx_hal_tim.o [1]
  .text               ro code  0x08006b56     0x2  stm32f1xx_hal_tim.o [1]
  .text               ro code  0x08006b58     0x2  stm32f1xx_hal_tim_ex.o [1]
  .text               ro code  0x08006b5a     0x2  stm32f1xx_hal_tim.o [1]
  .text               ro code  0x08006b5c     0x2  stm32f1xx_hal_tim_ex.o [1]
  .text               ro code  0x08006b60    0x34  sprintf.o [3]
  .text               ro code  0x08006b94     0x6  strtol.o [3]
  .text               ro code  0x08006b9c    0x38  uartDataExchMgmnt.o [1]
  .text               ro code  0x08006bd4    0x28  uartDataExchMgmnt.o [1]
  .text               ro code  0x08006bfc     0xc  stm32f1xx_hal.o [1]
  .text               ro code  0x08006c08    0xcc  stm32f1xx_hal_dma.o [1]
  .text               ro code  0x08006cd4     0x2  stm32f1xx_hal_uart.o [1]
  .text               ro code  0x08006cd6     0x2  stm32f1xx_hal_uart.o [1]
  .text               ro code  0x08006cd8     0x2  stm32f1xx_hal_uart.o [1]
  .text               ro code  0x08006cda    0x88  xstol.o [3]
  .text               ro code  0x08006d64    0x66  ABImemset.o [5]
  .text               ro code  0x08006dca    0x14  isxxx.o [3]
  .text               ro code  0x08006de0   0x194  xstoul.o [3]
  .text               ro code  0x08006f74     0xc  errno.o [3]
  .text               ro code  0x08006f80    0x14  xlocale_c.o [3]
  .text               ro code  0x08006f94    0x14  tolower.o [3]
  .text               ro code  0x08006fa8     0xc  xlocale_c.o [3]
  .text               ro code  0x08006fb4   0x29c  stm32f1xx_it.o [1]
  .text               ro code  0x08007250    0x10  stm32f1xx_hal.o [1]
  .text               ro code  0x08007260    0xf8  moneyAcceptMgmnt.o [1]
  .text               ro code  0x08007358    0x68  system_stm32f1xx.o [1]
  .rodata             const    0x080073c0    0x44  main.o [1]
  .text               ro code  0x08007404    0x40  zero_init3.o [5]
  .text               ro code  0x08007444    0x38  packbits_init_single.o [5]
  .text               ro code  0x0800747c    0x28  data_init.o [5]
  .iar.init_table     const    0x080074a4    0x20  - Linker created -
  .text               ro code  0x080074c4    0x1a  cmain.o [5]
  .text               ro code  0x080074de     0x4  low_level_init.o [3]
  .text               ro code  0x080074e2     0x4  exit.o [3]
  .text               ro code  0x080074e8     0xa  cexit.o [5]
  .text               ro code  0x080074f4    0x14  exit.o [6]
  .rodata             const    0x08007508    0x14  tm_stm32_hd44780.o [1]
  .rodata             const    0x0800751c    0x14  tm_stm32_hd44780.o [1]
  .rodata             const    0x08007530    0x14  tm_stm32_hd44780.o [1]
  .rodata             const    0x08007544    0x14  tm_stm32_hd44780.o [1]
  .rodata             const    0x08007558    0x14  tm_stm32_hd44780.o [1]
  .rodata             const    0x0800756c    0x14  tm_stm32_hd44780.o [1]
  .rodata             const    0x08007580    0x14  tm_stm32_hd44780.o [1]
  .rodata             const    0x08007594    0x14  tm_stm32_hd44780.o [1]
  .rodata             const    0x080075a8    0x14  tm_stm32_hd44780.o [1]
  .rodata             const    0x080075bc    0x10  stm32f1xx_hal_rcc.o [1]
  .rodata             const    0x080075cc    0x10  system_stm32f1xx.o [1]
  .text               ro code  0x080075dc    0x10  startup_stm32f103xb.o [1]
  .text               ro code  0x080075ec     0xc  cstartup_M.o [5]
  .rodata             const    0x080075f8     0x8  system_stm32f1xx.o [1]
  .rodata             const    0x08007600     0x8  tm_stm32_hd44780.o [1]
  .rodata             const    0x08007608     0x8  tm_stm32_hd44780.o [1]
  .rodata             const    0x08007610     0x8  tm_stm32_hd44780.o [1]
  .rodata             const    0x08007618     0x4  tm_stm32_hd44780.o [1]
  .text               ro code  0x0800761c     0x4  startup_stm32f103xb.o [1]
  .text               ro code  0x08007620     0x4  startup_stm32f103xb.o [1]
  .text               ro code  0x08007624     0x4  startup_stm32f103xb.o [1]
  .text               ro code  0x08007628     0x4  startup_stm32f103xb.o [1]
  .text               ro code  0x0800762c     0x4  startup_stm32f103xb.o [1]
  .text               ro code  0x08007630     0x4  startup_stm32f103xb.o [1]
  .text               ro code  0x08007634     0x4  startup_stm32f103xb.o [1]
  .text               ro code  0x08007638     0x4  startup_stm32f103xb.o [1]
  .text               ro code  0x0800763c     0x4  startup_stm32f103xb.o [1]
  .text               ro code  0x08007640     0x4  startup_stm32f103xb.o [1]
  .text               ro code  0x08007644     0x4  startup_stm32f103xb.o [1]
  .text               ro code  0x08007648     0x4  startup_stm32f103xb.o [1]
  .text               ro code  0x0800764c     0x4  startup_stm32f103xb.o [1]
  .text               ro code  0x08007650     0x4  startup_stm32f103xb.o [1]
  .text               ro code  0x08007654     0x4  startup_stm32f103xb.o [1]
  .text               ro code  0x08007658     0x4  startup_stm32f103xb.o [1]
  .text               ro code  0x0800765c     0x4  startup_stm32f103xb.o [1]
  .text               ro code  0x08007660     0x4  startup_stm32f103xb.o [1]
  .text               ro code  0x08007664     0x4  startup_stm32f103xb.o [1]
  .text               ro code  0x08007668     0x4  startup_stm32f103xb.o [1]
  .text               ro code  0x0800766c     0x4  startup_stm32f103xb.o [1]
  .text               ro code  0x08007670     0x4  startup_stm32f103xb.o [1]
  .text               ro code  0x08007674     0x4  startup_stm32f103xb.o [1]
  .text               ro code  0x08007678     0x4  startup_stm32f103xb.o [1]
  .text               ro code  0x0800767c     0x4  startup_stm32f103xb.o [1]
  .text               ro code  0x08007680     0x4  startup_stm32f103xb.o [1]
  .text               ro code  0x08007684     0x4  startup_stm32f103xb.o [1]
  .text               ro code  0x08007688     0x4  startup_stm32f103xb.o [1]
  .text               ro code  0x0800768c     0x4  startup_stm32f103xb.o [1]
  .text               ro code  0x08007690     0x4  startup_stm32f103xb.o [1]
  .text               ro code  0x08007694     0x4  startup_stm32f103xb.o [1]
  .text               ro code  0x08007698     0x4  startup_stm32f103xb.o [1]
  .text               ro code  0x0800769c     0x4  startup_stm32f103xb.o [1]
  .text               ro code  0x080076a0     0x4  startup_stm32f103xb.o [1]
  .rodata             const    0x080076a4     0x0  zero_init3.o [5]
  .rodata             const    0x080076a4     0x0  packbits_init_single.o [5]
  Initializer bytes   const    0x080076a4    0x22  <for P2-1>
                             - 0x080076c6  0x75da

"P2", part 1 of 3:                          0x115
  P2-1                         0x20000000   0x115  <Init block>
    .data             inited   0x20000000     0x4  main.o [1]
    .data             inited   0x20000004     0x4  main.o [1]
    .data             inited   0x20000008     0x4  main.o [1]
    .data             inited   0x2000000c     0x4  system_stm32f1xx.o [1]
    __DLIB_PERTHREAD  inited   0x20000010    0x88  localeconv.o [3]
    __DLIB_PERTHREAD  inited   0x20000098     0x4  errno.o [3]
    __DLIB_PERTHREAD  inited   0x2000009c    0x74  setlocale.o [3]
    .data             inited   0x20000110     0x1  main.o [1]
    .data             inited   0x20000111     0x1  main.o [1]
    .data             inited   0x20000112     0x1  portsMgmnt.o [1]
    .data             inited   0x20000113     0x1  portsMgmnt.o [1]
    .data             inited   0x20000114     0x1  uartDataExchMgmnt.o [1]
                             - 0x20000115   0x115

"P2", part 2 of 3:                          0x600
  CSTACK                       0x20000118   0x400  <Block>
    CSTACK            uninit   0x20000118   0x400  <Block tail>
  HEAP                         0x20000518   0x200  <Block>
    HEAP              uninit   0x20000518   0x200  <Block tail>
                             - 0x20000718   0x600

"P2", part 3 of 3:                          0x67c
  .bss                zero     0x20000718   0x100  uartDataExchMgmnt.o [1]
  .bss                zero     0x20000818   0x100  uartDataExchMgmnt.o [1]
  .bss                zero     0x20000918   0x100  uartDataExchMgmnt.o [1]
  .bss                zero     0x20000a18    0x58  main.o [1]
  .bss                zero     0x20000a70    0x48  main.o [1]
  .bss                zero     0x20000ab8    0x44  main.o [1]
  .bss                zero     0x20000afc    0x40  main.o [1]
  .bss                zero     0x20000b3c    0x40  main.o [1]
  .bss                zero     0x20000b7c    0x40  main.o [1]
  .bss                zero     0x20000bbc    0x40  main.o [1]
  .bss                zero     0x20000bfc    0x30  main.o [1]
  .bss                zero     0x20000c2c    0x1c  main.o [1]
  .bss                zero     0x20000c48    0x14  main.o [1]
  .bss                zero     0x20000c5c    0x10  portsMgmnt.o [1]
  .bss                zero     0x20000c6c    0x10  portsMgmnt.o [1]
  .bss                zero     0x20000c7c    0x10  portsMgmnt.o [1]
  .bss                zero     0x20000c8c     0xc  main.o [1]
  .bss                zero     0x20000c98     0xc  portsMgmnt.o [1]
  .bss                zero     0x20000ca4     0xc  portsMgmnt.o [1]
  .bss                zero     0x20000cb0     0x8  main.o [1]
  .bss                zero     0x20000cb8     0x8  main.o [1]
  .bss                zero     0x20000cc0     0x8  main.o [1]
  .bss                zero     0x20000cc8     0x8  main.o [1]
  .bss                zero     0x20000cd0     0x8  moneyAcceptMgmnt.o [1]
  .bss                zero     0x20000cd8     0x8  moneyAcceptMgmnt.o [1]
  .bss                zero     0x20000ce0     0x8  portsMgmnt.o [1]
  .bss                zero     0x20000ce8     0x8  portsMgmnt.o [1]
  .bss                zero     0x20000cf0     0x8  portsMgmnt.o [1]
  .bss                zero     0x20000cf8     0x8  portsMgmnt.o [1]
  .bss                zero     0x20000d00     0x8  portsMgmnt.o [1]
  .bss                zero     0x20000d08     0x8  portsMgmnt.o [1]
  .bss                zero     0x20000d10     0x8  portsMgmnt.o [1]
  .bss                zero     0x20000d18     0x8  portsMgmnt.o [1]
  .bss                zero     0x20000d20     0x8  portsMgmnt.o [1]
  .bss                zero     0x20000d28     0x8  timeMgmnt.o [1]
  .bss                zero     0x20000d30     0x8  tm_stm32_hd44780.o [1]
  .bss                zero     0x20000d38     0x8  xxmemxmalloc.o [3]
  .bss                zero     0x20000d40     0x4  main.o [1]
  .bss                zero     0x20000d44     0x4  main.o [1]
  .bss                zero     0x20000d48     0x4  portsMgmnt.o [1]
  .bss                zero     0x20000d4c     0x4  portsMgmnt.o [1]
  .bss                zero     0x20000d50     0x4  portsMgmnt.o [1]
  .bss                zero     0x20000d54     0x4  portsMgmnt.o [1]
  .bss                zero     0x20000d58     0x4  stm32f1xx_hal.o [1]
  .bss                zero     0x20000d5c     0x4  xgetmemchunk.o [3]
  .bss                zero     0x20000d60     0x2  portsMgmnt.o [1]
  .bss                zero     0x20000d62     0x2  portsMgmnt.o [1]
  .bss                zero     0x20000d64     0x2  portsMgmnt.o [1]
  .bss                zero     0x20000d66     0x2  portsMgmnt.o [1]
  .bss                zero     0x20000d68     0x2  portsMgmnt.o [1]
  .bss                zero     0x20000d6a     0x2  portsMgmnt.o [1]
  .bss                zero     0x20000d6c     0x2  portsMgmnt.o [1]
  .bss                zero     0x20000d6e     0x2  portsMgmnt.o [1]
  .bss                zero     0x20000d70     0x2  portsMgmnt.o [1]
  .bss                zero     0x20000d72     0x2  portsMgmnt.o [1]
  .bss                zero     0x20000d74     0x2  portsMgmnt.o [1]
  .bss                zero     0x20000d76     0x2  portsMgmnt.o [1]
  .bss                zero     0x20000d78     0x2  stm32f1xx_it.o [1]
  .bss                zero     0x20000d7a     0x1  main.o [1]
  .bss                zero     0x20000d7b     0x1  moneyAcceptMgmnt.o [1]
  .bss                zero     0x20000d7c     0x1  moneyAcceptMgmnt.o [1]
  .bss                zero     0x20000d7d     0x1  portsMgmnt.o [1]
  .bss                zero     0x20000d7e     0x1  portsMgmnt.o [1]
  .bss                zero     0x20000d7f     0x1  portsMgmnt.o [1]
  .bss                zero     0x20000d80     0x1  portsMgmnt.o [1]
  .bss                zero     0x20000d81     0x1  portsMgmnt.o [1]
  .bss                zero     0x20000d82     0x1  portsMgmnt.o [1]
  .bss                zero     0x20000d83     0x1  portsMgmnt.o [1]
  .bss                zero     0x20000d84     0x1  portsMgmnt.o [1]
  .bss                zero     0x20000d85     0x1  portsMgmnt.o [1]
  .bss                zero     0x20000d86     0x1  portsMgmnt.o [1]
  .bss                zero     0x20000d87     0x1  portsMgmnt.o [1]
  .bss                zero     0x20000d88     0x1  portsMgmnt.o [1]
  .bss                zero     0x20000d89     0x1  portsMgmnt.o [1]
  .bss                zero     0x20000d8a     0x1  portsMgmnt.o [1]
  .bss                zero     0x20000d8b     0x1  portsMgmnt.o [1]
  .bss                zero     0x20000d8c     0x1  portsMgmnt.o [1]
  .bss                zero     0x20000d8d     0x1  portsMgmnt.o [1]
  .bss                zero     0x20000d8e     0x1  portsMgmnt.o [1]
  .bss                zero     0x20000d8f     0x1  stm32f1xx_it.o [1]
  .bss                zero     0x20000d90     0x1  uartDataExchMgmnt.o [1]
                             - 0x20000d91   0x679


*******************************************************************************
*** INIT TABLE
***

          Address     Size
          -------     ----
Zero (__iar_zero_init3)
    1 destination range, total size 0x679:
          0x20000718  0x679

Copy/packbits (__iar_packbits_init_single3)
    1 source range, total size 0x22 (12% of destination):
          0x080076a4   0x22
    1 destination range, total size 0x115:
          0x20000000  0x115



*******************************************************************************
*** MODULE SUMMARY
***

    Module                  ro code  ro data  rw data
    ------                  -------  -------  -------
D:\YADisk\#1_work\Автомойка самообслуживания\WM_v0.10\WM\EWARM\IAR_WM_v0.10\Obj: [1]
    Delay.o                      52
    main.o                    3 674       69      647
    moneyAcceptMgmnt.o          248                18
    portsMgmnt.o              2 764               204
    startup_stm32f103xb.o       388
    stm32f1xx_hal.o             108                 4
    stm32f1xx_hal_adc.o         736
    stm32f1xx_hal_can.o         340
    stm32f1xx_hal_cortex.o      334
    stm32f1xx_hal_crc.o          36
    stm32f1xx_hal_dma.o         204
    stm32f1xx_hal_gpio.o        572
    stm32f1xx_hal_msp.o         780
    stm32f1xx_hal_rcc.o       1 748       18
    stm32f1xx_hal_rcc_ex.o      284
    stm32f1xx_hal_spi_ex.o      138
    stm32f1xx_hal_tim.o         988
    stm32f1xx_hal_tim_ex.o       94
    stm32f1xx_hal_uart.o      1 394
    stm32f1xx_it.o              668                 3
    system_stm32f1xx.o          104       24        4
    timeMgmnt.o                 216                 8
    tm_stm32_hd44780.o        2 488      212        8
    uartDataExchMgmnt.o       2 336        1      770
    -------------------------------------------------
    Total:                   20 694      324    1 666

command line: [2]
    -------------------------------------------------
    Total:

dl7M_tlf.a: [3]
    abs.o                         8
    div.o                        14
    errno.o                      12        1        4
    exit.o                        4
    isxxx.o                      20
    localeconv.o                108       17      136
    low_level_init.o              4
    setlocale.o                  36       14      116
    sprintf.o                    52
    strtol.o                      6
    tolower.o                    20
    xencoding_sb.o               96
    xgetmemchunk.o               44                 4
    xlocale_c.o                  32
    xmbcurmax.o                  10
    xmbtowc.o                    32
    xprintffull.o             4 506
    xsprout.o                    10
    xstol.o                     136
    xstoul.o                    404
    xtls.o                        2
    xwctomb.o                    26
    xxmemxfree.o                128
    xxmemxmalloc.o              176                 8
    -------------------------------------------------
    Total:                    5 886       32      268

m7M_tl.a: [4]
    DblAdd.o                    232
    DblCmpGe.o                   46
    DblCmpLe.o                   46
    DblDiv.o                    598
    DblMul.o                    418
    DblSub.o                    384
    DblToFlt.o                  144
    DblToI32.o                   88
    FltCmpLe.o                   36
    FltToDbl.o                   78
    FltToU32.o                   36
    I32ToDbl.o                   48
    I32ToFlt.o                   50
    xdnorm.o                     68
    xdscale.o                   268
    -------------------------------------------------
    Total:                    2 540

rt7M_tl.a: [5]
    ABImemcpy_unaligned.o       118
    ABImemset.o                 102
    I64DivMod.o                 238
    I64DivZer.o                   2
    cexit.o                      10
    cmain.o                      26
    cstartup_M.o                 12
    data_init.o                  40
    memchr.o                     88
    packbits_init_single.o       56
    strchr.o                     22
    strlen.o                     54
    zero_init3.o                 64
    -------------------------------------------------
    Total:                      832

shb_l.a: [6]
    exit.o                       20
    -------------------------------------------------
    Total:                       20

    Gaps                         46
    Linker created                        32    1 536
-----------------------------------------------------
    Grand Total:             30 018      388    3 470


*******************************************************************************
*** ENTRY LIST
***

Entry                      Address   Size  Type      Object
-----                      -------   ----  ----      ------
.iar.init_table$$Base   0x080074a4          --   Gb  - Linker created -
.iar.init_table$$Limit  0x080074c4          --   Gb  - Linker created -
?main                   0x080074c5         Code  Gb  cmain.o [5]
ADC_ConversionStop_Disable
                        0x08005ffd   0x4a  Code  Gb  stm32f1xx_hal_adc.o [1]
AHBPrescTable           0x080075cc   0x10  Data  Gb  system_stm32f1xx.o [1]
APBPrescTable           0x080075f8    0x8  Data  Gb  system_stm32f1xx.o [1]
BusFault_Handler        0x08006fbb    0x2  Code  Gb  stm32f1xx_it.o [1]
CSTACK$$Base            0x20000118          --   Gb  - Linker created -
CSTACK$$Limit           0x20000518          --   Gb  - Linker created -
DebugMon_Handler        0x08006fc1    0x2  Code  Gb  stm32f1xx_it.o [1]
EXTI0_IRQHandler        0x08006fd1    0xa  Code  Gb  stm32f1xx_it.o [1]
EXTI15_10_IRQHandler    0x0800721d   0x34  Code  Gb  stm32f1xx_it.o [1]
EXTI1_IRQHandler        0x08006fdb    0xa  Code  Gb  stm32f1xx_it.o [1]
EXTI2_IRQHandler        0x08006fe5    0xa  Code  Gb  stm32f1xx_it.o [1]
EXTI3_IRQHandler        0x08006fef    0xa  Code  Gb  stm32f1xx_it.o [1]
EXTI4_IRQHandler        0x08006ff9    0xa  Code  Gb  stm32f1xx_it.o [1]
EXTI9_5_IRQHandler      0x08007003   0x26  Code  Gb  stm32f1xx_it.o [1]
HAL_ADC_ConfigChannel   0x08005e9f  0x148  Code  Gb  stm32f1xx_hal_adc.o [1]
HAL_ADC_Init            0x08005d69  0x136  Code  Gb  stm32f1xx_hal_adc.o [1]
HAL_ADC_MspInit         0x080068e1   0x3a  Code  Gb  stm32f1xx_hal_msp.o [1]
HAL_CAN_Init            0x08006049  0x154  Code  Gb  stm32f1xx_hal_can.o [1]
HAL_CAN_MspInit         0x0800691b   0x54  Code  Gb  stm32f1xx_hal_msp.o [1]
HAL_CRC_Init            0x0800619d   0x24  Code  Gb  stm32f1xx_hal_crc.o [1]
HAL_CRC_MspInit         0x0800696f   0x26  Code  Gb  stm32f1xx_hal_msp.o [1]
HAL_DMA_Abort_IT        0x08006c09   0xae  Code  Gb  stm32f1xx_hal_dma.o [1]
HAL_GPIO_EXTI_Callback  0x08003687  0x1a2  Code  Gb  portsMgmnt.o [1]
HAL_GPIO_EXTI_Callback::c1
                        0x20000d62    0x2  Data  Lc  portsMgmnt.o [1]
HAL_GPIO_EXTI_Callback::c10
                        0x20000d74    0x2  Data  Lc  portsMgmnt.o [1]
HAL_GPIO_EXTI_Callback::c11
                        0x20000d76    0x2  Data  Lc  portsMgmnt.o [1]
HAL_GPIO_EXTI_Callback::c2
                        0x20000d64    0x2  Data  Lc  portsMgmnt.o [1]
HAL_GPIO_EXTI_Callback::c3
                        0x20000d66    0x2  Data  Lc  portsMgmnt.o [1]
HAL_GPIO_EXTI_Callback::c4
                        0x20000d68    0x2  Data  Lc  portsMgmnt.o [1]
HAL_GPIO_EXTI_Callback::c5
                        0x20000d6a    0x2  Data  Lc  portsMgmnt.o [1]
HAL_GPIO_EXTI_Callback::c6
                        0x20000d6c    0x2  Data  Lc  portsMgmnt.o [1]
HAL_GPIO_EXTI_Callback::c7
                        0x20000d6e    0x2  Data  Lc  portsMgmnt.o [1]
HAL_GPIO_EXTI_Callback::c8
                        0x20000d70    0x2  Data  Lc  portsMgmnt.o [1]
HAL_GPIO_EXTI_Callback::c9
                        0x20000d72    0x2  Data  Lc  portsMgmnt.o [1]
HAL_GPIO_EXTI_Callback::lastPinNum
                        0x20000d60    0x2  Data  Lc  portsMgmnt.o [1]
HAL_GPIO_EXTI_Callback{13}{14}{15}{16}::lastTimeButton
                        0x20000d00    0x8  Data  Lc  portsMgmnt.o [1]
HAL_GPIO_EXTI_Callback{13}{14}{15}{16}{17}{18}::usrBtCnt
                        0x20000d8e    0x1  Data  Lc  portsMgmnt.o [1]
HAL_GPIO_EXTI_Callback{13}{14}{19}{20}::lastTimeButton
                        0x20000d08    0x8  Data  Lc  portsMgmnt.o [1]
HAL_GPIO_EXTI_Callback{13}{14}{22}{23}::lastTimeButton
                        0x20000d10    0x8  Data  Lc  portsMgmnt.o [1]
HAL_GPIO_EXTI_Callback{13}{14}{25}{26}::lastTimeButton
                        0x20000d18    0x8  Data  Lc  portsMgmnt.o [1]
HAL_GPIO_EXTI_Callback{13}{14}{28}{29}::lastTimeButton
                        0x20000d20    0x8  Data  Lc  portsMgmnt.o [1]
HAL_GPIO_EXTI_IRQHandler
                        0x08003b21   0x1a  Code  Gb  stm32f1xx_hal_gpio.o [1]
HAL_GPIO_Init           0x08003945  0x1b6  Code  Gb  stm32f1xx_hal_gpio.o [1]
HAL_GPIO_ReadPin        0x08003afb   0x12  Code  Gb  stm32f1xx_hal_gpio.o [1]
HAL_GPIO_WritePin       0x08003b0d   0x14  Code  Gb  stm32f1xx_hal_gpio.o [1]
HAL_GetTick             0x08006bfd    0xc  Code  Wk  stm32f1xx_hal.o [1]
HAL_IncTick             0x08007251   0x10  Code  Wk  stm32f1xx_hal.o [1]
HAL_Init                0x080046b9   0x22  Code  Gb  stm32f1xx_hal.o [1]
HAL_InitTick            0x0800681d   0x28  Code  Wk  stm32f1xx_hal.o [1]
HAL_MspInit             0x08006845   0x9c  Code  Gb  stm32f1xx_hal_msp.o [1]
HAL_NVIC_EnableIRQ      0x08005d0b    0xa  Code  Gb  stm32f1xx_hal_cortex.o [1]
HAL_NVIC_SetPriority    0x08005ce9   0x22  Code  Gb  stm32f1xx_hal_cortex.o [1]
HAL_NVIC_SetPriorityGrouping
                        0x08005ce1    0x8  Code  Gb  stm32f1xx_hal_cortex.o [1]
HAL_RCCEx_PeriphCLKConfig
                        0x08005afd  0x108  Code  Gb  stm32f1xx_hal_rcc_ex.o [1]
HAL_RCC_ClockConfig     0x0800587b  0x180  Code  Gb  stm32f1xx_hal_rcc.o [1]
HAL_RCC_GetHCLKFreq     0x08005a61    0x6  Code  Gb  stm32f1xx_hal_rcc.o [1]
HAL_RCC_GetPCLK1Freq    0x08005a67   0x16  Code  Gb  stm32f1xx_hal_rcc.o [1]
HAL_RCC_GetPCLK2Freq    0x08005a7d   0x16  Code  Gb  stm32f1xx_hal_rcc.o [1]
HAL_RCC_GetSysClockFreq
                        0x080059fb   0x66  Code  Gb  stm32f1xx_hal_rcc.o [1]
HAL_RCC_OscConfig       0x08005429  0x452  Code  Gb  stm32f1xx_hal_rcc.o [1]
HAL_SPI_Init            0x080061c1   0x8a  Code  Gb  stm32f1xx_hal_spi_ex.o [1]
HAL_SPI_MspInit         0x08006995   0x54  Code  Gb  stm32f1xx_hal_msp.o [1]
HAL_SYSTICK_CLKSourceConfig
                        0x08005d1d   0x20  Code  Gb  stm32f1xx_hal_cortex.o [1]
HAL_SYSTICK_Callback    0x08005d65    0x2  Code  Wk  stm32f1xx_hal_cortex.o [1]
HAL_SYSTICK_Config      0x08005d15    0x8  Code  Gb  stm32f1xx_hal_cortex.o [1]
HAL_SYSTICK_IRQHandler  0x08005d5d    0x8  Code  Gb  stm32f1xx_hal_cortex.o [1]
HAL_TIMEx_BreakCallback
                        0x08006b59    0x2  Code  Wk  stm32f1xx_hal_tim_ex.o [1]
HAL_TIMEx_CommutationCallback
                        0x08006b5d    0x2  Code  Wk  stm32f1xx_hal_tim_ex.o [1]
HAL_TIMEx_MasterConfigSynchronization
                        0x0800624d   0x58  Code  Gb  stm32f1xx_hal_tim_ex.o [1]
HAL_TIM_Base_Init       0x080046e1   0x38  Code  Gb  stm32f1xx_hal_tim.o [1]
HAL_TIM_Base_MspInit    0x080069e9   0x34  Code  Gb  stm32f1xx_hal_msp.o [1]
HAL_TIM_Base_Start_IT   0x08004719   0x1c  Code  Gb  stm32f1xx_hal_tim.o [1]
HAL_TIM_ConfigClockSource
                        0x080048ab  0x118  Code  Gb  stm32f1xx_hal_tim.o [1]
HAL_TIM_IC_CaptureCallback
                        0x08006b51    0x2  Code  Wk  stm32f1xx_hal_tim.o [1]
HAL_TIM_IRQHandler      0x08004735  0x176  Code  Gb  stm32f1xx_hal_tim.o [1]
HAL_TIM_OC_DelayElapsedCallback
                        0x08006b53    0x2  Code  Wk  stm32f1xx_hal_tim.o [1]
HAL_TIM_PWM_PulseFinishedCallback
                        0x08006b55    0x2  Code  Wk  stm32f1xx_hal_tim.o [1]
HAL_TIM_PeriodElapsedCallback
                        0x08006b57    0x2  Code  Wk  stm32f1xx_hal_tim.o [1]
HAL_TIM_TriggerCallback
                        0x08006b5b    0x2  Code  Wk  stm32f1xx_hal_tim.o [1]
HAL_UART_ErrorCallback  0x08006cd5    0x2  Code  Wk  stm32f1xx_hal_uart.o [1]
HAL_UART_IRQHandler     0x080063db  0x134  Code  Gb  stm32f1xx_hal_uart.o [1]
HAL_UART_Init           0x080062a9   0x76  Code  Gb  stm32f1xx_hal_uart.o [1]
HAL_UART_MspInit        0x08006a1d   0xfc  Code  Gb  stm32f1xx_hal_msp.o [1]
HAL_UART_Receive_IT     0x08006371   0x6a  Code  Gb  stm32f1xx_hal_uart.o [1]
HAL_UART_RxCpltCallback
                        0x08006cd9    0x2  Code  Wk  stm32f1xx_hal_uart.o [1]
HAL_UART_Transmit_IT    0x0800631f   0x52  Code  Gb  stm32f1xx_hal_uart.o [1]
HAL_UART_TxCpltCallback
                        0x08006cd7    0x2  Code  Wk  stm32f1xx_hal_uart.o [1]
HD44780_Opts            0x20000d30    0x8  Data  Gb  tm_stm32_hd44780.o [1]
HEAP$$Base              0x20000518          --   Gb  - Linker created -
HEAP$$Limit             0x20000718          --   Gb  - Linker created -
HardFault_Handler       0x08006fb7    0x2  Code  Gb  stm32f1xx_it.o [1]
LoadInt                 0x08000763   0x6e  Code  Lc  xprintffull.o [3]
MX_ADC1_Init            0x08002873   0x7e  Code  Lc  main.o [1]
MX_CAN_Init             0x080028f1   0x7e  Code  Lc  main.o [1]
MX_CRC_Init             0x0800296f   0x26  Code  Lc  main.o [1]
MX_GPIO_Init            0x08002b9d  0x216  Code  Lc  main.o [1]
MX_SPI2_Init            0x08002995   0x80  Code  Lc  main.o [1]
MX_TIM3_Init            0x08002a15   0x94  Code  Lc  main.o [1]
MX_USART1_UART_Init     0x08002aa9   0x50  Code  Lc  main.o [1]
MX_USART2_UART_Init     0x08002af9   0x4a  Code  Lc  main.o [1]
MX_USART3_UART_Init     0x08002b43   0x4a  Code  Lc  main.o [1]
MemManage_Handler       0x08006fb9    0x2  Code  Gb  stm32f1xx_it.o [1]
NMI_Handler             0x08006fb5    0x2  Code  Gb  stm32f1xx_it.o [1]
NVIC_EnableIRQ          0x08005c3f   0x14  Code  Lc  stm32f1xx_hal_cortex.o [1]
NVIC_EncodePriority     0x08005c75   0x3e  Code  Lc  stm32f1xx_hal_cortex.o [1]
NVIC_GetPriorityGrouping
                        0x08005c35    0xa  Code  Lc  stm32f1xx_hal_cortex.o [1]
NVIC_SetPriority        0x08005c53   0x22  Code  Lc  stm32f1xx_hal_cortex.o [1]
NVIC_SetPriorityGrouping
                        0x08005c19   0x1c  Code  Lc  stm32f1xx_hal_cortex.o [1]
PendSV_Handler          0x08006fc3    0x2  Code  Gb  stm32f1xx_it.o [1]
RCC_Delay               0x08005a93   0x24  Code  Lc  stm32f1xx_hal_rcc.o [1]
Region$$Table$$Base     0x080074a4          --   Gb  - Linker created -
Region$$Table$$Limit    0x080074c4          --   Gb  - Linker created -
SVC_Handler             0x08006fbf    0x2  Code  Gb  stm32f1xx_it.o [1]
SysTick_Config          0x08005cb3   0x2e  Code  Lc  stm32f1xx_hal_cortex.o [1]
SysTick_Handler         0x08006fc5    0xc  Code  Gb  stm32f1xx_it.o [1]
SystemClock_Config      0x080027c3   0xb0  Code  Gb  main.o [1]
SystemCoreClock         0x2000000c    0x4  Data  Gb  system_stm32f1xx.o [1]
SystemInit              0x08007359   0x4e  Code  Gb  system_stm32f1xx.o [1]
TIM3_IRQHandler         0x08007029  0x1ca  Code  Gb  stm32f1xx_it.o [1]
TIM3_IRQHandler::lastConsumPump
                        0x20000d8f    0x1  Data  Lc  stm32f1xx_it.o [1]
TIM3_IRQHandler::millisCounter
                        0x20000d78    0x2  Data  Lc  stm32f1xx_it.o [1]
TIM_Base_SetConfig      0x080049c3   0x66  Code  Gb  stm32f1xx_hal_tim.o [1]
TIM_ETR_SetConfig       0x08004a9b   0x18  Code  Lc  stm32f1xx_hal_tim.o [1]
TIM_ITRx_SetConfig      0x08004a87   0x14  Code  Lc  stm32f1xx_hal_tim.o [1]
TIM_TI1_ConfigInputStage
                        0x08004a35   0x28  Code  Lc  stm32f1xx_hal_tim.o [1]
TIM_TI2_ConfigInputStage
                        0x08004a5d   0x2a  Code  Lc  stm32f1xx_hal_tim.o [1]
TM_HD44780_Clear        0x08003d59   0x12  Code  Gb  tm_stm32_hd44780.o [1]
TM_HD44780_Cmd          0x08003e2b   0x24  Code  Lc  tm_stm32_hd44780.o [1]
TM_HD44780_Cmd4bit      0x08003e73   0xa2  Code  Lc  tm_stm32_hd44780.o [1]
TM_HD44780_CursorSet    0x08003f15   0x3e  Code  Lc  tm_stm32_hd44780.o [1]
TM_HD44780_Data         0x08003e4f   0x24  Code  Lc  tm_stm32_hd44780.o [1]
TM_HD44780_DisplayOn    0x08003e07   0x24  Code  Gb  tm_stm32_hd44780.o [1]
TM_HD44780_Init         0x08003c59  0x100  Code  Gb  tm_stm32_hd44780.o [1]
TM_HD44780_InitPins     0x08003f53   0x94  Code  Lc  tm_stm32_hd44780.o [1]
TM_HD44780_Puts         0x08003d6b   0x9c  Code  Gb  tm_stm32_hd44780.o [1]
UART_DMAAbortOnError    0x08006531   0x12  Code  Lc  stm32f1xx_hal_uart.o [1]
UART_EndRxTransfer      0x0800650f   0x20  Code  Lc  stm32f1xx_hal_uart.o [1]
UART_EndTransmit_IT     0x080065af   0x1c  Code  Lc  stm32f1xx_hal_uart.o [1]
UART_Receive_IT         0x080065cb   0xa8  Code  Lc  stm32f1xx_hal_uart.o [1]
UART_SetConfig          0x08006673  0x198  Code  Lc  stm32f1xx_hal_uart.o [1]
UART_Transmit_IT        0x08006545   0x6a  Code  Lc  stm32f1xx_hal_uart.o [1]
USART1_IRQHandler       0x080071f3    0xa  Code  Gb  stm32f1xx_it.o [1]
UsageFault_Handler      0x08006fbd    0x2  Code  Gb  stm32f1xx_it.o [1]
_EncodingSb_Mbtowc      0x08001e87   0x30  Code  Gb  xencoding_sb.o [3]
_EncodingSb_Mbtowc::initial
                        0x08001ec4    0x8  Data  Lc  xencoding_sb.o [3]
_EncodingSb_Wctomb      0x08001e6d   0x1a  Code  Gb  xencoding_sb.o [3]
_EncodingSb_Wctomb::initial
                        0x08001ebc    0x8  Data  Lc  xencoding_sb.o [3]
_Error_Handler          0x08002e41    0x2  Code  Gb  main.o [1]
_GenldFull              0x08000fe9  0x254  Code  Lc  xprintffull.o [3]
_IsdstStr               0x200000a0    0x4  Data  Gb  setlocale.o [3]
_LdtobFull              0x08000be9  0x3fa  Code  Lc  xprintffull.o [3]
_LitobFull              0x08000add  0x10a  Code  Lc  xprintffull.o [3]
_LocaleC_isspace        0x08006f81   0x14  Code  Gb  xlocale_c.o [3]
_LocaleC_tolower        0x08006fa9    0xc  Code  Gb  xlocale_c.o [3]
_LocaleEncoding         0x08001e5b    0xe  Code  Gb  setlocale.o [3]
_LocaleForCat           0x08001e49   0x12  Code  Gb  setlocale.o [3]
_LocaleReturnString     0x200000c0   0x50  Data  Lc  setlocale.o [3]
_Locale_Profile         0x200000a4   0x1c  Data  Gb  setlocale.o [3]
_Locale_aeabi_lconv     0x20000060   0x38  Data  Gb  localeconv.o [3]
_Locale_lconv           0x20000010   0x50  Data  Gb  localeconv.o [3]
_Mbtowc                 0x08001287   0x20  Code  Gb  xmbtowc.o [3]
_PrintfFull             0x080000ed  0x660  Code  Gb  xprintffull.o [3]
_PutcharsFull           0x0800123d   0x2e  Code  Lc  xprintffull.o [3]
_PutstrFull             0x080007d1  0x306  Code  Lc  xprintffull.o [3]
_SProut                 0x080012a7    0xa  Code  Gb  xsprout.o [3]
_TzoneStr               0x2000009c    0x4  Data  Gb  setlocale.o [3]
_Wctomb                 0x08001415   0x1a  Code  Gb  xwctomb.o [3]
__aeabi_cdcmple         0x0800165d         Code  Gb  DblCmpLe.o [4]
__aeabi_cdrcmple        0x0800168d         Code  Gb  DblCmpGe.o [4]
__aeabi_cfcmple         0x08005405         Code  Gb  FltCmpLe.o [4]
__aeabi_d2f             0x08005375         Code  Gb  DblToFlt.o [4]
__aeabi_d2iz            0x080017c9         Code  Gb  DblToI32.o [4]
__aeabi_d2uiz           0x080017f5         Code  Gb  DblToI32.o [4]
__aeabi_dadd            0x08001efd         Code  Gb  DblAdd.o [4]
__aeabi_ddiv            0x08001b75         Code  Gb  DblDiv.o [4]
__aeabi_dmul            0x080019d1         Code  Gb  DblMul.o [4]
__aeabi_dsub            0x08001851         Code  Gb  DblSub.o [4]
__aeabi_errno_addr      0x08006f75    0x6  Code  Gb  errno.o [3]
__aeabi_f2d             0x08004645         Code  Gb  FltToDbl.o [4]
__aeabi_f2uiz           0x08004695         Code  Gb  FltToU32.o [4]
__aeabi_i2d             0x08001821         Code  Gb  I32ToDbl.o [4]
__aeabi_i2f             0x08004611         Code  Gb  I32ToFlt.o [4]
__aeabi_ldiv0           0x08001ef9         Code  Gb  I64DivZer.o [5]
__aeabi_memset          0x08006d65         Code  Gb  ABImemset.o [5]
__aeabi_ui2d            0x08001835         Code  Gb  I32ToDbl.o [4]
__aeabi_ui2f            0x08004625         Code  Gb  I32ToFlt.o [4]
__aeabi_uldivmod        0x08001529         Code  Gb  I64DivMod.o [5]
__cmain                 0x080074c5         Code  Gb  cmain.o [5]
__data_Aldata           0x20000d38    0x8  Data  Gb  xxmemxmalloc.o [3]
__data_GetMemChunk      0x08001ecd   0x2c  Code  Gb  xgetmemchunk.o [3]
__data_GetMemChunk::start
                        0x20000d5c    0x4  Data  Lc  xgetmemchunk.o [3]
__exit                  0x080074f5   0x14  Code  Gb  exit.o [6]
__iar_Dnorm             0x08001617   0x44  Code  Gb  xdnorm.o [4]
__iar_Dscale            0x080016bd  0x10c  Code  Gb  xdscale.o [4]
__iar_Errno             0x20000098    0x4  Data  Gb  errno.o [3]
__iar_Locale_lconv_init
                        0x08001dcd   0x3a  Code  Gb  localeconv.o [3]
__iar_Mbcurmax          0x08001359    0xa  Code  Gb  xmbcurmax.o [3]
__iar_Memchr            0x08001301         Code  Gb  memchr.o [5]
__iar_Memset            0x08006d65         Code  Gb  ABImemset.o [5]
__iar_Memset_word       0x08006d6d         Code  Gb  ABImemset.o [5]
__iar_Stolx             0x08006cdb   0x88  Code  Gb  xstol.o [3]
__iar_Stoulx            0x08006de1  0x13e  Code  Gb  xstoul.o [3]
__iar_Strchr            0x080012b1         Code  Gb  strchr.o [5]
__iar_d2uiz             0x08001801         Code  Gb  DblToI32.o [4]
__iar_dadd              0x08001f11         Code  Gb  DblAdd.o [4]
__iar_data_init3        0x0800747d   0x28  Code  Gb  data_init.o [5]
__iar_dlib_perthread_access
                        0x08001fe5    0x2  Code  Gb  xtls.o [3]
__iar_dsub              0x08001865         Code  Gb  DblSub.o [4]
__iar_dsubStart         0x08001877         Code  Gb  DblSub.o [4]
__iar_packbits_init_single3
                        0x08007445   0x38  Code  Gb  packbits_init_single.o [5]
__iar_program_start     0x080075ed         Code  Gb  cstartup_M.o [5]
__iar_ui2d              0x08001839         Code  Gb  I32ToDbl.o [4]
__iar_ui2f              0x08004629         Code  Gb  I32ToFlt.o [4]
__iar_unaligned___aeabi_memcpy
                        0x08001431         Code  Gb  ABImemcpy_unaligned.o [5]
__iar_unaligned___aeabi_memcpy4
                        0x08001451         Code  Gb  ABImemcpy_unaligned.o [5]
__iar_unaligned___aeabi_memcpy8
                        0x08001451         Code  Gb  ABImemcpy_unaligned.o [5]
__iar_zero_init3        0x08007405   0x40  Code  Gb  zero_init3.o [5]
__low_level_init        0x080074df    0x4  Code  Gb  low_level_init.o [3]
__vector_table          0x08000000         Data  Gb  startup_stm32f103xb.o [1]
_call_main              0x080074d1         Code  Gb  cmain.o [5]
_exit                   0x080074e9         Code  Gb  cexit.o [5]
_main                   0x080074db         Code  Gb  cmain.o [5]
abs                     0x08006815    0x8  Code  Gb  abs.o [3]
buttonMgmnt             0x080020ef   0xc6  Code  Gb  main.o [1]
buttonsDisabledTime     0x20000ce0    0x8  Data  Gb  portsMgmnt.o [1]
checkCoinMoney          0x08007261   0x68  Code  Gb  moneyAcceptMgmnt.o [1]
checkCoinMoney::trueFlag
                        0x20000d7b    0x1  Data  Lc  moneyAcceptMgmnt.o [1]
checkCoinMoney::trueTime
                        0x20000cd0    0x8  Data  Lc  moneyAcceptMgmnt.o [1]
checkFreeMode           0x08002f11   0x24  Code  Gb  portsMgmnt.o [1]
checkInput10Counter     0x0800346d  0x21a  Code  Gb  portsMgmnt.o [1]
checkInput10Counter::firInput
                        0x20000c7c   0x10  Data  Lc  portsMgmnt.o [1]
checkInput10Counter::firstExecute
                        0x20000113    0x1  Data  Lc  portsMgmnt.o [1]
checkInput10Counter::i  0x20000d8d    0x1  Data  Lc  portsMgmnt.o [1]
checkInput10Counter::in101
                        0x20000d50    0x4  Data  Lc  portsMgmnt.o [1]
checkInput10Counter::in102
                        0x20000d54    0x4  Data  Lc  portsMgmnt.o [1]
checkInput10Counter::inDataIN
                        0x20000ca4    0xc  Data  Lc  portsMgmnt.o [1]
checkInput10Counter::newValForCalib
                        0x20000d8c    0x1  Data  Lc  portsMgmnt.o [1]
checkInput10Counter::p  0x20000d89    0x1  Data  Lc  portsMgmnt.o [1]
checkInput10Counter::swchr
                        0x20000d8a    0x1  Data  Lc  portsMgmnt.o [1]
checkInput10Counter::temp
                        0x20000d8b    0x1  Data  Lc  portsMgmnt.o [1]
checkMagistralPressure  0x08002ec9   0x24  Code  Gb  portsMgmnt.o [1]
checkMoney              0x080072c9   0x6a  Code  Gb  moneyAcceptMgmnt.o [1]
checkMoney::trueFlag    0x20000d7c    0x1  Data  Lc  moneyAcceptMgmnt.o [1]
checkMoney::trueTime    0x20000cd8    0x8  Data  Lc  moneyAcceptMgmnt.o [1]
checkNewData            0x08005081   0x2e  Code  Gb  uartDataExchMgmnt.o [1]
checkOut10Counter       0x0800320f  0x25e  Code  Gb  portsMgmnt.o [1]
checkOut10Counter::firOut
                        0x20000c6c   0x10  Data  Lc  portsMgmnt.o [1]
checkOut10Counter::firstExecute
                        0x20000112    0x1  Data  Lc  portsMgmnt.o [1]
checkOut10Counter::i    0x20000d88    0x1  Data  Lc  portsMgmnt.o [1]
checkOut10Counter::inDataOUT
                        0x20000c98    0xc  Data  Lc  portsMgmnt.o [1]
checkOut10Counter::newValForCalib
                        0x20000d87    0x1  Data  Lc  portsMgmnt.o [1]
checkOut10Counter::out101
                        0x20000d48    0x4  Data  Lc  portsMgmnt.o [1]
checkOut10Counter::out102
                        0x20000d4c    0x4  Data  Lc  portsMgmnt.o [1]
checkOut10Counter::p    0x20000d84    0x1  Data  Lc  portsMgmnt.o [1]
checkOut10Counter::swchr
                        0x20000d85    0x1  Data  Lc  portsMgmnt.o [1]
checkOut10Counter::temp
                        0x20000d86    0x1  Data  Lc  portsMgmnt.o [1]
checkTumperDoor         0x08002ea5   0x24  Code  Gb  portsMgmnt.o [1]
checkTumperMoney        0x08002eed   0x24  Code  Gb  portsMgmnt.o [1]
clrLastMessage          0x08006bd5   0x28  Code  Gb  uartDataExchMgmnt.o [1]
clrServDownButton       0x08002e4f    0xa  Code  Gb  portsMgmnt.o [1]
clrServLeftButton       0x08002e59    0xa  Code  Gb  portsMgmnt.o [1]
clrServRightButton      0x08002e63    0xa  Code  Gb  portsMgmnt.o [1]
clrUserButton           0x08002e45    0xa  Code  Gb  portsMgmnt.o [1]
cnt                     0x20000c48   0x14  Data  Gb  main.o [1]
containerMgmnt          0x08001fe9  0x106  Code  Gb  main.o [1]
containerMinVolume      0x20000110    0x1  Data  Gb  main.o [1]
countContainerHandler   0x08002f35   0x4a  Code  Gb  portsMgmnt.o [1]
countLoseHandler        0x08003099  0x12c  Code  Gb  portsMgmnt.o [1]
countLoseHandler::fastPulseLose
                        0x20000d83    0x1  Data  Lc  portsMgmnt.o [1]
countLoseHandler::lastTime
                        0x20000cf8    0x8  Data  Lc  portsMgmnt.o [1]
countOutHandler         0x080031c5   0x4a  Code  Gb  portsMgmnt.o [1]
delayMicroseconds       0x08003911         Code  Gb  Delay.o [1]
delayMilliseconds       0x08003933         Code  Gb  Delay.o [1]
digits                  0x08006f24   0x28  Data  Lc  xstoul.o [3]
disableButtonsForTime   0x08002e99    0xc  Code  Gb  portsMgmnt.o [1]
disableSensorsForTime   0x08002e8d    0xc  Code  Gb  portsMgmnt.o [1]
div                     0x08001e39    0xe  Code  Gb  div.o [3]
endPointer              0x20000d90    0x1  Data  Gb  uartDataExchMgmnt.o [1]
entryPointer            0x20000114    0x1  Data  Gb  uartDataExchMgmnt.o [1]
exit                    0x080074e3    0x4  Code  Gb  exit.o [3]
filters                 0x20000a70   0x48  Data  Gb  main.o [1]
free                    0x080014a9   0x7a  Code  Gb  xxmemxfree.o [3]
getCurTime              0x08003bd7    0xc  Code  Gb  timeMgmnt.o [1]
getLastMessage          0x08006b9d   0x38  Code  Gb  uartDataExchMgmnt.o [1]
getMessageLnhgt         0x08004ac5   0x36  Code  Gb  uartDataExchMgmnt.o [1]
getMoney                0x0800500b   0x76  Code  Gb  uartDataExchMgmnt.o [1]
getTimeDiff             0x08003be3   0x52  Code  Gb  timeMgmnt.o [1]
hadc1                   0x20000bfc   0x30  Data  Gb  main.o [1]
hcan                    0x20000ab8   0x44  Data  Gb  main.o [1]
hcrc                    0x20000cb0    0x8  Data  Gb  main.o [1]
hspi2                   0x20000a18   0x58  Data  Gb  main.o [1]
htim3                   0x20000afc   0x40  Data  Gb  main.o [1]
huart1                  0x20000b3c   0x40  Data  Gb  main.o [1]
huart2                  0x20000b7c   0x40  Data  Gb  main.o [1]
huart3                  0x20000bbc   0x40  Data  Gb  main.o [1]
initUART                0x080050af   0x1c  Code  Gb  uartDataExchMgmnt.o [1]
insertStats             0x08004ba1  0x31c  Code  Gb  uartDataExchMgmnt.o [1]
isAdminDownButtonPressed
                        0x08002e75    0x8  Code  Gb  portsMgmnt.o [1]
isAdminLeftButtonPressed
                        0x08002e7d    0x8  Code  Gb  portsMgmnt.o [1]
isAdminRightButtonPressed
                        0x08002e85    0x8  Code  Gb  portsMgmnt.o [1]
isUserButtonPressed     0x08002e6d    0x8  Code  Gb  portsMgmnt.o [1]
isspace                 0x08006dcb   0x14  Code  Gb  isxxx.o [3]
lastMilLitWentOut       0x20000d40    0x4  Data  Lc  main.o [1]
lcdMgmnt                0x0800229f  0x166  Code  Gb  main.o [1]
lcdMgmnt::refreshLCDtime
                        0x20000cc8    0x8  Data  Lc  main.o [1]
localeconv              0x08001e07   0x16  Code  Gb  localeconv.o [3]
main                    0x0800250b  0x2b8  Code  Gb  main.o [1]
malloc                  0x08001365   0xac  Code  Gb  xxmemxmalloc.o [3]
maxContainerVolume      0x20000111    0x1  Data  Gb  main.o [1]
memchr                  0x08001301         Code  Gb  memchr.o [5]
mesRx                   0x20000918  0x100  Data  Gb  uartDataExchMgmnt.o [1]
money                   0x20000c8c    0xc  Data  Gb  main.o [1]
ndigs                   0x08006f4c   0x28  Data  Lc  xstoul.o [3]
outPumpMgmnt            0x080021b5   0xea  Code  Gb  main.o [1]
outPumpMgmnt::lastMillilit
                        0x20000d44    0x4  Data  Lc  main.o [1]
outPumpMgmnt::noWaterOut
                        0x20000d7a    0x1  Data  Lc  main.o [1]
outPumpMgmnt::timeCheck
                        0x20000cc0    0x8  Data  Lc  main.o [1]
parseUART               0x08005317   0x1a  Code  Gb  uartDataExchMgmnt.o [1]
parseUartData           0x080050cb  0x24c  Code  Gb  uartDataExchMgmnt.o [1]
pauseOutHandler         0x08003043   0x56  Code  Gb  portsMgmnt.o [1]
pauseOutHandler::fastPulseLoseOut
                        0x20000d82    0x1  Data  Lc  portsMgmnt.o [1]
pauseOutHandler::lastTime
                        0x20000cf0    0x8  Data  Lc  portsMgmnt.o [1]
prepareToTransition     0x08002405  0x106  Code  Gb  main.o [1]
printGiven              0x08004365  0x25c  Code  Gb  tm_stm32_hd44780.o [1]
printLoseDetected       0x08003fe7   0x24  Code  Gb  tm_stm32_hd44780.o [1]
printNotReady           0x0800400b  0x11c  Code  Gb  tm_stm32_hd44780.o [1]
printPaid               0x0800422d  0x134  Code  Gb  tm_stm32_hd44780.o [1]
printWait               0x08004127  0x106  Code  Gb  tm_stm32_hd44780.o [1]
returnMoney             0x08004ebd   0x32  Code  Gb  uartDataExchMgmnt.o [1]
sensorsDisabledTime     0x20000ce8    0x8  Data  Gb  portsMgmnt.o [1]
servDownButton          0x20000d7f    0x1  Data  Gb  portsMgmnt.o [1]
servLeftButton          0x20000d80    0x1  Data  Gb  portsMgmnt.o [1]
servRightButton         0x20000d81    0x1  Data  Gb  portsMgmnt.o [1]
servUpButton            0x20000d7e    0x1  Data  Gb  portsMgmnt.o [1]
setContainerValToZero   0x08002fd3   0x70  Code  Gb  portsMgmnt.o [1]
setFilterValues         0x08004f49   0xc2  Code  Gb  uartDataExchMgmnt.o [1]
setParameters           0x08004eef   0x54  Code  Gb  uartDataExchMgmnt.o [1]
setupDefaultLitersVolume
                        0x08002f7f   0x54  Code  Gb  portsMgmnt.o [1]
sprintf                 0x08006b61   0x34  Code  Gb  sprintf.o [3]
strchr                  0x080012b1         Code  Gb  strchr.o [5]
strlen                  0x080012c9         Code  Gb  strlen.o [5]
strtol                  0x08006b95    0x6  Code  Gb  strtol.o [3]
time                    0x20000d28    0x8  Data  Gb  timeMgmnt.o [1]
timeMgmnt               0x08003b81   0x56  Code  Gb  timeMgmnt.o [1]
tolower                 0x08006f95   0x14  Code  Gb  tolower.o [3]
uartDataExchMgmnt       0x08004ab5   0x10  Code  Gb  uartDataExchMgmnt.o [1]
uartDataRx              0x20000818  0x100  Data  Gb  uartDataExchMgmnt.o [1]
uartDataTx              0x20000718  0x100  Data  Lc  uartDataExchMgmnt.o [1]
userButton              0x20000d7d    0x1  Data  Gb  portsMgmnt.o [1]
uwTick                  0x20000d58    0x4  Data  Gb  stm32f1xx_hal.o [1]
valFor10LitInCalibr     0x20000000    0x4  Data  Gb  main.o [1]
valFor10LitOutCalibr    0x20000004    0x4  Data  Gb  main.o [1]
wa                      0x20000c2c   0x1c  Data  Gb  main.o [1]
waterCounters           0x20000c5c   0x10  Data  Lc  portsMgmnt.o [1]
waterMissDetectedTime   0x20000cb8    0x8  Data  Gb  main.o [1]
waterPrice              0x20000008    0x4  Data  Gb  main.o [1]
writeError              0x08004afb   0xa6  Code  Gb  uartDataExchMgmnt.o [1]
writeTime               0x08003c35   0x1a  Code  Gb  timeMgmnt.o [1]


[1] = D:\YADisk\#1_work\Автомойка самообслуживания\WM_v0.10\WM\EWARM\IAR_WM_v0.10\Obj
[2] = command line
[3] = dl7M_tlf.a
[4] = m7M_tl.a
[5] = rt7M_tl.a
[6] = shb_l.a

  30 018 bytes of readonly  code memory
     388 bytes of readonly  data memory
   3 470 bytes of readwrite data memory

Errors: none
Warnings: none
