###############################################################################
#
# IAR ELF Linker V7.80.1.11864/W32 for ARM                28/Aug/2017  16:57:22
# Copyright 2007-2016 IAR Systems AB.
#
#    Output file  =  
#        D:\YADisk\#1_work\Автомойка
#        самообслуживания\WM_v0.10\WM\EWARM\IAR_WM_v0.10\Exe\IAR_WM_v0.10.out
#    Map file     =  
#        D:\YADisk\#1_work\Автомойка
#        самообслуживания\WM_v0.10\WM\EWARM\IAR_WM_v0.10\List\IAR_WM_v0.10.map
#    Command line =  
#        "D:\YADisk\#1_work\Автомойка
#        самообслуживания\WM_v0.10\WM\EWARM\IAR_WM_v0.10\Obj\debugPCBMode.o"
#        "D:\YADisk\#1_work\Автомойка
#        самообслуживания\WM_v0.10\WM\EWARM\IAR_WM_v0.10\Obj\Delay.o"
#        "D:\YADisk\#1_work\Автомойка
#        самообслуживания\WM_v0.10\WM\EWARM\IAR_WM_v0.10\Obj\main.o"
#        "D:\YADisk\#1_work\Автомойка
#        самообслуживания\WM_v0.10\WM\EWARM\IAR_WM_v0.10\Obj\moneyAcceptMgmnt.o"
#        "D:\YADisk\#1_work\Автомойка
#        самообслуживания\WM_v0.10\WM\EWARM\IAR_WM_v0.10\Obj\portsMgmnt.o"
#        "D:\YADisk\#1_work\Автомойка
#        самообслуживания\WM_v0.10\WM\EWARM\IAR_WM_v0.10\Obj\startup_stm32f103xb.o"
#        "D:\YADisk\#1_work\Автомойка
#        самообслуживания\WM_v0.10\WM\EWARM\IAR_WM_v0.10\Obj\stm32f1xx_hal.o"
#        "D:\YADisk\#1_work\Автомойка
#        самообслуживания\WM_v0.10\WM\EWARM\IAR_WM_v0.10\Obj\stm32f1xx_hal_adc.o"
#        "D:\YADisk\#1_work\Автомойка
#        самообслуживания\WM_v0.10\WM\EWARM\IAR_WM_v0.10\Obj\stm32f1xx_hal_adc_ex.o"
#        "D:\YADisk\#1_work\Автомойка
#        самообслуживания\WM_v0.10\WM\EWARM\IAR_WM_v0.10\Obj\stm32f1xx_hal_can.o"
#        "D:\YADisk\#1_work\Автомойка
#        самообслуживания\WM_v0.10\WM\EWARM\IAR_WM_v0.10\Obj\stm32f1xx_hal_cortex.o"
#        "D:\YADisk\#1_work\Автомойка
#        самообслуживания\WM_v0.10\WM\EWARM\IAR_WM_v0.10\Obj\stm32f1xx_hal_crc.o"
#        "D:\YADisk\#1_work\Автомойка
#        самообслуживания\WM_v0.10\WM\EWARM\IAR_WM_v0.10\Obj\stm32f1xx_hal_dma.o"
#        "D:\YADisk\#1_work\Автомойка
#        самообслуживания\WM_v0.10\WM\EWARM\IAR_WM_v0.10\Obj\stm32f1xx_hal_flash.o"
#        "D:\YADisk\#1_work\Автомойка
#        самообслуживания\WM_v0.10\WM\EWARM\IAR_WM_v0.10\Obj\stm32f1xx_hal_flash_ex.o"
#        "D:\YADisk\#1_work\Автомойка
#        самообслуживания\WM_v0.10\WM\EWARM\IAR_WM_v0.10\Obj\stm32f1xx_hal_gpio.o"
#        "D:\YADisk\#1_work\Автомойка
#        самообслуживания\WM_v0.10\WM\EWARM\IAR_WM_v0.10\Obj\stm32f1xx_hal_gpio_ex.o"
#        "D:\YADisk\#1_work\Автомойка
#        самообслуживания\WM_v0.10\WM\EWARM\IAR_WM_v0.10\Obj\stm32f1xx_hal_msp.o"
#        "D:\YADisk\#1_work\Автомойка
#        самообслуживания\WM_v0.10\WM\EWARM\IAR_WM_v0.10\Obj\stm32f1xx_hal_pwr.o"
#        "D:\YADisk\#1_work\Автомойка
#        самообслуживания\WM_v0.10\WM\EWARM\IAR_WM_v0.10\Obj\stm32f1xx_hal_rcc.o"
#        "D:\YADisk\#1_work\Автомойка
#        самообслуживания\WM_v0.10\WM\EWARM\IAR_WM_v0.10\Obj\stm32f1xx_hal_rcc_ex.o"
#        "D:\YADisk\#1_work\Автомойка
#        самообслуживания\WM_v0.10\WM\EWARM\IAR_WM_v0.10\Obj\stm32f1xx_hal_spi.o"
#        "D:\YADisk\#1_work\Автомойка
#        самообслуживания\WM_v0.10\WM\EWARM\IAR_WM_v0.10\Obj\stm32f1xx_hal_spi_ex.o"
#        "D:\YADisk\#1_work\Автомойка
#        самообслуживания\WM_v0.10\WM\EWARM\IAR_WM_v0.10\Obj\stm32f1xx_hal_tim.o"
#        "D:\YADisk\#1_work\Автомойка
#        самообслуживания\WM_v0.10\WM\EWARM\IAR_WM_v0.10\Obj\stm32f1xx_hal_tim_ex.o"
#        "D:\YADisk\#1_work\Автомойка
#        самообслуживания\WM_v0.10\WM\EWARM\IAR_WM_v0.10\Obj\stm32f1xx_hal_uart.o"
#        "D:\YADisk\#1_work\Автомойка
#        самообслуживания\WM_v0.10\WM\EWARM\IAR_WM_v0.10\Obj\stm32f1xx_it.o"
#        "D:\YADisk\#1_work\Автомойка
#        самообслуживания\WM_v0.10\WM\EWARM\IAR_WM_v0.10\Obj\system_stm32f1xx.o"
#        "D:\YADisk\#1_work\Автомойка
#        самообслуживания\WM_v0.10\WM\EWARM\IAR_WM_v0.10\Obj\timeMgmnt.o"
#        "D:\YADisk\#1_work\Автомойка
#        самообслуживания\WM_v0.10\WM\EWARM\IAR_WM_v0.10\Obj\tm_stm32_hd44780.o"
#        "D:\YADisk\#1_work\Автомойка
#        самообслуживания\WM_v0.10\WM\EWARM\IAR_WM_v0.10\Obj\uartDataExchMgmnt.o"
#        --redirect _Printf=_PrintfFull --redirect _Scanf=_ScanfFull -o
#        "D:\YADisk\#1_work\Автомойка
#        самообслуживания\WM_v0.10\WM\EWARM\IAR_WM_v0.10\Exe\IAR_WM_v0.10.out"
#        --map "D:\YADisk\#1_work\Автомойка
#        самообслуживания\WM_v0.10\WM\EWARM\IAR_WM_v0.10\List\IAR_WM_v0.10.map"
#        --config "D:\YADisk\#1_work\Автомойка
#        самообслуживания\WM_v0.10\WM\EWARM/stm32f103xb_flash.icf"
#        --semihosting --entry __iar_program_start --vfe
#
###############################################################################

*******************************************************************************
*** RUNTIME MODEL ATTRIBUTES
***

CppFlavor                     = *
__Heap_Handler                = Basic
__SystemLibrary               = DLib
__dlib_dynamic_initialization = normal


*******************************************************************************
*** PLACEMENT SUMMARY
***

"A0":  place at 0x08000000 { ro section .intvec };
"P1":  place in [from 0x08000000 to 0x0801ffff] { ro };
"P2":  place in [from 0x20000000 to 0x20004fff] { rw, block CSTACK, block HEAP };
initialize by copy { rw };

  Section             Kind        Address    Size  Object
  -------             ----        -------    ----  ------
"A0":                                        0xec
  .intvec             ro code  0x08000000    0xec  startup_stm32f103xb.o [1]
                             - 0x080000ec    0xec

"P1":                                      0x7782
  .text               ro code  0x080000ec  0x119a  xprintffull.o [3]
  .text               ro code  0x08001286    0x20  xmbtowc.o [3]
  .text               ro code  0x080012a6     0xa  xsprout.o [3]
  .text               ro code  0x080012b0    0x16  strchr.o [5]
  .rodata             const    0x080012c6     0x2  stm32f1xx_hal_rcc.o [1]
  .text               ro code  0x080012c8    0x36  strlen.o [5]
  .rodata             const    0x080012fe     0x2  tm_stm32_hd44780.o [1]
  .text               ro code  0x08001300    0x58  memchr.o [5]
  .text               ro code  0x08001358     0xa  xmbcurmax.o [3]
  .rodata             const    0x08001362     0x2  tm_stm32_hd44780.o [1]
  .text               ro code  0x08001364    0xb0  xxmemxmalloc.o [3]
  .text               ro code  0x08001414    0x1a  xwctomb.o [3]
  .text               ro code  0x08001430    0x76  ABImemcpy_unaligned.o [5]
  .text               ro code  0x080014a8    0x80  xxmemxfree.o [3]
  .text               ro code  0x08001528    0xee  I64DivMod.o [5]
  .text               ro code  0x08001616    0x44  xdnorm.o [4]
  .text               ro code  0x0800165c    0x2e  DblCmpLe.o [4]
  .text               ro code  0x0800168c    0x2e  DblCmpGe.o [4]
  .text               ro code  0x080016bc   0x10c  xdscale.o [4]
  .text               ro code  0x080017c8    0x58  DblToI32.o [4]
  .text               ro code  0x08001820    0x30  I32ToDbl.o [4]
  .text               ro code  0x08001850   0x180  DblSub.o [4]
  .text               ro code  0x080019d0   0x1a2  DblMul.o [4]
  .text               ro code  0x08001b74   0x256  DblDiv.o [4]
  .text               ro code  0x08001dcc    0x6c  localeconv.o [3]
  .text               ro code  0x08001e38     0xe  div.o [3]
  .text               ro code  0x08001e48    0x24  setlocale.o [3]
  .text               ro code  0x08001e6c    0x60  xencoding_sb.o [3]
  .text               ro code  0x08001ecc    0x2c  xgetmemchunk.o [3]
  .text               ro code  0x08001ef8     0x2  I64DivZer.o [5]
  .text               ro code  0x08001efc    0xe8  DblAdd.o [4]
  .text               ro code  0x08001fe4     0x2  xtls.o [3]
  .text               ro code  0x08001fe8   0xe92  main.o [1]
  .text               ro code  0x08002e7c   0xacc  portsMgmnt.o [1]
  .text               ro code  0x08003948    0x34  Delay.o [1]
  .text               ro code  0x0800397c   0x23c  stm32f1xx_hal_gpio.o [1]
  .text               ro code  0x08003bb8    0xd8  timeMgmnt.o [1]
  .text               ro code  0x08003c90   0x9b8  tm_stm32_hd44780.o [1]
  .text               ro code  0x08004648    0x32  I32ToFlt.o [4]
  .text               ro code  0x0800467c    0x4e  FltToDbl.o [4]
  .text               ro code  0x080046cc    0x24  FltToU32.o [4]
  .text               ro code  0x080046f0    0x28  stm32f1xx_hal.o [1]
  .text               ro code  0x08004718   0x3d2  stm32f1xx_hal_tim.o [1]
  .text               ro code  0x08004aec   0x8c4  uartDataExchMgmnt.o [1]
  .text               ro code  0x080053b0   0x6b8  stm32f1xx_hal_uart.o [1]
  .text               ro code  0x08005a68    0x90  DblToFlt.o [4]
  .text               ro code  0x08005af8    0x24  FltCmpLe.o [4]
  .text               ro code  0x08005b1c   0x6d4  stm32f1xx_hal_rcc.o [1]
  .text               ro code  0x080061f0   0x11c  stm32f1xx_hal_rcc_ex.o [1]
  .text               ro code  0x0800630c   0x14e  stm32f1xx_hal_cortex.o [1]
  .text               ro code  0x0800645c   0x2e0  stm32f1xx_hal_adc.o [1]
  .text               ro code  0x0800673c   0x154  stm32f1xx_hal_can.o [1]
  .text               ro code  0x08006890    0x24  stm32f1xx_hal_crc.o [1]
  .text               ro code  0x080068b4    0x8a  stm32f1xx_hal_spi_ex.o [1]
  .text               ro code  0x08006940    0x5a  stm32f1xx_hal_tim_ex.o [1]
  .text               ro code  0x0800699a     0x8  abs.o [3]
  .text               ro code  0x080069a4    0x28  stm32f1xx_hal.o [1]
  .text               ro code  0x080069cc   0x30c  stm32f1xx_hal_msp.o [1]
  .text               ro code  0x08006cd8     0x2  stm32f1xx_hal_tim.o [1]
  .text               ro code  0x08006cda     0x2  stm32f1xx_hal_tim.o [1]
  .text               ro code  0x08006cdc     0x2  stm32f1xx_hal_tim.o [1]
  .text               ro code  0x08006cde     0x2  stm32f1xx_hal_tim.o [1]
  .text               ro code  0x08006ce0     0x2  stm32f1xx_hal_tim_ex.o [1]
  .text               ro code  0x08006ce2     0x2  stm32f1xx_hal_tim.o [1]
  .text               ro code  0x08006ce4     0x2  stm32f1xx_hal_tim_ex.o [1]
  .text               ro code  0x08006ce8    0x34  sprintf.o [3]
  .text               ro code  0x08006d1c     0x6  strtol.o [3]
  .text               ro code  0x08006d24    0x38  uartDataExchMgmnt.o [1]
  .text               ro code  0x08006d5c    0x28  uartDataExchMgmnt.o [1]
  .text               ro code  0x08006d84     0xc  stm32f1xx_hal.o [1]
  .text               ro code  0x08006d90    0xcc  stm32f1xx_hal_dma.o [1]
  .text               ro code  0x08006e5c     0x2  stm32f1xx_hal_uart.o [1]
  .text               ro code  0x08006e5e     0x2  stm32f1xx_hal_uart.o [1]
  .text               ro code  0x08006e60     0x2  stm32f1xx_hal_uart.o [1]
  .text               ro code  0x08006e62    0x88  xstol.o [3]
  .text               ro code  0x08006eec    0x66  ABImemset.o [5]
  .text               ro code  0x08006f52    0x14  isxxx.o [3]
  .text               ro code  0x08006f68   0x194  xstoul.o [3]
  .text               ro code  0x080070fc     0xc  errno.o [3]
  .text               ro code  0x08007108    0x14  xlocale_c.o [3]
  .text               ro code  0x0800711c    0x14  tolower.o [3]
  .text               ro code  0x08007130     0xc  xlocale_c.o [3]
  .text               ro code  0x0800713c   0x2b4  stm32f1xx_it.o [1]
  .text               ro code  0x080073f0    0x10  stm32f1xx_hal.o [1]
  .text               ro code  0x08007400    0xf8  moneyAcceptMgmnt.o [1]
  .text               ro code  0x080074f8    0x68  system_stm32f1xx.o [1]
  .rodata             const    0x08007560    0x44  main.o [1]
  .text               ro code  0x080075a4    0x40  zero_init3.o [5]
  .text               ro code  0x080075e4    0x38  packbits_init_single.o [5]
  .text               ro code  0x0800761c    0x28  data_init.o [5]
  .iar.init_table     const    0x08007644    0x20  - Linker created -
  .text               ro code  0x08007664    0x1a  cmain.o [5]
  .text               ro code  0x0800767e     0x4  low_level_init.o [3]
  .text               ro code  0x08007682     0x4  exit.o [3]
  .text               ro code  0x08007688     0xa  cexit.o [5]
  .text               ro code  0x08007694    0x14  exit.o [6]
  .rodata             const    0x080076a8    0x14  tm_stm32_hd44780.o [1]
  .rodata             const    0x080076bc    0x14  tm_stm32_hd44780.o [1]
  .rodata             const    0x080076d0    0x14  tm_stm32_hd44780.o [1]
  .rodata             const    0x080076e4    0x14  tm_stm32_hd44780.o [1]
  .rodata             const    0x080076f8    0x14  tm_stm32_hd44780.o [1]
  .rodata             const    0x0800770c    0x14  tm_stm32_hd44780.o [1]
  .rodata             const    0x08007720    0x14  tm_stm32_hd44780.o [1]
  .rodata             const    0x08007734    0x14  tm_stm32_hd44780.o [1]
  .rodata             const    0x08007748    0x14  tm_stm32_hd44780.o [1]
  .rodata             const    0x0800775c    0x10  stm32f1xx_hal_rcc.o [1]
  .rodata             const    0x0800776c    0x10  system_stm32f1xx.o [1]
  .text               ro code  0x0800777c    0x10  startup_stm32f103xb.o [1]
  .text               ro code  0x0800778c     0xc  cstartup_M.o [5]
  .rodata             const    0x08007798     0x8  main.o [1]
  .rodata             const    0x080077a0     0x8  system_stm32f1xx.o [1]
  .rodata             const    0x080077a8     0x8  tm_stm32_hd44780.o [1]
  .rodata             const    0x080077b0     0x8  tm_stm32_hd44780.o [1]
  .rodata             const    0x080077b8     0x8  tm_stm32_hd44780.o [1]
  .rodata             const    0x080077c0     0x4  tm_stm32_hd44780.o [1]
  .text               ro code  0x080077c4     0x4  startup_stm32f103xb.o [1]
  .text               ro code  0x080077c8     0x4  startup_stm32f103xb.o [1]
  .text               ro code  0x080077cc     0x4  startup_stm32f103xb.o [1]
  .text               ro code  0x080077d0     0x4  startup_stm32f103xb.o [1]
  .text               ro code  0x080077d4     0x4  startup_stm32f103xb.o [1]
  .text               ro code  0x080077d8     0x4  startup_stm32f103xb.o [1]
  .text               ro code  0x080077dc     0x4  startup_stm32f103xb.o [1]
  .text               ro code  0x080077e0     0x4  startup_stm32f103xb.o [1]
  .text               ro code  0x080077e4     0x4  startup_stm32f103xb.o [1]
  .text               ro code  0x080077e8     0x4  startup_stm32f103xb.o [1]
  .text               ro code  0x080077ec     0x4  startup_stm32f103xb.o [1]
  .text               ro code  0x080077f0     0x4  startup_stm32f103xb.o [1]
  .text               ro code  0x080077f4     0x4  startup_stm32f103xb.o [1]
  .text               ro code  0x080077f8     0x4  startup_stm32f103xb.o [1]
  .text               ro code  0x080077fc     0x4  startup_stm32f103xb.o [1]
  .text               ro code  0x08007800     0x4  startup_stm32f103xb.o [1]
  .text               ro code  0x08007804     0x4  startup_stm32f103xb.o [1]
  .text               ro code  0x08007808     0x4  startup_stm32f103xb.o [1]
  .text               ro code  0x0800780c     0x4  startup_stm32f103xb.o [1]
  .text               ro code  0x08007810     0x4  startup_stm32f103xb.o [1]
  .text               ro code  0x08007814     0x4  startup_stm32f103xb.o [1]
  .text               ro code  0x08007818     0x4  startup_stm32f103xb.o [1]
  .text               ro code  0x0800781c     0x4  startup_stm32f103xb.o [1]
  .text               ro code  0x08007820     0x4  startup_stm32f103xb.o [1]
  .text               ro code  0x08007824     0x4  startup_stm32f103xb.o [1]
  .text               ro code  0x08007828     0x4  startup_stm32f103xb.o [1]
  .text               ro code  0x0800782c     0x4  startup_stm32f103xb.o [1]
  .text               ro code  0x08007830     0x4  startup_stm32f103xb.o [1]
  .text               ro code  0x08007834     0x4  startup_stm32f103xb.o [1]
  .text               ro code  0x08007838     0x4  startup_stm32f103xb.o [1]
  .text               ro code  0x0800783c     0x4  startup_stm32f103xb.o [1]
  .text               ro code  0x08007840     0x4  startup_stm32f103xb.o [1]
  .text               ro code  0x08007844     0x4  startup_stm32f103xb.o [1]
  .text               ro code  0x08007848     0x4  startup_stm32f103xb.o [1]
  .rodata             const    0x0800784c     0x0  zero_init3.o [5]
  .rodata             const    0x0800784c     0x0  packbits_init_single.o [5]
  Initializer bytes   const    0x0800784c    0x22  <for P2-1>
                             - 0x0800786e  0x7782

"P2", part 1 of 3:                          0x115
  P2-1                         0x20000000   0x115  <Init block>
    .data             inited   0x20000000     0x4  main.o [1]
    .data             inited   0x20000004     0x4  main.o [1]
    .data             inited   0x20000008     0x4  main.o [1]
    .data             inited   0x2000000c     0x4  system_stm32f1xx.o [1]
    __DLIB_PERTHREAD  inited   0x20000010    0x88  localeconv.o [3]
    __DLIB_PERTHREAD  inited   0x20000098     0x4  errno.o [3]
    __DLIB_PERTHREAD  inited   0x2000009c    0x74  setlocale.o [3]
    .data             inited   0x20000110     0x1  main.o [1]
    .data             inited   0x20000111     0x1  main.o [1]
    .data             inited   0x20000112     0x1  portsMgmnt.o [1]
    .data             inited   0x20000113     0x1  portsMgmnt.o [1]
    .data             inited   0x20000114     0x1  uartDataExchMgmnt.o [1]
                             - 0x20000115   0x115

"P2", part 2 of 3:                          0x600
  CSTACK                       0x20000118   0x400  <Block>
    CSTACK            uninit   0x20000118   0x400  <Block tail>
  HEAP                         0x20000518   0x200  <Block>
    HEAP              uninit   0x20000518   0x200  <Block tail>
                             - 0x20000718   0x600

"P2", part 3 of 3:                          0x67c
  .bss                zero     0x20000718   0x100  uartDataExchMgmnt.o [1]
  .bss                zero     0x20000818   0x100  uartDataExchMgmnt.o [1]
  .bss                zero     0x20000918   0x100  uartDataExchMgmnt.o [1]
  .bss                zero     0x20000a18    0x58  main.o [1]
  .bss                zero     0x20000a70    0x48  main.o [1]
  .bss                zero     0x20000ab8    0x44  main.o [1]
  .bss                zero     0x20000afc    0x40  main.o [1]
  .bss                zero     0x20000b3c    0x40  main.o [1]
  .bss                zero     0x20000b7c    0x40  main.o [1]
  .bss                zero     0x20000bbc    0x40  main.o [1]
  .bss                zero     0x20000bfc    0x30  main.o [1]
  .bss                zero     0x20000c2c    0x1c  main.o [1]
  .bss                zero     0x20000c48    0x14  main.o [1]
  .bss                zero     0x20000c5c    0x10  portsMgmnt.o [1]
  .bss                zero     0x20000c6c    0x10  portsMgmnt.o [1]
  .bss                zero     0x20000c7c    0x10  portsMgmnt.o [1]
  .bss                zero     0x20000c8c     0xc  main.o [1]
  .bss                zero     0x20000c98     0xc  portsMgmnt.o [1]
  .bss                zero     0x20000ca4     0xc  portsMgmnt.o [1]
  .bss                zero     0x20000cb0     0x8  main.o [1]
  .bss                zero     0x20000cb8     0x8  main.o [1]
  .bss                zero     0x20000cc0     0x8  main.o [1]
  .bss                zero     0x20000cc8     0x8  main.o [1]
  .bss                zero     0x20000cd0     0x8  moneyAcceptMgmnt.o [1]
  .bss                zero     0x20000cd8     0x8  moneyAcceptMgmnt.o [1]
  .bss                zero     0x20000ce0     0x8  portsMgmnt.o [1]
  .bss                zero     0x20000ce8     0x8  portsMgmnt.o [1]
  .bss                zero     0x20000cf0     0x8  portsMgmnt.o [1]
  .bss                zero     0x20000cf8     0x8  portsMgmnt.o [1]
  .bss                zero     0x20000d00     0x8  portsMgmnt.o [1]
  .bss                zero     0x20000d08     0x8  portsMgmnt.o [1]
  .bss                zero     0x20000d10     0x8  portsMgmnt.o [1]
  .bss                zero     0x20000d18     0x8  portsMgmnt.o [1]
  .bss                zero     0x20000d20     0x8  portsMgmnt.o [1]
  .bss                zero     0x20000d28     0x8  timeMgmnt.o [1]
  .bss                zero     0x20000d30     0x8  tm_stm32_hd44780.o [1]
  .bss                zero     0x20000d38     0x8  xxmemxmalloc.o [3]
  .bss                zero     0x20000d40     0x4  main.o [1]
  .bss                zero     0x20000d44     0x4  main.o [1]
  .bss                zero     0x20000d48     0x4  portsMgmnt.o [1]
  .bss                zero     0x20000d4c     0x4  portsMgmnt.o [1]
  .bss                zero     0x20000d50     0x4  portsMgmnt.o [1]
  .bss                zero     0x20000d54     0x4  portsMgmnt.o [1]
  .bss                zero     0x20000d58     0x4  stm32f1xx_hal.o [1]
  .bss                zero     0x20000d5c     0x4  xgetmemchunk.o [3]
  .bss                zero     0x20000d60     0x2  portsMgmnt.o [1]
  .bss                zero     0x20000d62     0x2  portsMgmnt.o [1]
  .bss                zero     0x20000d64     0x2  portsMgmnt.o [1]
  .bss                zero     0x20000d66     0x2  portsMgmnt.o [1]
  .bss                zero     0x20000d68     0x2  portsMgmnt.o [1]
  .bss                zero     0x20000d6a     0x2  portsMgmnt.o [1]
  .bss                zero     0x20000d6c     0x2  portsMgmnt.o [1]
  .bss                zero     0x20000d6e     0x2  portsMgmnt.o [1]
  .bss                zero     0x20000d70     0x2  portsMgmnt.o [1]
  .bss                zero     0x20000d72     0x2  portsMgmnt.o [1]
  .bss                zero     0x20000d74     0x2  portsMgmnt.o [1]
  .bss                zero     0x20000d76     0x2  portsMgmnt.o [1]
  .bss                zero     0x20000d78     0x2  stm32f1xx_it.o [1]
  .bss                zero     0x20000d7a     0x1  main.o [1]
  .bss                zero     0x20000d7b     0x1  moneyAcceptMgmnt.o [1]
  .bss                zero     0x20000d7c     0x1  moneyAcceptMgmnt.o [1]
  .bss                zero     0x20000d7d     0x1  portsMgmnt.o [1]
  .bss                zero     0x20000d7e     0x1  portsMgmnt.o [1]
  .bss                zero     0x20000d7f     0x1  portsMgmnt.o [1]
  .bss                zero     0x20000d80     0x1  portsMgmnt.o [1]
  .bss                zero     0x20000d81     0x1  portsMgmnt.o [1]
  .bss                zero     0x20000d82     0x1  portsMgmnt.o [1]
  .bss                zero     0x20000d83     0x1  portsMgmnt.o [1]
  .bss                zero     0x20000d84     0x1  portsMgmnt.o [1]
  .bss                zero     0x20000d85     0x1  portsMgmnt.o [1]
  .bss                zero     0x20000d86     0x1  portsMgmnt.o [1]
  .bss                zero     0x20000d87     0x1  portsMgmnt.o [1]
  .bss                zero     0x20000d88     0x1  portsMgmnt.o [1]
  .bss                zero     0x20000d89     0x1  portsMgmnt.o [1]
  .bss                zero     0x20000d8a     0x1  portsMgmnt.o [1]
  .bss                zero     0x20000d8b     0x1  portsMgmnt.o [1]
  .bss                zero     0x20000d8c     0x1  portsMgmnt.o [1]
  .bss                zero     0x20000d8d     0x1  portsMgmnt.o [1]
  .bss                zero     0x20000d8e     0x1  portsMgmnt.o [1]
  .bss                zero     0x20000d8f     0x1  stm32f1xx_it.o [1]
  .bss                zero     0x20000d90     0x1  uartDataExchMgmnt.o [1]
                             - 0x20000d91   0x679


*******************************************************************************
*** INIT TABLE
***

          Address     Size
          -------     ----
Zero (__iar_zero_init3)
    1 destination range, total size 0x679:
          0x20000718  0x679

Copy/packbits (__iar_packbits_init_single3)
    1 source range, total size 0x22 (12% of destination):
          0x0800784c   0x22
    1 destination range, total size 0x115:
          0x20000000  0x115



*******************************************************************************
*** MODULE SUMMARY
***

    Module                  ro code  ro data  rw data
    ------                  -------  -------  -------
D:\YADisk\#1_work\Автомойка самообслуживания\WM_v0.10\WM\EWARM\IAR_WM_v0.10\Obj: [1]
    Delay.o                      52
    main.o                    3 730       77      647
    moneyAcceptMgmnt.o          248                18
    portsMgmnt.o              2 764               204
    startup_stm32f103xb.o       388
    stm32f1xx_hal.o             108                 4
    stm32f1xx_hal_adc.o         736
    stm32f1xx_hal_can.o         340
    stm32f1xx_hal_cortex.o      334
    stm32f1xx_hal_crc.o          36
    stm32f1xx_hal_dma.o         204
    stm32f1xx_hal_gpio.o        572
    stm32f1xx_hal_msp.o         780
    stm32f1xx_hal_rcc.o       1 748       18
    stm32f1xx_hal_rcc_ex.o      284
    stm32f1xx_hal_spi_ex.o      138
    stm32f1xx_hal_tim.o         988
    stm32f1xx_hal_tim_ex.o       94
    stm32f1xx_hal_uart.o      1 726
    stm32f1xx_it.o              692                 3
    system_stm32f1xx.o          104       24        4
    timeMgmnt.o                 216                 8
    tm_stm32_hd44780.o        2 488      212        8
    uartDataExchMgmnt.o       2 340        1      770
    -------------------------------------------------
    Total:                   21 110      332    1 666

command line: [2]
    -------------------------------------------------
    Total:

dl7M_tlf.a: [3]
    abs.o                         8
    div.o                        14
    errno.o                      12        1        4
    exit.o                        4
    isxxx.o                      20
    localeconv.o                108       17      136
    low_level_init.o              4
    setlocale.o                  36       14      116
    sprintf.o                    52
    strtol.o                      6
    tolower.o                    20
    xencoding_sb.o               96
    xgetmemchunk.o               44                 4
    xlocale_c.o                  32
    xmbcurmax.o                  10
    xmbtowc.o                    32
    xprintffull.o             4 506
    xsprout.o                    10
    xstol.o                     136
    xstoul.o                    404
    xtls.o                        2
    xwctomb.o                    26
    xxmemxfree.o                128
    xxmemxmalloc.o              176                 8
    -------------------------------------------------
    Total:                    5 886       32      268

m7M_tl.a: [4]
    DblAdd.o                    232
    DblCmpGe.o                   46
    DblCmpLe.o                   46
    DblDiv.o                    598
    DblMul.o                    418
    DblSub.o                    384
    DblToFlt.o                  144
    DblToI32.o                   88
    FltCmpLe.o                   36
    FltToDbl.o                   78
    FltToU32.o                   36
    I32ToDbl.o                   48
    I32ToFlt.o                   50
    xdnorm.o                     68
    xdscale.o                   268
    -------------------------------------------------
    Total:                    2 540

rt7M_tl.a: [5]
    ABImemcpy_unaligned.o       118
    ABImemset.o                 102
    I64DivMod.o                 238
    I64DivZer.o                   2
    cexit.o                      10
    cmain.o                      26
    cstartup_M.o                 12
    data_init.o                  40
    memchr.o                     88
    packbits_init_single.o       56
    strchr.o                     22
    strlen.o                     54
    zero_init3.o                 64
    -------------------------------------------------
    Total:                      832

shb_l.a: [6]
    exit.o                       20
    -------------------------------------------------
    Total:                       20

    Gaps                         46
    Linker created                        32    1 536
-----------------------------------------------------
    Grand Total:             30 434      396    3 470


*******************************************************************************
*** ENTRY LIST
***

Entry                      Address   Size  Type      Object
-----                      -------   ----  ----      ------
.iar.init_table$$Base   0x08007644          --   Gb  - Linker created -
.iar.init_table$$Limit  0x08007664          --   Gb  - Linker created -
?main                   0x08007665         Code  Gb  cmain.o [5]
ADC_ConversionStop_Disable
                        0x080066f1   0x4a  Code  Gb  stm32f1xx_hal_adc.o [1]
AHBPrescTable           0x0800776c   0x10  Data  Gb  system_stm32f1xx.o [1]
APBPrescTable           0x080077a0    0x8  Data  Gb  system_stm32f1xx.o [1]
BusFault_Handler        0x08007143    0x2  Code  Gb  stm32f1xx_it.o [1]
CSTACK$$Base            0x20000118          --   Gb  - Linker created -
CSTACK$$Limit           0x20000518          --   Gb  - Linker created -
DebugMon_Handler        0x08007149    0x2  Code  Gb  stm32f1xx_it.o [1]
EXTI0_IRQHandler        0x08007159    0xa  Code  Gb  stm32f1xx_it.o [1]
EXTI15_10_IRQHandler    0x080073bd   0x34  Code  Gb  stm32f1xx_it.o [1]
EXTI1_IRQHandler        0x08007163    0xa  Code  Gb  stm32f1xx_it.o [1]
EXTI2_IRQHandler        0x0800716d    0xa  Code  Gb  stm32f1xx_it.o [1]
EXTI3_IRQHandler        0x08007177    0xa  Code  Gb  stm32f1xx_it.o [1]
EXTI4_IRQHandler        0x08007181    0xa  Code  Gb  stm32f1xx_it.o [1]
EXTI9_5_IRQHandler      0x0800718b   0x26  Code  Gb  stm32f1xx_it.o [1]
HAL_ADC_ConfigChannel   0x08006593  0x148  Code  Gb  stm32f1xx_hal_adc.o [1]
HAL_ADC_Init            0x0800645d  0x136  Code  Gb  stm32f1xx_hal_adc.o [1]
HAL_ADC_MspInit         0x08006a69   0x3a  Code  Gb  stm32f1xx_hal_msp.o [1]
HAL_CAN_Init            0x0800673d  0x154  Code  Gb  stm32f1xx_hal_can.o [1]
HAL_CAN_MspInit         0x08006aa3   0x54  Code  Gb  stm32f1xx_hal_msp.o [1]
HAL_CRC_Init            0x08006891   0x24  Code  Gb  stm32f1xx_hal_crc.o [1]
HAL_CRC_MspInit         0x08006af7   0x26  Code  Gb  stm32f1xx_hal_msp.o [1]
HAL_DMA_Abort_IT        0x08006d91   0xae  Code  Gb  stm32f1xx_hal_dma.o [1]
HAL_GPIO_EXTI_Callback  0x080036bf  0x1a2  Code  Gb  portsMgmnt.o [1]
HAL_GPIO_EXTI_Callback::c1
                        0x20000d62    0x2  Data  Lc  portsMgmnt.o [1]
HAL_GPIO_EXTI_Callback::c10
                        0x20000d74    0x2  Data  Lc  portsMgmnt.o [1]
HAL_GPIO_EXTI_Callback::c11
                        0x20000d76    0x2  Data  Lc  portsMgmnt.o [1]
HAL_GPIO_EXTI_Callback::c2
                        0x20000d64    0x2  Data  Lc  portsMgmnt.o [1]
HAL_GPIO_EXTI_Callback::c3
                        0x20000d66    0x2  Data  Lc  portsMgmnt.o [1]
HAL_GPIO_EXTI_Callback::c4
                        0x20000d68    0x2  Data  Lc  portsMgmnt.o [1]
HAL_GPIO_EXTI_Callback::c5
                        0x20000d6a    0x2  Data  Lc  portsMgmnt.o [1]
HAL_GPIO_EXTI_Callback::c6
                        0x20000d6c    0x2  Data  Lc  portsMgmnt.o [1]
HAL_GPIO_EXTI_Callback::c7
                        0x20000d6e    0x2  Data  Lc  portsMgmnt.o [1]
HAL_GPIO_EXTI_Callback::c8
                        0x20000d70    0x2  Data  Lc  portsMgmnt.o [1]
HAL_GPIO_EXTI_Callback::c9
                        0x20000d72    0x2  Data  Lc  portsMgmnt.o [1]
HAL_GPIO_EXTI_Callback::lastPinNum
                        0x20000d60    0x2  Data  Lc  portsMgmnt.o [1]
HAL_GPIO_EXTI_Callback{13}{14}{15}{16}::lastTimeButton
                        0x20000d00    0x8  Data  Lc  portsMgmnt.o [1]
HAL_GPIO_EXTI_Callback{13}{14}{15}{16}{17}{18}::usrBtCnt
                        0x20000d8e    0x1  Data  Lc  portsMgmnt.o [1]
HAL_GPIO_EXTI_Callback{13}{14}{19}{20}::lastTimeButton
                        0x20000d08    0x8  Data  Lc  portsMgmnt.o [1]
HAL_GPIO_EXTI_Callback{13}{14}{22}{23}::lastTimeButton
                        0x20000d10    0x8  Data  Lc  portsMgmnt.o [1]
HAL_GPIO_EXTI_Callback{13}{14}{25}{26}::lastTimeButton
                        0x20000d18    0x8  Data  Lc  portsMgmnt.o [1]
HAL_GPIO_EXTI_Callback{13}{14}{28}{29}::lastTimeButton
                        0x20000d20    0x8  Data  Lc  portsMgmnt.o [1]
HAL_GPIO_EXTI_IRQHandler
                        0x08003b59   0x1a  Code  Gb  stm32f1xx_hal_gpio.o [1]
HAL_GPIO_Init           0x0800397d  0x1b6  Code  Gb  stm32f1xx_hal_gpio.o [1]
HAL_GPIO_ReadPin        0x08003b33   0x12  Code  Gb  stm32f1xx_hal_gpio.o [1]
HAL_GPIO_WritePin       0x08003b45   0x14  Code  Gb  stm32f1xx_hal_gpio.o [1]
HAL_GetTick             0x08006d85    0xc  Code  Wk  stm32f1xx_hal.o [1]
HAL_IncTick             0x080073f1   0x10  Code  Wk  stm32f1xx_hal.o [1]
HAL_Init                0x080046f1   0x22  Code  Gb  stm32f1xx_hal.o [1]
HAL_InitTick            0x080069a5   0x28  Code  Wk  stm32f1xx_hal.o [1]
HAL_MspInit             0x080069cd   0x9c  Code  Gb  stm32f1xx_hal_msp.o [1]
HAL_NVIC_EnableIRQ      0x080063ff    0xa  Code  Gb  stm32f1xx_hal_cortex.o [1]
HAL_NVIC_SetPriority    0x080063dd   0x22  Code  Gb  stm32f1xx_hal_cortex.o [1]
HAL_NVIC_SetPriorityGrouping
                        0x080063d5    0x8  Code  Gb  stm32f1xx_hal_cortex.o [1]
HAL_RCCEx_PeriphCLKConfig
                        0x080061f1  0x108  Code  Gb  stm32f1xx_hal_rcc_ex.o [1]
HAL_RCC_ClockConfig     0x08005f6f  0x180  Code  Gb  stm32f1xx_hal_rcc.o [1]
HAL_RCC_GetHCLKFreq     0x08006155    0x6  Code  Gb  stm32f1xx_hal_rcc.o [1]
HAL_RCC_GetPCLK1Freq    0x0800615b   0x16  Code  Gb  stm32f1xx_hal_rcc.o [1]
HAL_RCC_GetPCLK2Freq    0x08006171   0x16  Code  Gb  stm32f1xx_hal_rcc.o [1]
HAL_RCC_GetSysClockFreq
                        0x080060ef   0x66  Code  Gb  stm32f1xx_hal_rcc.o [1]
HAL_RCC_OscConfig       0x08005b1d  0x452  Code  Gb  stm32f1xx_hal_rcc.o [1]
HAL_SPI_Init            0x080068b5   0x8a  Code  Gb  stm32f1xx_hal_spi_ex.o [1]
HAL_SPI_MspInit         0x08006b1d   0x54  Code  Gb  stm32f1xx_hal_msp.o [1]
HAL_SYSTICK_CLKSourceConfig
                        0x08006411   0x20  Code  Gb  stm32f1xx_hal_cortex.o [1]
HAL_SYSTICK_Callback    0x08006459    0x2  Code  Wk  stm32f1xx_hal_cortex.o [1]
HAL_SYSTICK_Config      0x08006409    0x8  Code  Gb  stm32f1xx_hal_cortex.o [1]
HAL_SYSTICK_IRQHandler  0x08006451    0x8  Code  Gb  stm32f1xx_hal_cortex.o [1]
HAL_TIMEx_BreakCallback
                        0x08006ce1    0x2  Code  Wk  stm32f1xx_hal_tim_ex.o [1]
HAL_TIMEx_CommutationCallback
                        0x08006ce5    0x2  Code  Wk  stm32f1xx_hal_tim_ex.o [1]
HAL_TIMEx_MasterConfigSynchronization
                        0x08006941   0x58  Code  Gb  stm32f1xx_hal_tim_ex.o [1]
HAL_TIM_Base_Init       0x08004719   0x38  Code  Gb  stm32f1xx_hal_tim.o [1]
HAL_TIM_Base_MspInit    0x08006b71   0x34  Code  Gb  stm32f1xx_hal_msp.o [1]
HAL_TIM_Base_Start_IT   0x08004751   0x1c  Code  Gb  stm32f1xx_hal_tim.o [1]
HAL_TIM_ConfigClockSource
                        0x080048e3  0x118  Code  Gb  stm32f1xx_hal_tim.o [1]
HAL_TIM_IC_CaptureCallback
                        0x08006cd9    0x2  Code  Wk  stm32f1xx_hal_tim.o [1]
HAL_TIM_IRQHandler      0x0800476d  0x176  Code  Gb  stm32f1xx_hal_tim.o [1]
HAL_TIM_OC_DelayElapsedCallback
                        0x08006cdb    0x2  Code  Wk  stm32f1xx_hal_tim.o [1]
HAL_TIM_PWM_PulseFinishedCallback
                        0x08006cdd    0x2  Code  Wk  stm32f1xx_hal_tim.o [1]
HAL_TIM_PeriodElapsedCallback
                        0x08006cdf    0x2  Code  Wk  stm32f1xx_hal_tim.o [1]
HAL_TIM_TriggerCallback
                        0x08006ce3    0x2  Code  Wk  stm32f1xx_hal_tim.o [1]
HAL_UART_ErrorCallback  0x08006e5d    0x2  Code  Wk  stm32f1xx_hal_uart.o [1]
HAL_UART_IRQHandler     0x080055bf  0x134  Code  Gb  stm32f1xx_hal_uart.o [1]
HAL_UART_Init           0x080053b1   0x76  Code  Gb  stm32f1xx_hal_uart.o [1]
HAL_UART_MspInit        0x08006ba5   0xfc  Code  Gb  stm32f1xx_hal_msp.o [1]
HAL_UART_Receive_IT     0x08005555   0x6a  Code  Gb  stm32f1xx_hal_uart.o [1]
HAL_UART_RxCpltCallback
                        0x08006e61    0x2  Code  Wk  stm32f1xx_hal_uart.o [1]
HAL_UART_Transmit       0x08005427   0xdc  Code  Gb  stm32f1xx_hal_uart.o [1]
HAL_UART_Transmit_IT    0x08005503   0x52  Code  Gb  stm32f1xx_hal_uart.o [1]
HAL_UART_TxCpltCallback
                        0x08006e5f    0x2  Code  Wk  stm32f1xx_hal_uart.o [1]
HD44780_Opts            0x20000d30    0x8  Data  Gb  tm_stm32_hd44780.o [1]
HEAP$$Base              0x20000518          --   Gb  - Linker created -
HEAP$$Limit             0x20000718          --   Gb  - Linker created -
HardFault_Handler       0x0800713f    0x2  Code  Gb  stm32f1xx_it.o [1]
LoadInt                 0x08000763   0x6e  Code  Lc  xprintffull.o [3]
MX_ADC1_Init            0x080028a9   0x7e  Code  Lc  main.o [1]
MX_CAN_Init             0x08002927   0x7e  Code  Lc  main.o [1]
MX_CRC_Init             0x080029a5   0x26  Code  Lc  main.o [1]
MX_GPIO_Init            0x08002bd1  0x216  Code  Lc  main.o [1]
MX_SPI2_Init            0x080029cb   0x80  Code  Lc  main.o [1]
MX_TIM3_Init            0x08002a4b   0x96  Code  Lc  main.o [1]
MX_USART1_UART_Init     0x08002ae1   0x4c  Code  Lc  main.o [1]
MX_USART2_UART_Init     0x08002b2d   0x4a  Code  Lc  main.o [1]
MX_USART3_UART_Init     0x08002b77   0x4a  Code  Lc  main.o [1]
MemManage_Handler       0x08007141    0x2  Code  Gb  stm32f1xx_it.o [1]
NMI_Handler             0x0800713d    0x2  Code  Gb  stm32f1xx_it.o [1]
NVIC_EnableIRQ          0x08006333   0x14  Code  Lc  stm32f1xx_hal_cortex.o [1]
NVIC_EncodePriority     0x08006369   0x3e  Code  Lc  stm32f1xx_hal_cortex.o [1]
NVIC_GetPriorityGrouping
                        0x08006329    0xa  Code  Lc  stm32f1xx_hal_cortex.o [1]
NVIC_SetPriority        0x08006347   0x22  Code  Lc  stm32f1xx_hal_cortex.o [1]
NVIC_SetPriorityGrouping
                        0x0800630d   0x1c  Code  Lc  stm32f1xx_hal_cortex.o [1]
PendSV_Handler          0x0800714b    0x2  Code  Gb  stm32f1xx_it.o [1]
RCC_Delay               0x08006187   0x24  Code  Lc  stm32f1xx_hal_rcc.o [1]
Region$$Table$$Base     0x08007644          --   Gb  - Linker created -
Region$$Table$$Limit    0x08007664          --   Gb  - Linker created -
SVC_Handler             0x08007147    0x2  Code  Gb  stm32f1xx_it.o [1]
SysTick_Config          0x080063a7   0x2e  Code  Lc  stm32f1xx_hal_cortex.o [1]
SysTick_Handler         0x0800714d    0xc  Code  Gb  stm32f1xx_it.o [1]
SystemClock_Config      0x080027f9   0xb0  Code  Gb  main.o [1]
SystemCoreClock         0x2000000c    0x4  Data  Gb  system_stm32f1xx.o [1]
SystemInit              0x080074f9   0x4e  Code  Gb  system_stm32f1xx.o [1]
TIM3_IRQHandler         0x080071b1  0x1ca  Code  Gb  stm32f1xx_it.o [1]
TIM3_IRQHandler::lastConsumPump
                        0x20000d8f    0x1  Data  Lc  stm32f1xx_it.o [1]
TIM3_IRQHandler::millisCounter
                        0x20000d78    0x2  Data  Lc  stm32f1xx_it.o [1]
TIM_Base_SetConfig      0x080049fb   0x66  Code  Gb  stm32f1xx_hal_tim.o [1]
TIM_ETR_SetConfig       0x08004ad3   0x18  Code  Lc  stm32f1xx_hal_tim.o [1]
TIM_ITRx_SetConfig      0x08004abf   0x14  Code  Lc  stm32f1xx_hal_tim.o [1]
TIM_TI1_ConfigInputStage
                        0x08004a6d   0x28  Code  Lc  stm32f1xx_hal_tim.o [1]
TIM_TI2_ConfigInputStage
                        0x08004a95   0x2a  Code  Lc  stm32f1xx_hal_tim.o [1]
TM_HD44780_Clear        0x08003d91   0x12  Code  Gb  tm_stm32_hd44780.o [1]
TM_HD44780_Cmd          0x08003e63   0x24  Code  Lc  tm_stm32_hd44780.o [1]
TM_HD44780_Cmd4bit      0x08003eab   0xa2  Code  Lc  tm_stm32_hd44780.o [1]
TM_HD44780_CursorSet    0x08003f4d   0x3e  Code  Lc  tm_stm32_hd44780.o [1]
TM_HD44780_Data         0x08003e87   0x24  Code  Lc  tm_stm32_hd44780.o [1]
TM_HD44780_DisplayOn    0x08003e3f   0x24  Code  Gb  tm_stm32_hd44780.o [1]
TM_HD44780_Init         0x08003c91  0x100  Code  Gb  tm_stm32_hd44780.o [1]
TM_HD44780_InitPins     0x08003f8b   0x94  Code  Lc  tm_stm32_hd44780.o [1]
TM_HD44780_Puts         0x08003da3   0x9c  Code  Gb  tm_stm32_hd44780.o [1]
UART_DMAAbortOnError    0x08005785   0x12  Code  Lc  stm32f1xx_hal_uart.o [1]
UART_EndRxTransfer      0x08005763   0x20  Code  Lc  stm32f1xx_hal_uart.o [1]
UART_EndTransmit_IT     0x08005803   0x1c  Code  Lc  stm32f1xx_hal_uart.o [1]
UART_Receive_IT         0x0800581f   0xa8  Code  Lc  stm32f1xx_hal_uart.o [1]
UART_SetConfig          0x080058c7  0x198  Code  Lc  stm32f1xx_hal_uart.o [1]
UART_Transmit_IT        0x08005799   0x6a  Code  Lc  stm32f1xx_hal_uart.o [1]
UART_WaitOnFlagUntilTimeout
                        0x080056f3   0x70  Code  Lc  stm32f1xx_hal_uart.o [1]
USART1_IRQHandler       0x0800737b   0x1e  Code  Gb  stm32f1xx_it.o [1]
UsageFault_Handler      0x08007145    0x2  Code  Gb  stm32f1xx_it.o [1]
_EncodingSb_Mbtowc      0x08001e87   0x30  Code  Gb  xencoding_sb.o [3]
_EncodingSb_Mbtowc::initial
                        0x08001ec4    0x8  Data  Lc  xencoding_sb.o [3]
_EncodingSb_Wctomb      0x08001e6d   0x1a  Code  Gb  xencoding_sb.o [3]
_EncodingSb_Wctomb::initial
                        0x08001ebc    0x8  Data  Lc  xencoding_sb.o [3]
_Error_Handler          0x08002e79    0x2  Code  Gb  main.o [1]
_GenldFull              0x08000fe9  0x254  Code  Lc  xprintffull.o [3]
_IsdstStr               0x200000a0    0x4  Data  Gb  setlocale.o [3]
_LdtobFull              0x08000be9  0x3fa  Code  Lc  xprintffull.o [3]
_LitobFull              0x08000add  0x10a  Code  Lc  xprintffull.o [3]
_LocaleC_isspace        0x08007109   0x14  Code  Gb  xlocale_c.o [3]
_LocaleC_tolower        0x08007131    0xc  Code  Gb  xlocale_c.o [3]
_LocaleEncoding         0x08001e5b    0xe  Code  Gb  setlocale.o [3]
_LocaleForCat           0x08001e49   0x12  Code  Gb  setlocale.o [3]
_LocaleReturnString     0x200000c0   0x50  Data  Lc  setlocale.o [3]
_Locale_Profile         0x200000a4   0x1c  Data  Gb  setlocale.o [3]
_Locale_aeabi_lconv     0x20000060   0x38  Data  Gb  localeconv.o [3]
_Locale_lconv           0x20000010   0x50  Data  Gb  localeconv.o [3]
_Mbtowc                 0x08001287   0x20  Code  Gb  xmbtowc.o [3]
_PrintfFull             0x080000ed  0x660  Code  Gb  xprintffull.o [3]
_PutcharsFull           0x0800123d   0x2e  Code  Lc  xprintffull.o [3]
_PutstrFull             0x080007d1  0x306  Code  Lc  xprintffull.o [3]
_SProut                 0x080012a7    0xa  Code  Gb  xsprout.o [3]
_TzoneStr               0x2000009c    0x4  Data  Gb  setlocale.o [3]
_Wctomb                 0x08001415   0x1a  Code  Gb  xwctomb.o [3]
__aeabi_cdcmple         0x0800165d         Code  Gb  DblCmpLe.o [4]
__aeabi_cdrcmple        0x0800168d         Code  Gb  DblCmpGe.o [4]
__aeabi_cfcmple         0x08005af9         Code  Gb  FltCmpLe.o [4]
__aeabi_d2f             0x08005a69         Code  Gb  DblToFlt.o [4]
__aeabi_d2iz            0x080017c9         Code  Gb  DblToI32.o [4]
__aeabi_d2uiz           0x080017f5         Code  Gb  DblToI32.o [4]
__aeabi_dadd            0x08001efd         Code  Gb  DblAdd.o [4]
__aeabi_ddiv            0x08001b75         Code  Gb  DblDiv.o [4]
__aeabi_dmul            0x080019d1         Code  Gb  DblMul.o [4]
__aeabi_dsub            0x08001851         Code  Gb  DblSub.o [4]
__aeabi_errno_addr      0x080070fd    0x6  Code  Gb  errno.o [3]
__aeabi_f2d             0x0800467d         Code  Gb  FltToDbl.o [4]
__aeabi_f2uiz           0x080046cd         Code  Gb  FltToU32.o [4]
__aeabi_i2d             0x08001821         Code  Gb  I32ToDbl.o [4]
__aeabi_i2f             0x08004649         Code  Gb  I32ToFlt.o [4]
__aeabi_ldiv0           0x08001ef9         Code  Gb  I64DivZer.o [5]
__aeabi_memset          0x08006eed         Code  Gb  ABImemset.o [5]
__aeabi_ui2d            0x08001835         Code  Gb  I32ToDbl.o [4]
__aeabi_ui2f            0x0800465d         Code  Gb  I32ToFlt.o [4]
__aeabi_uldivmod        0x08001529         Code  Gb  I64DivMod.o [5]
__cmain                 0x08007665         Code  Gb  cmain.o [5]
__data_Aldata           0x20000d38    0x8  Data  Gb  xxmemxmalloc.o [3]
__data_GetMemChunk      0x08001ecd   0x2c  Code  Gb  xgetmemchunk.o [3]
__data_GetMemChunk::start
                        0x20000d5c    0x4  Data  Lc  xgetmemchunk.o [3]
__exit                  0x08007695   0x14  Code  Gb  exit.o [6]
__iar_Dnorm             0x08001617   0x44  Code  Gb  xdnorm.o [4]
__iar_Dscale            0x080016bd  0x10c  Code  Gb  xdscale.o [4]
__iar_Errno             0x20000098    0x4  Data  Gb  errno.o [3]
__iar_Locale_lconv_init
                        0x08001dcd   0x3a  Code  Gb  localeconv.o [3]
__iar_Mbcurmax          0x08001359    0xa  Code  Gb  xmbcurmax.o [3]
__iar_Memchr            0x08001301         Code  Gb  memchr.o [5]
__iar_Memset            0x08006eed         Code  Gb  ABImemset.o [5]
__iar_Memset_word       0x08006ef5         Code  Gb  ABImemset.o [5]
__iar_Stolx             0x08006e63   0x88  Code  Gb  xstol.o [3]
__iar_Stoulx            0x08006f69  0x13e  Code  Gb  xstoul.o [3]
__iar_Strchr            0x080012b1         Code  Gb  strchr.o [5]
__iar_d2uiz             0x08001801         Code  Gb  DblToI32.o [4]
__iar_dadd              0x08001f11         Code  Gb  DblAdd.o [4]
__iar_data_init3        0x0800761d   0x28  Code  Gb  data_init.o [5]
__iar_dlib_perthread_access
                        0x08001fe5    0x2  Code  Gb  xtls.o [3]
__iar_dsub              0x08001865         Code  Gb  DblSub.o [4]
__iar_dsubStart         0x08001877         Code  Gb  DblSub.o [4]
__iar_packbits_init_single3
                        0x080075e5   0x38  Code  Gb  packbits_init_single.o [5]
__iar_program_start     0x0800778d         Code  Gb  cstartup_M.o [5]
__iar_ui2d              0x08001839         Code  Gb  I32ToDbl.o [4]
__iar_ui2f              0x08004661         Code  Gb  I32ToFlt.o [4]
__iar_unaligned___aeabi_memcpy
                        0x08001431         Code  Gb  ABImemcpy_unaligned.o [5]
__iar_unaligned___aeabi_memcpy4
                        0x08001451         Code  Gb  ABImemcpy_unaligned.o [5]
__iar_unaligned___aeabi_memcpy8
                        0x08001451         Code  Gb  ABImemcpy_unaligned.o [5]
__iar_zero_init3        0x080075a5   0x40  Code  Gb  zero_init3.o [5]
__low_level_init        0x0800767f    0x4  Code  Gb  low_level_init.o [3]
__vector_table          0x08000000         Data  Gb  startup_stm32f103xb.o [1]
_call_main              0x08007671         Code  Gb  cmain.o [5]
_exit                   0x08007689         Code  Gb  cexit.o [5]
_main                   0x0800767b         Code  Gb  cmain.o [5]
abs                     0x0800699b    0x8  Code  Gb  abs.o [3]
buttonMgmnt             0x080020ef   0xc6  Code  Gb  main.o [1]
buttonsDisabledTime     0x20000ce0    0x8  Data  Gb  portsMgmnt.o [1]
checkCoinMoney          0x08007401   0x68  Code  Gb  moneyAcceptMgmnt.o [1]
checkCoinMoney::trueFlag
                        0x20000d7b    0x1  Data  Lc  moneyAcceptMgmnt.o [1]
checkCoinMoney::trueTime
                        0x20000cd0    0x8  Data  Lc  moneyAcceptMgmnt.o [1]
checkFreeMode           0x08002f49   0x24  Code  Gb  portsMgmnt.o [1]
checkInput10Counter     0x080034a5  0x21a  Code  Gb  portsMgmnt.o [1]
checkInput10Counter::firInput
                        0x20000c7c   0x10  Data  Lc  portsMgmnt.o [1]
checkInput10Counter::firstExecute
                        0x20000113    0x1  Data  Lc  portsMgmnt.o [1]
checkInput10Counter::i  0x20000d8d    0x1  Data  Lc  portsMgmnt.o [1]
checkInput10Counter::in101
                        0x20000d50    0x4  Data  Lc  portsMgmnt.o [1]
checkInput10Counter::in102
                        0x20000d54    0x4  Data  Lc  portsMgmnt.o [1]
checkInput10Counter::inDataIN
                        0x20000ca4    0xc  Data  Lc  portsMgmnt.o [1]
checkInput10Counter::newValForCalib
                        0x20000d8c    0x1  Data  Lc  portsMgmnt.o [1]
checkInput10Counter::p  0x20000d89    0x1  Data  Lc  portsMgmnt.o [1]
checkInput10Counter::swchr
                        0x20000d8a    0x1  Data  Lc  portsMgmnt.o [1]
checkInput10Counter::temp
                        0x20000d8b    0x1  Data  Lc  portsMgmnt.o [1]
checkMagistralPressure  0x08002f01   0x24  Code  Gb  portsMgmnt.o [1]
checkMoney              0x08007469   0x6a  Code  Gb  moneyAcceptMgmnt.o [1]
checkMoney::trueFlag    0x20000d7c    0x1  Data  Lc  moneyAcceptMgmnt.o [1]
checkMoney::trueTime    0x20000cd8    0x8  Data  Lc  moneyAcceptMgmnt.o [1]
checkNewData            0x080050bb   0x2e  Code  Gb  uartDataExchMgmnt.o [1]
checkOut10Counter       0x08003247  0x25e  Code  Gb  portsMgmnt.o [1]
checkOut10Counter::firOut
                        0x20000c6c   0x10  Data  Lc  portsMgmnt.o [1]
checkOut10Counter::firstExecute
                        0x20000112    0x1  Data  Lc  portsMgmnt.o [1]
checkOut10Counter::i    0x20000d88    0x1  Data  Lc  portsMgmnt.o [1]
checkOut10Counter::inDataOUT
                        0x20000c98    0xc  Data  Lc  portsMgmnt.o [1]
checkOut10Counter::newValForCalib
                        0x20000d87    0x1  Data  Lc  portsMgmnt.o [1]
checkOut10Counter::out101
                        0x20000d48    0x4  Data  Lc  portsMgmnt.o [1]
checkOut10Counter::out102
                        0x20000d4c    0x4  Data  Lc  portsMgmnt.o [1]
checkOut10Counter::p    0x20000d84    0x1  Data  Lc  portsMgmnt.o [1]
checkOut10Counter::swchr
                        0x20000d85    0x1  Data  Lc  portsMgmnt.o [1]
checkOut10Counter::temp
                        0x20000d86    0x1  Data  Lc  portsMgmnt.o [1]
checkTumperDoor         0x08002edd   0x24  Code  Gb  portsMgmnt.o [1]
checkTumperMoney        0x08002f25   0x24  Code  Gb  portsMgmnt.o [1]
clrLastMessage          0x08006d5d   0x28  Code  Gb  uartDataExchMgmnt.o [1]
clrServDownButton       0x08002e87    0xa  Code  Gb  portsMgmnt.o [1]
clrServLeftButton       0x08002e91    0xa  Code  Gb  portsMgmnt.o [1]
clrServRightButton      0x08002e9b    0xa  Code  Gb  portsMgmnt.o [1]
clrUserButton           0x08002e7d    0xa  Code  Gb  portsMgmnt.o [1]
cnt                     0x20000c48   0x14  Data  Gb  main.o [1]
containerMgmnt          0x08001fe9  0x106  Code  Gb  main.o [1]
containerMinVolume      0x20000110    0x1  Data  Gb  main.o [1]
countContainerHandler   0x08002f6d   0x4a  Code  Gb  portsMgmnt.o [1]
countLoseHandler        0x080030d1  0x12c  Code  Gb  portsMgmnt.o [1]
countLoseHandler::fastPulseLose
                        0x20000d83    0x1  Data  Lc  portsMgmnt.o [1]
countLoseHandler::lastTime
                        0x20000cf8    0x8  Data  Lc  portsMgmnt.o [1]
countOutHandler         0x080031fd   0x4a  Code  Gb  portsMgmnt.o [1]
delayMicroseconds       0x08003949         Code  Gb  Delay.o [1]
delayMilliseconds       0x0800396b         Code  Gb  Delay.o [1]
digits                  0x080070ac   0x28  Data  Lc  xstoul.o [3]
disableButtonsForTime   0x08002ed1    0xc  Code  Gb  portsMgmnt.o [1]
disableSensorsForTime   0x08002ec5    0xc  Code  Gb  portsMgmnt.o [1]
div                     0x08001e39    0xe  Code  Gb  div.o [3]
endPointer              0x20000d90    0x1  Data  Gb  uartDataExchMgmnt.o [1]
entryPointer            0x20000114    0x1  Data  Gb  uartDataExchMgmnt.o [1]
exit                    0x08007683    0x4  Code  Gb  exit.o [3]
filters                 0x20000a70   0x48  Data  Gb  main.o [1]
free                    0x080014a9   0x7a  Code  Gb  xxmemxfree.o [3]
getCurTime              0x08003c0f    0xc  Code  Gb  timeMgmnt.o [1]
getLastMessage          0x08006d25   0x38  Code  Gb  uartDataExchMgmnt.o [1]
getMessageLnhgt         0x08004afd   0x36  Code  Gb  uartDataExchMgmnt.o [1]
getMoney                0x08005043   0x78  Code  Gb  uartDataExchMgmnt.o [1]
getTimeDiff             0x08003c1b   0x52  Code  Gb  timeMgmnt.o [1]
hadc1                   0x20000bfc   0x30  Data  Gb  main.o [1]
hcan                    0x20000ab8   0x44  Data  Gb  main.o [1]
hcrc                    0x20000cb0    0x8  Data  Gb  main.o [1]
hspi2                   0x20000a18   0x58  Data  Gb  main.o [1]
htim3                   0x20000afc   0x40  Data  Gb  main.o [1]
huart1                  0x20000b3c   0x40  Data  Gb  main.o [1]
huart2                  0x20000b7c   0x40  Data  Gb  main.o [1]
huart3                  0x20000bbc   0x40  Data  Gb  main.o [1]
initUART                0x080050e9   0x1c  Code  Gb  uartDataExchMgmnt.o [1]
insertStats             0x08004bd9  0x31c  Code  Gb  uartDataExchMgmnt.o [1]
isAdminDownButtonPressed
                        0x08002ead    0x8  Code  Gb  portsMgmnt.o [1]
isAdminLeftButtonPressed
                        0x08002eb5    0x8  Code  Gb  portsMgmnt.o [1]
isAdminRightButtonPressed
                        0x08002ebd    0x8  Code  Gb  portsMgmnt.o [1]
isUserButtonPressed     0x08002ea5    0x8  Code  Gb  portsMgmnt.o [1]
isspace                 0x08006f53   0x14  Code  Gb  isxxx.o [3]
lastMilLitWentOut       0x20000d40    0x4  Data  Lc  main.o [1]
lcdMgmnt                0x0800229f  0x166  Code  Gb  main.o [1]
lcdMgmnt::refreshLCDtime
                        0x20000cc8    0x8  Data  Lc  main.o [1]
localeconv              0x08001e07   0x16  Code  Gb  localeconv.o [3]
main                    0x0800250b  0x2ee  Code  Gb  main.o [1]
malloc                  0x08001365   0xac  Code  Gb  xxmemxmalloc.o [3]
maxContainerVolume      0x20000111    0x1  Data  Gb  main.o [1]
memchr                  0x08001301         Code  Gb  memchr.o [5]
mesRx                   0x20000918  0x100  Data  Gb  uartDataExchMgmnt.o [1]
money                   0x20000c8c    0xc  Data  Gb  main.o [1]
ndigs                   0x080070d4   0x28  Data  Lc  xstoul.o [3]
outPumpMgmnt            0x080021b5   0xea  Code  Gb  main.o [1]
outPumpMgmnt::lastMillilit
                        0x20000d44    0x4  Data  Lc  main.o [1]
outPumpMgmnt::noWaterOut
                        0x20000d7a    0x1  Data  Lc  main.o [1]
outPumpMgmnt::timeCheck
                        0x20000cc0    0x8  Data  Lc  main.o [1]
parseUART               0x08005351   0x1a  Code  Gb  uartDataExchMgmnt.o [1]
parseUartData           0x08005105  0x24c  Code  Gb  uartDataExchMgmnt.o [1]
pauseOutHandler         0x0800307b   0x56  Code  Gb  portsMgmnt.o [1]
pauseOutHandler::fastPulseLoseOut
                        0x20000d82    0x1  Data  Lc  portsMgmnt.o [1]
pauseOutHandler::lastTime
                        0x20000cf0    0x8  Data  Lc  portsMgmnt.o [1]
prepareToTransition     0x08002405  0x106  Code  Gb  main.o [1]
printGiven              0x0800439d  0x25c  Code  Gb  tm_stm32_hd44780.o [1]
printLoseDetected       0x0800401f   0x24  Code  Gb  tm_stm32_hd44780.o [1]
printNotReady           0x08004043  0x11c  Code  Gb  tm_stm32_hd44780.o [1]
printPaid               0x08004265  0x134  Code  Gb  tm_stm32_hd44780.o [1]
printWait               0x0800415f  0x106  Code  Gb  tm_stm32_hd44780.o [1]
returnMoney             0x08004ef5   0x32  Code  Gb  uartDataExchMgmnt.o [1]
sensorsDisabledTime     0x20000ce8    0x8  Data  Gb  portsMgmnt.o [1]
servDownButton          0x20000d7f    0x1  Data  Gb  portsMgmnt.o [1]
servLeftButton          0x20000d80    0x1  Data  Gb  portsMgmnt.o [1]
servRightButton         0x20000d81    0x1  Data  Gb  portsMgmnt.o [1]
servUpButton            0x20000d7e    0x1  Data  Gb  portsMgmnt.o [1]
setContainerValToZero   0x0800300b   0x70  Code  Gb  portsMgmnt.o [1]
setFilterValues         0x08004f81   0xc2  Code  Gb  uartDataExchMgmnt.o [1]
setParameters           0x08004f27   0x54  Code  Gb  uartDataExchMgmnt.o [1]
setupDefaultLitersVolume
                        0x08002fb7   0x54  Code  Gb  portsMgmnt.o [1]
sprintf                 0x08006ce9   0x34  Code  Gb  sprintf.o [3]
strchr                  0x080012b1         Code  Gb  strchr.o [5]
strlen                  0x080012c9         Code  Gb  strlen.o [5]
strtol                  0x08006d1d    0x6  Code  Gb  strtol.o [3]
time                    0x20000d28    0x8  Data  Gb  timeMgmnt.o [1]
timeMgmnt               0x08003bb9   0x56  Code  Gb  timeMgmnt.o [1]
tolower                 0x0800711d   0x14  Code  Gb  tolower.o [3]
uartDataExchMgmnt       0x08004aed   0x10  Code  Gb  uartDataExchMgmnt.o [1]
uartDataRx              0x20000818  0x100  Data  Gb  uartDataExchMgmnt.o [1]
uartDataTx              0x20000718  0x100  Data  Lc  uartDataExchMgmnt.o [1]
userButton              0x20000d7d    0x1  Data  Gb  portsMgmnt.o [1]
uwTick                  0x20000d58    0x4  Data  Gb  stm32f1xx_hal.o [1]
valFor10LitInCalibr     0x20000000    0x4  Data  Gb  main.o [1]
valFor10LitOutCalibr    0x20000004    0x4  Data  Gb  main.o [1]
wa                      0x20000c2c   0x1c  Data  Gb  main.o [1]
waterCounters           0x20000c5c   0x10  Data  Lc  portsMgmnt.o [1]
waterMissDetectedTime   0x20000cb8    0x8  Data  Gb  main.o [1]
waterPrice              0x20000008    0x4  Data  Gb  main.o [1]
writeError              0x08004b33   0xa6  Code  Gb  uartDataExchMgmnt.o [1]
writeTime               0x08003c6d   0x1a  Code  Gb  timeMgmnt.o [1]


[1] = D:\YADisk\#1_work\Автомойка самообслуживания\WM_v0.10\WM\EWARM\IAR_WM_v0.10\Obj
[2] = command line
[3] = dl7M_tlf.a
[4] = m7M_tl.a
[5] = rt7M_tl.a
[6] = shb_l.a

  30 434 bytes of readonly  code memory
     396 bytes of readonly  data memory
   3 470 bytes of readwrite data memory

Errors: none
Warnings: none
