###############################################################################
#
# IAR ELF Linker V7.80.1.11864/W32 for ARM                04/Aug/2017  01:10:19
# Copyright 2007-2016 IAR Systems AB.
#
#    Output file  =  
#        D:\YADisk\#1_work\Автомойка
#        самообслуживания\WM_v0.10\WM\EWARM\IAR_WM_v0.10\Exe\IAR_WM_v0.10.out
#    Map file     =  
#        D:\YADisk\#1_work\Автомойка
#        самообслуживания\WM_v0.10\WM\EWARM\IAR_WM_v0.10\List\IAR_WM_v0.10.map
#    Command line =  
#        "D:\YADisk\#1_work\Автомойка
#        самообслуживания\WM_v0.10\WM\EWARM\IAR_WM_v0.10\Obj\Delay.o"
#        "D:\YADisk\#1_work\Автомойка
#        самообслуживания\WM_v0.10\WM\EWARM\IAR_WM_v0.10\Obj\main.o"
#        "D:\YADisk\#1_work\Автомойка
#        самообслуживания\WM_v0.10\WM\EWARM\IAR_WM_v0.10\Obj\moneyAcceptMgmnt.o"
#        "D:\YADisk\#1_work\Автомойка
#        самообслуживания\WM_v0.10\WM\EWARM\IAR_WM_v0.10\Obj\portsMgmnt.o"
#        "D:\YADisk\#1_work\Автомойка
#        самообслуживания\WM_v0.10\WM\EWARM\IAR_WM_v0.10\Obj\startup_stm32f103xb.o"
#        "D:\YADisk\#1_work\Автомойка
#        самообслуживания\WM_v0.10\WM\EWARM\IAR_WM_v0.10\Obj\stm32f1xx_hal.o"
#        "D:\YADisk\#1_work\Автомойка
#        самообслуживания\WM_v0.10\WM\EWARM\IAR_WM_v0.10\Obj\stm32f1xx_hal_adc.o"
#        "D:\YADisk\#1_work\Автомойка
#        самообслуживания\WM_v0.10\WM\EWARM\IAR_WM_v0.10\Obj\stm32f1xx_hal_adc_ex.o"
#        "D:\YADisk\#1_work\Автомойка
#        самообслуживания\WM_v0.10\WM\EWARM\IAR_WM_v0.10\Obj\stm32f1xx_hal_can.o"
#        "D:\YADisk\#1_work\Автомойка
#        самообслуживания\WM_v0.10\WM\EWARM\IAR_WM_v0.10\Obj\stm32f1xx_hal_cortex.o"
#        "D:\YADisk\#1_work\Автомойка
#        самообслуживания\WM_v0.10\WM\EWARM\IAR_WM_v0.10\Obj\stm32f1xx_hal_crc.o"
#        "D:\YADisk\#1_work\Автомойка
#        самообслуживания\WM_v0.10\WM\EWARM\IAR_WM_v0.10\Obj\stm32f1xx_hal_dma.o"
#        "D:\YADisk\#1_work\Автомойка
#        самообслуживания\WM_v0.10\WM\EWARM\IAR_WM_v0.10\Obj\stm32f1xx_hal_flash.o"
#        "D:\YADisk\#1_work\Автомойка
#        самообслуживания\WM_v0.10\WM\EWARM\IAR_WM_v0.10\Obj\stm32f1xx_hal_flash_ex.o"
#        "D:\YADisk\#1_work\Автомойка
#        самообслуживания\WM_v0.10\WM\EWARM\IAR_WM_v0.10\Obj\stm32f1xx_hal_gpio.o"
#        "D:\YADisk\#1_work\Автомойка
#        самообслуживания\WM_v0.10\WM\EWARM\IAR_WM_v0.10\Obj\stm32f1xx_hal_gpio_ex.o"
#        "D:\YADisk\#1_work\Автомойка
#        самообслуживания\WM_v0.10\WM\EWARM\IAR_WM_v0.10\Obj\stm32f1xx_hal_msp.o"
#        "D:\YADisk\#1_work\Автомойка
#        самообслуживания\WM_v0.10\WM\EWARM\IAR_WM_v0.10\Obj\stm32f1xx_hal_pwr.o"
#        "D:\YADisk\#1_work\Автомойка
#        самообслуживания\WM_v0.10\WM\EWARM\IAR_WM_v0.10\Obj\stm32f1xx_hal_rcc.o"
#        "D:\YADisk\#1_work\Автомойка
#        самообслуживания\WM_v0.10\WM\EWARM\IAR_WM_v0.10\Obj\stm32f1xx_hal_rcc_ex.o"
#        "D:\YADisk\#1_work\Автомойка
#        самообслуживания\WM_v0.10\WM\EWARM\IAR_WM_v0.10\Obj\stm32f1xx_hal_spi.o"
#        "D:\YADisk\#1_work\Автомойка
#        самообслуживания\WM_v0.10\WM\EWARM\IAR_WM_v0.10\Obj\stm32f1xx_hal_spi_ex.o"
#        "D:\YADisk\#1_work\Автомойка
#        самообслуживания\WM_v0.10\WM\EWARM\IAR_WM_v0.10\Obj\stm32f1xx_hal_tim.o"
#        "D:\YADisk\#1_work\Автомойка
#        самообслуживания\WM_v0.10\WM\EWARM\IAR_WM_v0.10\Obj\stm32f1xx_hal_tim_ex.o"
#        "D:\YADisk\#1_work\Автомойка
#        самообслуживания\WM_v0.10\WM\EWARM\IAR_WM_v0.10\Obj\stm32f1xx_hal_uart.o"
#        "D:\YADisk\#1_work\Автомойка
#        самообслуживания\WM_v0.10\WM\EWARM\IAR_WM_v0.10\Obj\stm32f1xx_it.o"
#        "D:\YADisk\#1_work\Автомойка
#        самообслуживания\WM_v0.10\WM\EWARM\IAR_WM_v0.10\Obj\system_stm32f1xx.o"
#        "D:\YADisk\#1_work\Автомойка
#        самообслуживания\WM_v0.10\WM\EWARM\IAR_WM_v0.10\Obj\timeMgmnt.o"
#        "D:\YADisk\#1_work\Автомойка
#        самообслуживания\WM_v0.10\WM\EWARM\IAR_WM_v0.10\Obj\tm_stm32_hd44780.o"
#        "D:\YADisk\#1_work\Автомойка
#        самообслуживания\WM_v0.10\WM\EWARM\IAR_WM_v0.10\Obj\uartDataExchMgmnt.o"
#        --redirect _Printf=_PrintfFull --redirect _Scanf=_ScanfFull -o
#        "D:\YADisk\#1_work\Автомойка
#        самообслуживания\WM_v0.10\WM\EWARM\IAR_WM_v0.10\Exe\IAR_WM_v0.10.out"
#        --map "D:\YADisk\#1_work\Автомойка
#        самообслуживания\WM_v0.10\WM\EWARM\IAR_WM_v0.10\List\IAR_WM_v0.10.map"
#        --config "D:\YADisk\#1_work\Автомойка
#        самообслуживания\WM_v0.10\WM\EWARM/stm32f103xb_flash.icf"
#        --semihosting --entry __iar_program_start --vfe
#
###############################################################################

*******************************************************************************
*** RUNTIME MODEL ATTRIBUTES
***

CppFlavor                     = *
__Heap_Handler                = Basic
__SystemLibrary               = DLib
__dlib_dynamic_initialization = normal


*******************************************************************************
*** PLACEMENT SUMMARY
***

"A0":  place at 0x08000000 { ro section .intvec };
"P1":  place in [from 0x08000000 to 0x0801ffff] { ro };
"P2":  place in [from 0x20000000 to 0x20004fff] { rw, block CSTACK, block HEAP };
initialize by copy { rw };

  Section            Kind        Address    Size  Object
  -------            ----        -------    ----  ------
"A0":                                       0xec
  .intvec            ro code  0x08000000    0xec  startup_stm32f103xb.o [1]
                            - 0x080000ec    0xec

"P1":                                     0x4720
  .text              ro code  0x080000ec   0xf72  main.o [1]
  .rodata            const    0x0800105e     0x2  stm32f1xx_hal_rcc.o [1]
  .text              ro code  0x08001060    0x28  stm32f1xx_hal.o [1]
  .text              ro code  0x08001088   0x3d2  stm32f1xx_hal_tim.o [1]
  .text              ro code  0x0800145c    0x28  uartDataExchMgmnt.o [1]
  .text              ro code  0x08001484   0x454  tm_stm32_hd44780.o [1]
  .text              ro code  0x080018d8    0xcc  timeMgmnt.o [1]
  .text              ro code  0x080019a4   0x7c0  portsMgmnt.o [1]
  .text              ro code  0x08002164   0x6d4  stm32f1xx_hal_rcc.o [1]
  .text              ro code  0x08002838   0x11c  stm32f1xx_hal_rcc_ex.o [1]
  .text              ro code  0x08002954   0x14e  stm32f1xx_hal_cortex.o [1]
  .text              ro code  0x08002aa4   0x2e0  stm32f1xx_hal_adc.o [1]
  .text              ro code  0x08002d84   0x154  stm32f1xx_hal_can.o [1]
  .text              ro code  0x08002ed8    0x24  stm32f1xx_hal_crc.o [1]
  .text              ro code  0x08002efc    0x8a  stm32f1xx_hal_spi_ex.o [1]
  .text              ro code  0x08002f88    0x5a  stm32f1xx_hal_tim_ex.o [1]
  .text              ro code  0x08002fe4   0x51c  stm32f1xx_hal_uart.o [1]
  .text              ro code  0x08003500   0x23c  stm32f1xx_hal_gpio.o [1]
  .text              ro code  0x0800373c    0x28  stm32f1xx_hal.o [1]
  .text              ro code  0x08003764   0x30c  stm32f1xx_hal_msp.o [1]
  .text              ro code  0x08003a70     0x2  stm32f1xx_hal_tim.o [1]
  .text              ro code  0x08003a72     0x2  stm32f1xx_hal_tim.o [1]
  .text              ro code  0x08003a74     0x2  stm32f1xx_hal_tim.o [1]
  .text              ro code  0x08003a76     0x2  stm32f1xx_hal_tim.o [1]
  .text              ro code  0x08003a78     0x2  stm32f1xx_hal_tim_ex.o [1]
  .text              ro code  0x08003a7a     0x2  stm32f1xx_hal_tim.o [1]
  .text              ro code  0x08003a7c     0x2  stm32f1xx_hal_tim_ex.o [1]
  .text              ro code  0x08003a7e    0x34  Delay.o [1]
  .text              ro code  0x08003ab4    0x56  ABImemcpy_unaligned.o [5]
  .text              ro code  0x08003b0c    0x1c  I32ToDbl.o [4]
  .text              ro code  0x08003b28   0x1a2  DblMul.o [4]
  .text              ro code  0x08003ccc   0x256  DblDiv.o [4]
  .text              ro code  0x08003f24    0x2c  DblToI32.o [4]
  .text              ro code  0x08003f50     0xc  stm32f1xx_hal.o [1]
  .text              ro code  0x08003f5c    0xcc  stm32f1xx_hal_dma.o [1]
  .text              ro code  0x08004028     0x2  stm32f1xx_hal_uart.o [1]
  .text              ro code  0x0800402a     0x2  stm32f1xx_hal_uart.o [1]
  .text              ro code  0x0800402c     0x2  stm32f1xx_hal_uart.o [1]
  .text              ro code  0x08004030   0x16c  DblSub.o [4]
  .text              ro code  0x0800419c    0xf8  moneyAcceptMgmnt.o [1]
  .text              ro code  0x08004294    0x4e  FltToDbl.o [4]
  .text              ro code  0x080042e4    0xe8  DblAdd.o [4]
  .text              ro code  0x080043cc    0x90  DblToFlt.o [4]
  .text              ro code  0x0800445c    0xe8  stm32f1xx_it.o [1]
  .text              ro code  0x08004544    0x10  stm32f1xx_hal.o [1]
  .text              ro code  0x08004554    0x68  system_stm32f1xx.o [1]
  .rodata            const    0x080045bc    0x44  main.o [1]
  .text              ro code  0x08004600    0x40  zero_init3.o [5]
  .text              ro code  0x08004640    0x2c  copy_init3.o [5]
  .text              ro code  0x0800466c    0x28  data_init.o [5]
  .iar.init_table    const    0x08004694    0x24  - Linker created -
  .text              ro code  0x080046b8    0x1a  cmain.o [5]
  .text              ro code  0x080046d2     0x4  low_level_init.o [3]
  .text              ro code  0x080046d6     0x4  exit.o [3]
  .text              ro code  0x080046dc     0xa  cexit.o [5]
  .text              ro code  0x080046e8    0x14  exit.o [6]
  Initializer bytes  const    0x080046fc    0x18  <for P2-1>
  .rodata            const    0x08004714    0x14  tm_stm32_hd44780.o [1]
  .rodata            const    0x08004728    0x14  tm_stm32_hd44780.o [1]
  .rodata            const    0x0800473c    0x10  stm32f1xx_hal_rcc.o [1]
  .rodata            const    0x0800474c    0x10  system_stm32f1xx.o [1]
  .text              ro code  0x0800475c    0x10  startup_stm32f103xb.o [1]
  .text              ro code  0x0800476c     0xc  cstartup_M.o [5]
  .rodata            const    0x08004778     0x8  system_stm32f1xx.o [1]
  .rodata            const    0x08004780     0x4  tm_stm32_hd44780.o [1]
  .text              ro code  0x08004784     0x4  startup_stm32f103xb.o [1]
  .text              ro code  0x08004788     0x4  startup_stm32f103xb.o [1]
  .text              ro code  0x0800478c     0x4  startup_stm32f103xb.o [1]
  .text              ro code  0x08004790     0x4  startup_stm32f103xb.o [1]
  .text              ro code  0x08004794     0x4  startup_stm32f103xb.o [1]
  .text              ro code  0x08004798     0x4  startup_stm32f103xb.o [1]
  .text              ro code  0x0800479c     0x4  startup_stm32f103xb.o [1]
  .text              ro code  0x080047a0     0x4  startup_stm32f103xb.o [1]
  .text              ro code  0x080047a4     0x4  startup_stm32f103xb.o [1]
  .text              ro code  0x080047a8     0x4  startup_stm32f103xb.o [1]
  .text              ro code  0x080047ac     0x4  startup_stm32f103xb.o [1]
  .text              ro code  0x080047b0     0x4  startup_stm32f103xb.o [1]
  .text              ro code  0x080047b4     0x4  startup_stm32f103xb.o [1]
  .text              ro code  0x080047b8     0x4  startup_stm32f103xb.o [1]
  .text              ro code  0x080047bc     0x4  startup_stm32f103xb.o [1]
  .text              ro code  0x080047c0     0x4  startup_stm32f103xb.o [1]
  .text              ro code  0x080047c4     0x4  startup_stm32f103xb.o [1]
  .text              ro code  0x080047c8     0x4  startup_stm32f103xb.o [1]
  .text              ro code  0x080047cc     0x4  startup_stm32f103xb.o [1]
  .text              ro code  0x080047d0     0x4  startup_stm32f103xb.o [1]
  .text              ro code  0x080047d4     0x4  startup_stm32f103xb.o [1]
  .text              ro code  0x080047d8     0x4  startup_stm32f103xb.o [1]
  .text              ro code  0x080047dc     0x4  startup_stm32f103xb.o [1]
  .text              ro code  0x080047e0     0x4  startup_stm32f103xb.o [1]
  .text              ro code  0x080047e4     0x4  startup_stm32f103xb.o [1]
  .text              ro code  0x080047e8     0x4  startup_stm32f103xb.o [1]
  .text              ro code  0x080047ec     0x4  startup_stm32f103xb.o [1]
  .text              ro code  0x080047f0     0x4  startup_stm32f103xb.o [1]
  .text              ro code  0x080047f4     0x4  startup_stm32f103xb.o [1]
  .text              ro code  0x080047f8     0x4  startup_stm32f103xb.o [1]
  .text              ro code  0x080047fc     0x4  startup_stm32f103xb.o [1]
  .text              ro code  0x08004800     0x4  startup_stm32f103xb.o [1]
  .text              ro code  0x08004804     0x4  startup_stm32f103xb.o [1]
  .text              ro code  0x08004808     0x4  startup_stm32f103xb.o [1]
  .rodata            const    0x0800480c     0x0  zero_init3.o [5]
  .rodata            const    0x0800480c     0x0  copy_init3.o [5]
                            - 0x0800480c  0x4720

"P2", part 1 of 3:                          0x18
  P2-1                        0x20000000    0x15  <Init block>
    .data            inited   0x20000000     0x4  system_stm32f1xx.o [1]
    .data            inited   0x20000004     0x2  tm_stm32_hd44780.o [1]
    .data            inited   0x20000006     0x2  tm_stm32_hd44780.o [1]
    .data            inited   0x20000008     0x2  tm_stm32_hd44780.o [1]
    .data            inited   0x2000000a     0x2  tm_stm32_hd44780.o [1]
    .data            inited   0x2000000c     0x1  main.o [1]
    .data            inited   0x2000000d     0x1  main.o [1]
    .data            inited   0x2000000e     0x1  main.o [1]
    .data            inited   0x2000000f     0x1  main.o [1]
    .data            inited   0x20000010     0x1  main.o [1]
    .data            inited   0x20000011     0x1  main.o [1]
    .data            inited   0x20000012     0x1  main.o [1]
    .data            inited   0x20000013     0x1  portsMgmnt.o [1]
    .data            inited   0x20000014     0x1  portsMgmnt.o [1]
                            - 0x20000015    0x15

"P2", part 2 of 3:                         0x400
  CSTACK                      0x20000018   0x400  <Block>
    CSTACK           uninit   0x20000018   0x400  <Block tail>
                            - 0x20000418   0x400

"P2", part 3 of 3:                         0x4c4
  .bss               zero     0x20000418   0x100  uartDataExchMgmnt.o [1]
  .bss               zero     0x20000518   0x100  uartDataExchMgmnt.o [1]
  .bss               zero     0x20000618    0x58  main.o [1]
  .bss               zero     0x20000670    0x44  main.o [1]
  .bss               zero     0x200006b4    0x40  main.o [1]
  .bss               zero     0x200006f4    0x40  main.o [1]
  .bss               zero     0x20000734    0x40  main.o [1]
  .bss               zero     0x20000774    0x40  main.o [1]
  .bss               zero     0x200007b4    0x30  main.o [1]
  .bss               zero     0x200007e4    0x1c  main.o [1]
  .bss               zero     0x20000800    0x14  main.o [1]
  .bss               zero     0x20000814     0xc  main.o [1]
  .bss               zero     0x20000820     0xc  portsMgmnt.o [1]
  .bss               zero     0x2000082c     0xc  portsMgmnt.o [1]
  .bss               zero     0x20000838     0x8  main.o [1]
  .bss               zero     0x20000840     0x8  main.o [1]
  .bss               zero     0x20000848     0x8  moneyAcceptMgmnt.o [1]
  .bss               zero     0x20000850     0x8  moneyAcceptMgmnt.o [1]
  .bss               zero     0x20000858     0x8  portsMgmnt.o [1]
  .bss               zero     0x20000860     0x8  portsMgmnt.o [1]
  .bss               zero     0x20000868     0x8  portsMgmnt.o [1]
  .bss               zero     0x20000870     0x8  portsMgmnt.o [1]
  .bss               zero     0x20000878     0x8  portsMgmnt.o [1]
  .bss               zero     0x20000880     0x8  timeMgmnt.o [1]
  .bss               zero     0x20000888     0x8  tm_stm32_hd44780.o [1]
  .bss               zero     0x20000890     0x4  portsMgmnt.o [1]
  .bss               zero     0x20000894     0x4  portsMgmnt.o [1]
  .bss               zero     0x20000898     0x4  portsMgmnt.o [1]
  .bss               zero     0x2000089c     0x4  portsMgmnt.o [1]
  .bss               zero     0x200008a0     0x4  stm32f1xx_hal.o [1]
  .bss               zero     0x200008a4     0x2  portsMgmnt.o [1]
  .bss               zero     0x200008a6     0x2  portsMgmnt.o [1]
  .bss               zero     0x200008a8     0x2  portsMgmnt.o [1]
  .bss               zero     0x200008aa     0x2  portsMgmnt.o [1]
  .bss               zero     0x200008ac     0x2  portsMgmnt.o [1]
  .bss               zero     0x200008ae     0x2  portsMgmnt.o [1]
  .bss               zero     0x200008b0     0x2  portsMgmnt.o [1]
  .bss               zero     0x200008b2     0x2  portsMgmnt.o [1]
  .bss               zero     0x200008b4     0x2  portsMgmnt.o [1]
  .bss               zero     0x200008b6     0x2  portsMgmnt.o [1]
  .bss               zero     0x200008b8     0x2  portsMgmnt.o [1]
  .bss               zero     0x200008ba     0x2  portsMgmnt.o [1]
  .bss               zero     0x200008bc     0x2  portsMgmnt.o [1]
  .bss               zero     0x200008be     0x2  portsMgmnt.o [1]
  .bss               zero     0x200008c0     0x2  portsMgmnt.o [1]
  .bss               zero     0x200008c2     0x2  portsMgmnt.o [1]
  .bss               zero     0x200008c4     0x2  portsMgmnt.o [1]
  .bss               zero     0x200008c6     0x1  main.o [1]
  .bss               zero     0x200008c7     0x1  main.o [1]
  .bss               zero     0x200008c8     0x1  main.o [1]
  .bss               zero     0x200008c9     0x1  main.o [1]
  .bss               zero     0x200008ca     0x1  main.o [1]
  .bss               zero     0x200008cb     0x1  main.o [1]
  .bss               zero     0x200008cc     0x1  moneyAcceptMgmnt.o [1]
  .bss               zero     0x200008cd     0x1  moneyAcceptMgmnt.o [1]
  .bss               zero     0x200008ce     0x1  portsMgmnt.o [1]
  .bss               zero     0x200008cf     0x1  portsMgmnt.o [1]
  .bss               zero     0x200008d0     0x1  portsMgmnt.o [1]
  .bss               zero     0x200008d1     0x1  portsMgmnt.o [1]
  .bss               zero     0x200008d2     0x1  portsMgmnt.o [1]
  .bss               zero     0x200008d3     0x1  portsMgmnt.o [1]
  .bss               zero     0x200008d4     0x1  portsMgmnt.o [1]
  .bss               zero     0x200008d5     0x1  portsMgmnt.o [1]
  .bss               zero     0x200008d6     0x1  portsMgmnt.o [1]
  .bss               zero     0x200008d7     0x1  portsMgmnt.o [1]
  .bss               zero     0x200008d8     0x1  portsMgmnt.o [1]
  .bss               zero     0x200008d9     0x1  portsMgmnt.o [1]
  .bss               zero     0x200008da     0x1  portsMgmnt.o [1]
                            - 0x200008db   0x4c3


*******************************************************************************
*** INIT TABLE
***

          Address     Size
          -------     ----
Zero (__iar_zero_init3)
    1 destination range, total size 0x4c3:
          0x20000418  0x4c3

Copy (__iar_copy_init3)
    1 source range, total size 0x18 (114% of destination):
          0x080046fc   0x18
    1 destination range, total size 0x15:
          0x20000000   0x15



*******************************************************************************
*** MODULE SUMMARY
***

    Module                  ro code  ro data  rw data
    ------                  -------  -------  -------
D:\YADisk\#1_work\Автомойка самообслуживания\WM_v0.10\WM\EWARM\IAR_WM_v0.10\Obj: [1]
    Delay.o                      52
    main.o                    3 954       75      549
    moneyAcceptMgmnt.o          248                18
    portsMgmnt.o              1 984        2      129
    startup_stm32f103xb.o       388
    stm32f1xx_hal.o             108                 4
    stm32f1xx_hal_adc.o         736
    stm32f1xx_hal_can.o         340
    stm32f1xx_hal_cortex.o      334
    stm32f1xx_hal_crc.o          36
    stm32f1xx_hal_dma.o         204
    stm32f1xx_hal_gpio.o        572
    stm32f1xx_hal_msp.o         780
    stm32f1xx_hal_rcc.o       1 748       18
    stm32f1xx_hal_rcc_ex.o      284
    stm32f1xx_hal_spi_ex.o      138
    stm32f1xx_hal_tim.o         988
    stm32f1xx_hal_tim_ex.o       94
    stm32f1xx_hal_uart.o      1 314
    stm32f1xx_it.o              232
    system_stm32f1xx.o          104       28        4
    timeMgmnt.o                 204                 8
    tm_stm32_hd44780.o        1 108       52       16
    uartDataExchMgmnt.o          40               512
    -------------------------------------------------
    Total:                   15 990      175    1 240

command line: [2]
    -------------------------------------------------
    Total:

dl7M_tlf.a: [3]
    exit.o                        4
    low_level_init.o              4
    -------------------------------------------------
    Total:                        8

m7M_tl.a: [4]
    DblAdd.o                    232
    DblDiv.o                    598
    DblMul.o                    418
    DblSub.o                    364
    DblToFlt.o                  144
    DblToI32.o                   44
    FltToDbl.o                   78
    I32ToDbl.o                   28
    -------------------------------------------------
    Total:                    1 906

rt7M_tl.a: [5]
    ABImemcpy_unaligned.o        86
    cexit.o                      10
    cmain.o                      26
    copy_init3.o                 44
    cstartup_M.o                 12
    data_init.o                  40
    zero_init3.o                 64
    -------------------------------------------------
    Total:                      282

shb_l.a: [6]
    exit.o                       20
    -------------------------------------------------
    Total:                       20

    Gaps                         24
    Linker created                        39    1 024
-----------------------------------------------------
    Grand Total:             18 230      214    2 264


*******************************************************************************
*** ENTRY LIST
***

Entry                      Address   Size  Type      Object
-----                      -------   ----  ----      ------
.iar.init_table$$Base   0x08004694          --   Gb  - Linker created -
.iar.init_table$$Limit  0x080046b8          --   Gb  - Linker created -
?main                   0x080046b9         Code  Gb  cmain.o [5]
ADC_ConversionStop_Disable
                        0x08002d39   0x4a  Code  Gb  stm32f1xx_hal_adc.o [1]
AHBPrescTable           0x0800474c   0x10  Data  Gb  system_stm32f1xx.o [1]
APBPrescTable           0x08004778    0x8  Data  Gb  system_stm32f1xx.o [1]
BusFault_Handler        0x08004463    0x2  Code  Gb  stm32f1xx_it.o [1]
CSTACK$$Base            0x20000018          --   Gb  - Linker created -
CSTACK$$Limit           0x20000418          --   Gb  - Linker created -
DebugMon_Handler        0x08004469    0x2  Code  Gb  stm32f1xx_it.o [1]
EXTI0_IRQHandler        0x08004479    0xa  Code  Gb  stm32f1xx_it.o [1]
EXTI15_10_IRQHandler    0x08004511   0x34  Code  Gb  stm32f1xx_it.o [1]
EXTI1_IRQHandler        0x08004483    0xa  Code  Gb  stm32f1xx_it.o [1]
EXTI2_IRQHandler        0x0800448d    0xa  Code  Gb  stm32f1xx_it.o [1]
EXTI3_IRQHandler        0x08004497    0xa  Code  Gb  stm32f1xx_it.o [1]
EXTI4_IRQHandler        0x080044a1    0xa  Code  Gb  stm32f1xx_it.o [1]
EXTI9_5_IRQHandler      0x080044ab   0x26  Code  Gb  stm32f1xx_it.o [1]
HAL_ADC_ConfigChannel   0x08002bdb  0x148  Code  Gb  stm32f1xx_hal_adc.o [1]
HAL_ADC_Init            0x08002aa5  0x136  Code  Gb  stm32f1xx_hal_adc.o [1]
HAL_ADC_MspInit         0x08003801   0x3a  Code  Gb  stm32f1xx_hal_msp.o [1]
HAL_CAN_Init            0x08002d85  0x154  Code  Gb  stm32f1xx_hal_can.o [1]
HAL_CAN_MspInit         0x0800383b   0x54  Code  Gb  stm32f1xx_hal_msp.o [1]
HAL_CRC_Init            0x08002ed9   0x24  Code  Gb  stm32f1xx_hal_crc.o [1]
HAL_CRC_MspInit         0x0800388f   0x26  Code  Gb  stm32f1xx_hal_msp.o [1]
HAL_DMA_Abort_IT        0x08003f5d   0xae  Code  Gb  stm32f1xx_hal_dma.o [1]
HAL_GPIO_EXTI_Callback  0x08001f21  0x180  Code  Gb  portsMgmnt.o [1]
HAL_GPIO_EXTI_Callback::c1
                        0x200008a6    0x2  Data  Lc  portsMgmnt.o [1]
HAL_GPIO_EXTI_Callback::c10
                        0x200008b8    0x2  Data  Lc  portsMgmnt.o [1]
HAL_GPIO_EXTI_Callback::c11
                        0x200008ba    0x2  Data  Lc  portsMgmnt.o [1]
HAL_GPIO_EXTI_Callback::c12
                        0x200008bc    0x2  Data  Lc  portsMgmnt.o [1]
HAL_GPIO_EXTI_Callback::c13
                        0x200008be    0x2  Data  Lc  portsMgmnt.o [1]
HAL_GPIO_EXTI_Callback::c14
                        0x200008c0    0x2  Data  Lc  portsMgmnt.o [1]
HAL_GPIO_EXTI_Callback::c15
                        0x200008c2    0x2  Data  Lc  portsMgmnt.o [1]
HAL_GPIO_EXTI_Callback::c16
                        0x200008c4    0x2  Data  Lc  portsMgmnt.o [1]
HAL_GPIO_EXTI_Callback::c2
                        0x200008a8    0x2  Data  Lc  portsMgmnt.o [1]
HAL_GPIO_EXTI_Callback::c3
                        0x200008aa    0x2  Data  Lc  portsMgmnt.o [1]
HAL_GPIO_EXTI_Callback::c4
                        0x200008ac    0x2  Data  Lc  portsMgmnt.o [1]
HAL_GPIO_EXTI_Callback::c5
                        0x200008ae    0x2  Data  Lc  portsMgmnt.o [1]
HAL_GPIO_EXTI_Callback::c6
                        0x200008b0    0x2  Data  Lc  portsMgmnt.o [1]
HAL_GPIO_EXTI_Callback::c7
                        0x200008b2    0x2  Data  Lc  portsMgmnt.o [1]
HAL_GPIO_EXTI_Callback::c8
                        0x200008b4    0x2  Data  Lc  portsMgmnt.o [1]
HAL_GPIO_EXTI_Callback::c9
                        0x200008b6    0x2  Data  Lc  portsMgmnt.o [1]
HAL_GPIO_EXTI_Callback::lastPinNum
                        0x200008a4    0x2  Data  Lc  portsMgmnt.o [1]
HAL_GPIO_EXTI_Callback::timePulseDetected
                        0x20000878    0x8  Data  Lc  portsMgmnt.o [1]
HAL_GPIO_EXTI_IRQHandler
                        0x080036dd   0x1a  Code  Gb  stm32f1xx_hal_gpio.o [1]
HAL_GPIO_Init           0x08003501  0x1b6  Code  Gb  stm32f1xx_hal_gpio.o [1]
HAL_GPIO_ReadPin        0x080036b7   0x12  Code  Gb  stm32f1xx_hal_gpio.o [1]
HAL_GPIO_WritePin       0x080036c9   0x14  Code  Gb  stm32f1xx_hal_gpio.o [1]
HAL_GetTick             0x08003f51    0xc  Code  Wk  stm32f1xx_hal.o [1]
HAL_IncTick             0x08004545   0x10  Code  Wk  stm32f1xx_hal.o [1]
HAL_Init                0x08001061   0x22  Code  Gb  stm32f1xx_hal.o [1]
HAL_InitTick            0x0800373d   0x28  Code  Wk  stm32f1xx_hal.o [1]
HAL_MspInit             0x08003765   0x9c  Code  Gb  stm32f1xx_hal_msp.o [1]
HAL_NVIC_EnableIRQ      0x08002a47    0xa  Code  Gb  stm32f1xx_hal_cortex.o [1]
HAL_NVIC_SetPriority    0x08002a25   0x22  Code  Gb  stm32f1xx_hal_cortex.o [1]
HAL_NVIC_SetPriorityGrouping
                        0x08002a1d    0x8  Code  Gb  stm32f1xx_hal_cortex.o [1]
HAL_RCCEx_PeriphCLKConfig
                        0x08002839  0x108  Code  Gb  stm32f1xx_hal_rcc_ex.o [1]
HAL_RCC_ClockConfig     0x080025b7  0x180  Code  Gb  stm32f1xx_hal_rcc.o [1]
HAL_RCC_GetHCLKFreq     0x0800279d    0x6  Code  Gb  stm32f1xx_hal_rcc.o [1]
HAL_RCC_GetPCLK1Freq    0x080027a3   0x16  Code  Gb  stm32f1xx_hal_rcc.o [1]
HAL_RCC_GetPCLK2Freq    0x080027b9   0x16  Code  Gb  stm32f1xx_hal_rcc.o [1]
HAL_RCC_GetSysClockFreq
                        0x08002737   0x66  Code  Gb  stm32f1xx_hal_rcc.o [1]
HAL_RCC_OscConfig       0x08002165  0x452  Code  Gb  stm32f1xx_hal_rcc.o [1]
HAL_SPI_Init            0x08002efd   0x8a  Code  Gb  stm32f1xx_hal_spi_ex.o [1]
HAL_SPI_MspInit         0x080038b5   0x54  Code  Gb  stm32f1xx_hal_msp.o [1]
HAL_SYSTICK_CLKSourceConfig
                        0x08002a59   0x20  Code  Gb  stm32f1xx_hal_cortex.o [1]
HAL_SYSTICK_Callback    0x08002aa1    0x2  Code  Wk  stm32f1xx_hal_cortex.o [1]
HAL_SYSTICK_Config      0x08002a51    0x8  Code  Gb  stm32f1xx_hal_cortex.o [1]
HAL_SYSTICK_IRQHandler  0x08002a99    0x8  Code  Gb  stm32f1xx_hal_cortex.o [1]
HAL_TIMEx_BreakCallback
                        0x08003a79    0x2  Code  Wk  stm32f1xx_hal_tim_ex.o [1]
HAL_TIMEx_CommutationCallback
                        0x08003a7d    0x2  Code  Wk  stm32f1xx_hal_tim_ex.o [1]
HAL_TIMEx_MasterConfigSynchronization
                        0x08002f89   0x58  Code  Gb  stm32f1xx_hal_tim_ex.o [1]
HAL_TIM_Base_Init       0x08001089   0x38  Code  Gb  stm32f1xx_hal_tim.o [1]
HAL_TIM_Base_MspInit    0x08003909   0x34  Code  Gb  stm32f1xx_hal_msp.o [1]
HAL_TIM_Base_Start_IT   0x080010c1   0x1c  Code  Gb  stm32f1xx_hal_tim.o [1]
HAL_TIM_ConfigClockSource
                        0x08001253  0x118  Code  Gb  stm32f1xx_hal_tim.o [1]
HAL_TIM_IC_CaptureCallback
                        0x08003a71    0x2  Code  Wk  stm32f1xx_hal_tim.o [1]
HAL_TIM_IRQHandler      0x080010dd  0x176  Code  Gb  stm32f1xx_hal_tim.o [1]
HAL_TIM_OC_DelayElapsedCallback
                        0x08003a73    0x2  Code  Wk  stm32f1xx_hal_tim.o [1]
HAL_TIM_PWM_PulseFinishedCallback
                        0x08003a75    0x2  Code  Wk  stm32f1xx_hal_tim.o [1]
HAL_TIM_PeriodElapsedCallback
                        0x08003a77    0x2  Code  Wk  stm32f1xx_hal_tim.o [1]
HAL_TIM_TriggerCallback
                        0x08003a7b    0x2  Code  Wk  stm32f1xx_hal_tim.o [1]
HAL_UART_ErrorCallback  0x08004029    0x2  Code  Wk  stm32f1xx_hal_uart.o [1]
HAL_UART_IRQHandler     0x080030c5  0x134  Code  Gb  stm32f1xx_hal_uart.o [1]
HAL_UART_Init           0x08002fe5   0x76  Code  Gb  stm32f1xx_hal_uart.o [1]
HAL_UART_MspInit        0x0800393d   0xfc  Code  Gb  stm32f1xx_hal_msp.o [1]
HAL_UART_Receive_IT     0x0800305b   0x6a  Code  Gb  stm32f1xx_hal_uart.o [1]
HAL_UART_RxCpltCallback
                        0x0800402d    0x2  Code  Wk  stm32f1xx_hal_uart.o [1]
HAL_UART_TxCpltCallback
                        0x0800402b    0x2  Code  Wk  stm32f1xx_hal_uart.o [1]
HD44780_Opts            0x20000888    0x8  Data  Gb  tm_stm32_hd44780.o [1]
HardFault_Handler       0x0800445f    0x2  Code  Gb  stm32f1xx_it.o [1]
MX_ADC1_Init            0x0800028f   0x7e  Code  Lc  main.o [1]
MX_CAN_Init             0x0800030d   0x7e  Code  Lc  main.o [1]
MX_CRC_Init             0x0800038b   0x26  Code  Lc  main.o [1]
MX_GPIO_Init            0x080005e9  0x256  Code  Lc  main.o [1]
MX_SPI2_Init            0x080003b1   0x80  Code  Lc  main.o [1]
MX_TIM3_Init            0x08000431   0x98  Code  Lc  main.o [1]
MX_USART1_UART_Init     0x080004c9   0x60  Code  Lc  main.o [1]
MX_USART2_UART_Init     0x08000529   0x60  Code  Lc  main.o [1]
MX_USART3_UART_Init     0x08000589   0x60  Code  Lc  main.o [1]
MemManage_Handler       0x08004461    0x2  Code  Gb  stm32f1xx_it.o [1]
NMI_Handler             0x0800445d    0x2  Code  Gb  stm32f1xx_it.o [1]
NVIC_EnableIRQ          0x0800297b   0x14  Code  Lc  stm32f1xx_hal_cortex.o [1]
NVIC_EncodePriority     0x080029b1   0x3e  Code  Lc  stm32f1xx_hal_cortex.o [1]
NVIC_GetPriorityGrouping
                        0x08002971    0xa  Code  Lc  stm32f1xx_hal_cortex.o [1]
NVIC_SetPriority        0x0800298f   0x22  Code  Lc  stm32f1xx_hal_cortex.o [1]
NVIC_SetPriorityGrouping
                        0x08002955   0x1c  Code  Lc  stm32f1xx_hal_cortex.o [1]
PendSV_Handler          0x0800446b    0x2  Code  Gb  stm32f1xx_it.o [1]
RCC_Delay               0x080027cf   0x24  Code  Lc  stm32f1xx_hal_rcc.o [1]
Region$$Table$$Base     0x08004694          --   Gb  - Linker created -
Region$$Table$$Limit    0x080046b8          --   Gb  - Linker created -
SVC_Handler             0x08004467    0x2  Code  Gb  stm32f1xx_it.o [1]
SysTick_Config          0x080029ef   0x2e  Code  Lc  stm32f1xx_hal_cortex.o [1]
SysTick_Handler         0x0800446d    0xc  Code  Gb  stm32f1xx_it.o [1]
SystemClock_Config      0x080001df   0xb0  Code  Gb  main.o [1]
SystemCoreClock         0x20000000    0x4  Data  Gb  system_stm32f1xx.o [1]
SystemInit              0x08004555   0x4e  Code  Gb  system_stm32f1xx.o [1]
TIM3_IRQHandler         0x080044d1   0x2e  Code  Gb  stm32f1xx_it.o [1]
TIM_Base_SetConfig      0x0800136b   0x66  Code  Gb  stm32f1xx_hal_tim.o [1]
TIM_ETR_SetConfig       0x08001443   0x18  Code  Lc  stm32f1xx_hal_tim.o [1]
TIM_ITRx_SetConfig      0x0800142f   0x14  Code  Lc  stm32f1xx_hal_tim.o [1]
TIM_TI1_ConfigInputStage
                        0x080013dd   0x28  Code  Lc  stm32f1xx_hal_tim.o [1]
TIM_TI2_ConfigInputStage
                        0x08001405   0x2a  Code  Lc  stm32f1xx_hal_tim.o [1]
TM_HD44780_Clear        0x08001585   0x12  Code  Gb  tm_stm32_hd44780.o [1]
TM_HD44780_Cmd          0x08001657   0x24  Code  Lc  tm_stm32_hd44780.o [1]
TM_HD44780_Cmd4bit      0x0800169f   0xa2  Code  Lc  tm_stm32_hd44780.o [1]
TM_HD44780_CursorSet    0x08001741   0x3e  Code  Lc  tm_stm32_hd44780.o [1]
TM_HD44780_Data         0x0800167b   0x24  Code  Lc  tm_stm32_hd44780.o [1]
TM_HD44780_DisplayOn    0x08001633   0x24  Code  Gb  tm_stm32_hd44780.o [1]
TM_HD44780_Init         0x08001485  0x100  Code  Gb  tm_stm32_hd44780.o [1]
TM_HD44780_InitPins     0x0800177f   0x94  Code  Lc  tm_stm32_hd44780.o [1]
TM_HD44780_Puts         0x08001597   0x9c  Code  Gb  tm_stm32_hd44780.o [1]
UART_DMAAbortOnError    0x0800321d   0x12  Code  Lc  stm32f1xx_hal_uart.o [1]
UART_EndRxTransfer      0x080031f9   0x20  Code  Lc  stm32f1xx_hal_uart.o [1]
UART_EndTransmit_IT     0x0800329b   0x1c  Code  Lc  stm32f1xx_hal_uart.o [1]
UART_Receive_IT         0x080032b7   0xa8  Code  Lc  stm32f1xx_hal_uart.o [1]
UART_SetConfig          0x0800335f  0x198  Code  Lc  stm32f1xx_hal_uart.o [1]
UART_Transmit_IT        0x08003231   0x6a  Code  Lc  stm32f1xx_hal_uart.o [1]
USART1_IRQHandler       0x080044ff    0xa  Code  Gb  stm32f1xx_it.o [1]
UsageFault_Handler      0x08004465    0x2  Code  Gb  stm32f1xx_it.o [1]
_Error_Handler          0x0800105d    0x2  Code  Gb  main.o [1]
__aeabi_d2f             0x080043cd         Code  Gb  DblToFlt.o [4]
__aeabi_d2uiz           0x08003f25         Code  Gb  DblToI32.o [4]
__aeabi_dadd            0x080042e5         Code  Gb  DblAdd.o [4]
__aeabi_ddiv            0x08003ccd         Code  Gb  DblDiv.o [4]
__aeabi_dmul            0x08003b29         Code  Gb  DblMul.o [4]
__aeabi_f2d             0x08004295         Code  Gb  FltToDbl.o [4]
__aeabi_ui2d            0x08003b0d         Code  Gb  I32ToDbl.o [4]
__cmain                 0x080046b9         Code  Gb  cmain.o [5]
__exit                  0x080046e9   0x14  Code  Gb  exit.o [6]
__iar_copy_init3        0x08004641   0x2c  Code  Gb  copy_init3.o [5]
__iar_d2uiz             0x08003f31         Code  Gb  DblToI32.o [4]
__iar_dadd              0x080042f9         Code  Gb  DblAdd.o [4]
__iar_data_init3        0x0800466d   0x28  Code  Gb  data_init.o [5]
__iar_dsub              0x08004031         Code  Gb  DblSub.o [4]
__iar_dsubStart         0x08004043         Code  Gb  DblSub.o [4]
__iar_program_start     0x0800476d         Code  Gb  cstartup_M.o [5]
__iar_ui2d              0x08003b11         Code  Gb  I32ToDbl.o [4]
__iar_unaligned___aeabi_memcpy4
                        0x08003ab5         Code  Gb  ABImemcpy_unaligned.o [5]
__iar_unaligned___aeabi_memcpy8
                        0x08003ab5         Code  Gb  ABImemcpy_unaligned.o [5]
__iar_zero_init3        0x08004601   0x40  Code  Gb  zero_init3.o [5]
__low_level_init        0x080046d3    0x4  Code  Gb  low_level_init.o [3]
__vector_table          0x08000000         Data  Gb  startup_stm32f103xb.o [1]
_call_main              0x080046c5         Code  Gb  cmain.o [5]
_exit                   0x080046dd         Code  Gb  cexit.o [5]
_main                   0x080046cf         Code  Gb  cmain.o [5]
buttonsDisabledTime     0x20000858    0x8  Data  Gb  portsMgmnt.o [1]
checkCoinMoney          0x0800419d   0x68  Code  Gb  moneyAcceptMgmnt.o [1]
checkCoinMoney::trueFlag
                        0x200008cc    0x1  Data  Lc  moneyAcceptMgmnt.o [1]
checkCoinMoney::trueTime
                        0x20000848    0x8  Data  Lc  moneyAcceptMgmnt.o [1]
checkFreeMode           0x08001a65   0x24  Code  Gb  portsMgmnt.o [1]
checkInput10Counter     0x08001c29  0x1a0  Code  Gb  portsMgmnt.o [1]
checkInput10Counter::inData
                        0x2000082c    0xc  Data  Lc  portsMgmnt.o [1]
checkInput10Counter::lastInState
                        0x20000014    0x1  Data  Lc  portsMgmnt.o [1]
checkInput10Counter::p  0x200008d6    0x1  Data  Lc  portsMgmnt.o [1]
checkInput10Counter::swchr
                        0x200008d7    0x1  Data  Lc  portsMgmnt.o [1]
checkInput10Counter::temp
                        0x200008d8    0x1  Data  Lc  portsMgmnt.o [1]
checkMagistralPressure  0x08001a1d   0x24  Code  Gb  portsMgmnt.o [1]
checkMoney              0x08004205   0x6a  Code  Gb  moneyAcceptMgmnt.o [1]
checkMoney::trueFlag    0x200008cd    0x1  Data  Lc  moneyAcceptMgmnt.o [1]
checkMoney::trueTime    0x20000850    0x8  Data  Lc  moneyAcceptMgmnt.o [1]
checkOut10Counter       0x08001a89  0x1a0  Code  Gb  portsMgmnt.o [1]
checkOut10Counter::inData
                        0x20000820    0xc  Data  Lc  portsMgmnt.o [1]
checkOut10Counter::lastInState
                        0x20000013    0x1  Data  Lc  portsMgmnt.o [1]
checkOut10Counter::p    0x200008d3    0x1  Data  Lc  portsMgmnt.o [1]
checkOut10Counter::swchr
                        0x200008d4    0x1  Data  Lc  portsMgmnt.o [1]
checkOut10Counter::temp
                        0x200008d5    0x1  Data  Lc  portsMgmnt.o [1]
checkTumperDoor         0x080019f9   0x24  Code  Gb  portsMgmnt.o [1]
checkTumperMoney        0x08001a41   0x24  Code  Gb  portsMgmnt.o [1]
clrAll                  0x08000ed1  0x122  Code  Gb  main.o [1]
clrServDownButton       0x080019af    0xa  Code  Gb  portsMgmnt.o [1]
clrServLeftButton       0x080019b9    0xa  Code  Gb  portsMgmnt.o [1]
clrServRightButton      0x080019c3    0xa  Code  Gb  portsMgmnt.o [1]
clrServUpButton         0x080019a5    0xa  Code  Gb  portsMgmnt.o [1]
cnt                     0x20000800   0x14  Data  Gb  main.o [1]
containerCounter        0x20000890    0x4  Data  Lc  portsMgmnt.o [1]
countContainerHandler   0x08001dc9   0x36  Code  Gb  portsMgmnt.o [1]
countLoseHandler        0x08001e43   0xb0  Code  Gb  portsMgmnt.o [1]
countLoseHandler::fastPulseLose
                        0x200008da    0x1  Data  Lc  portsMgmnt.o [1]
countLoseHandler::lastTime
                        0x20000870    0x8  Data  Lc  portsMgmnt.o [1]
countLoseHandler::loseCounter
                        0x20000898    0x4  Data  Lc  portsMgmnt.o [1]
countOutHandler         0x08001ef3   0x2e  Code  Gb  portsMgmnt.o [1]
countOutHandler::outCounter
                        0x2000089c    0x4  Data  Lc  portsMgmnt.o [1]
delayMicroseconds       0x08003a7f         Code  Gb  Delay.o [1]
delayMilliseconds       0x08003aa1         Code  Gb  Delay.o [1]
disableButtonsForTime   0x080019ed    0xc  Code  Gb  portsMgmnt.o [1]
exit                    0x080046d7    0x4  Code  Gb  exit.o [3]
getTimeDiff             0x0800192f   0x52  Code  Gb  timeMgmnt.o [1]
hadc1                   0x200007b4   0x30  Data  Gb  main.o [1]
hcan                    0x20000670   0x44  Data  Gb  main.o [1]
hcrc                    0x20000838    0x8  Data  Gb  main.o [1]
hspi2                   0x20000618   0x58  Data  Gb  main.o [1]
htim3                   0x200006b4   0x40  Data  Gb  main.o [1]
huart1                  0x200006f4   0x40  Data  Gb  main.o [1]
huart2                  0x20000734   0x40  Data  Gb  main.o [1]
huart3                  0x20000774   0x40  Data  Gb  main.o [1]
initUART                0x0800145d   0x1c  Code  Gb  uartDataExchMgmnt.o [1]
isAdminDownButtonPressed
                        0x080019d5    0x8  Code  Gb  portsMgmnt.o [1]
isAdminLeftButtonPressed
                        0x080019dd    0x8  Code  Gb  portsMgmnt.o [1]
isAdminRightButtonPressed
                        0x080019e5    0x8  Code  Gb  portsMgmnt.o [1]
isAdminUpButtonPressed  0x080019cd    0x8  Code  Gb  portsMgmnt.o [1]
main                    0x080000ed   0xf2  Code  Gb  main.o [1]
main{1}{2}::lastTime    0x20000840    0x8  Data  Lc  main.o [1]
money                   0x20000814    0xc  Data  Gb  main.o [1]
pauseOutHandler         0x08001dff   0x44  Code  Gb  portsMgmnt.o [1]
pauseOutHandler::fastPulseLoseOut
                        0x200008d9    0x1  Data  Lc  portsMgmnt.o [1]
pauseOutHandler::lastTime
                        0x20000868    0x8  Data  Lc  portsMgmnt.o [1]
pauseOutHandler::outLoseCounter
                        0x20000894    0x4  Data  Lc  portsMgmnt.o [1]
printAdminDown          0x08001855   0x26  Code  Gb  tm_stm32_hd44780.o [1]
printAdminDown::data    0x20000006    0x2  Data  Lc  tm_stm32_hd44780.o [1]
printAdminLeft          0x0800187b   0x26  Code  Gb  tm_stm32_hd44780.o [1]
printAdminLeft::data    0x20000008    0x2  Data  Lc  tm_stm32_hd44780.o [1]
printAdminRight         0x080018a1   0x26  Code  Gb  tm_stm32_hd44780.o [1]
printAdminRight::data   0x2000000a    0x2  Data  Lc  tm_stm32_hd44780.o [1]
printAdminUp            0x0800182d   0x26  Code  Gb  tm_stm32_hd44780.o [1]
printAdminUp::data      0x20000004    0x2  Data  Lc  tm_stm32_hd44780.o [1]
sensorsDisabledTime     0x20000860    0x8  Data  Gb  portsMgmnt.o [1]
servDownButton          0x200008d0    0x1  Data  Gb  portsMgmnt.o [1]
servLeftButton          0x200008d1    0x1  Data  Gb  portsMgmnt.o [1]
servRightButton         0x200008d2    0x1  Data  Gb  portsMgmnt.o [1]
servUpButton            0x200008cf    0x1  Data  Gb  portsMgmnt.o [1]
setUpCheckGPIO          0x0800083f   0x88  Code  Gb  main.o [1]
setupGPIOOut            0x080008d1   0xda  Code  Gb  main.o [1]
setupGPIOOut::num       0x200008c6    0x1  Data  Lc  main.o [1]
setupGPIOOut::state     0x2000000d    0x1  Data  Lc  main.o [1]
setupIn                 0x08000aa1  0x216  Code  Gb  main.o [1]
setupIn::num            0x200008c9    0x1  Data  Lc  main.o [1]
setupIn::state          0x20000010    0x1  Data  Lc  main.o [1]
setupMOSFET             0x080009ad   0x76  Code  Gb  main.o [1]
setupMOSFET::num        0x200008c7    0x1  Data  Lc  main.o [1]
setupMOSFET::state      0x2000000e    0x1  Data  Lc  main.o [1]
setupPwrOut             0x08000e09   0xa6  Code  Gb  main.o [1]
setupPwrOut::num        0x200008cb    0x1  Data  Lc  main.o [1]
setupPwrOut::state      0x20000012    0x1  Data  Lc  main.o [1]
setupULN2003Out         0x08000cc1  0x13e  Code  Gb  main.o [1]
setupULN2003Out::num    0x200008ca    0x1  Data  Lc  main.o [1]
setupULN2003Out::state  0x20000011    0x1  Data  Lc  main.o [1]
setupW26                0x08000a25   0x74  Code  Gb  main.o [1]
setupW26::num           0x200008c8    0x1  Data  Lc  main.o [1]
setupW26::state         0x2000000f    0x1  Data  Lc  main.o [1]
startContVolume         0x2000000c    0x1  Data  Gb  main.o [1]
time                    0x20000880    0x8  Data  Gb  timeMgmnt.o [1]
timeMgmnt               0x080018d9   0x56  Code  Gb  timeMgmnt.o [1]
uartDataRx              0x20000518  0x100  Data  Gb  uartDataExchMgmnt.o [1]
uartDataTx              0x20000418  0x100  Data  Lc  uartDataExchMgmnt.o [1]
userButton              0x200008ce    0x1  Data  Gb  portsMgmnt.o [1]
uwTick                  0x200008a0    0x4  Data  Gb  stm32f1xx_hal.o [1]
wa                      0x200007e4   0x1c  Data  Gb  main.o [1]
writeTime               0x08001981   0x1a  Code  Gb  timeMgmnt.o [1]


[1] = D:\YADisk\#1_work\Автомойка самообслуживания\WM_v0.10\WM\EWARM\IAR_WM_v0.10\Obj
[2] = command line
[3] = dl7M_tlf.a
[4] = m7M_tl.a
[5] = rt7M_tl.a
[6] = shb_l.a

  18 230 bytes of readonly  code memory
     214 bytes of readonly  data memory
   2 264 bytes of readwrite data memory

Errors: none
Warnings: none
