###############################################################################
#
# IAR ELF Linker V7.80.1.11864/W32 for ARM                04/Aug/2017  18:18:56
# Copyright 2007-2016 IAR Systems AB.
#
#    Output file  =  
#        D:\YADisk\#1_work\Автомойка
#        самообслуживания\WM_v0.10\WM\EWARM\IAR_WM_v0.10\Exe\IAR_WM_v0.10.out
#    Map file     =  
#        D:\YADisk\#1_work\Автомойка
#        самообслуживания\WM_v0.10\WM\EWARM\IAR_WM_v0.10\List\IAR_WM_v0.10.map
#    Command line =  
#        "D:\YADisk\#1_work\Автомойка
#        самообслуживания\WM_v0.10\WM\EWARM\IAR_WM_v0.10\Obj\Delay.o"
#        "D:\YADisk\#1_work\Автомойка
#        самообслуживания\WM_v0.10\WM\EWARM\IAR_WM_v0.10\Obj\main.o"
#        "D:\YADisk\#1_work\Автомойка
#        самообслуживания\WM_v0.10\WM\EWARM\IAR_WM_v0.10\Obj\moneyAcceptMgmnt.o"
#        "D:\YADisk\#1_work\Автомойка
#        самообслуживания\WM_v0.10\WM\EWARM\IAR_WM_v0.10\Obj\portsMgmnt.o"
#        "D:\YADisk\#1_work\Автомойка
#        самообслуживания\WM_v0.10\WM\EWARM\IAR_WM_v0.10\Obj\startup_stm32f103xb.o"
#        "D:\YADisk\#1_work\Автомойка
#        самообслуживания\WM_v0.10\WM\EWARM\IAR_WM_v0.10\Obj\stm32f1xx_hal.o"
#        "D:\YADisk\#1_work\Автомойка
#        самообслуживания\WM_v0.10\WM\EWARM\IAR_WM_v0.10\Obj\stm32f1xx_hal_adc.o"
#        "D:\YADisk\#1_work\Автомойка
#        самообслуживания\WM_v0.10\WM\EWARM\IAR_WM_v0.10\Obj\stm32f1xx_hal_adc_ex.o"
#        "D:\YADisk\#1_work\Автомойка
#        самообслуживания\WM_v0.10\WM\EWARM\IAR_WM_v0.10\Obj\stm32f1xx_hal_can.o"
#        "D:\YADisk\#1_work\Автомойка
#        самообслуживания\WM_v0.10\WM\EWARM\IAR_WM_v0.10\Obj\stm32f1xx_hal_cortex.o"
#        "D:\YADisk\#1_work\Автомойка
#        самообслуживания\WM_v0.10\WM\EWARM\IAR_WM_v0.10\Obj\stm32f1xx_hal_crc.o"
#        "D:\YADisk\#1_work\Автомойка
#        самообслуживания\WM_v0.10\WM\EWARM\IAR_WM_v0.10\Obj\stm32f1xx_hal_dma.o"
#        "D:\YADisk\#1_work\Автомойка
#        самообслуживания\WM_v0.10\WM\EWARM\IAR_WM_v0.10\Obj\stm32f1xx_hal_flash.o"
#        "D:\YADisk\#1_work\Автомойка
#        самообслуживания\WM_v0.10\WM\EWARM\IAR_WM_v0.10\Obj\stm32f1xx_hal_flash_ex.o"
#        "D:\YADisk\#1_work\Автомойка
#        самообслуживания\WM_v0.10\WM\EWARM\IAR_WM_v0.10\Obj\stm32f1xx_hal_gpio.o"
#        "D:\YADisk\#1_work\Автомойка
#        самообслуживания\WM_v0.10\WM\EWARM\IAR_WM_v0.10\Obj\stm32f1xx_hal_gpio_ex.o"
#        "D:\YADisk\#1_work\Автомойка
#        самообслуживания\WM_v0.10\WM\EWARM\IAR_WM_v0.10\Obj\stm32f1xx_hal_msp.o"
#        "D:\YADisk\#1_work\Автомойка
#        самообслуживания\WM_v0.10\WM\EWARM\IAR_WM_v0.10\Obj\stm32f1xx_hal_pwr.o"
#        "D:\YADisk\#1_work\Автомойка
#        самообслуживания\WM_v0.10\WM\EWARM\IAR_WM_v0.10\Obj\stm32f1xx_hal_rcc.o"
#        "D:\YADisk\#1_work\Автомойка
#        самообслуживания\WM_v0.10\WM\EWARM\IAR_WM_v0.10\Obj\stm32f1xx_hal_rcc_ex.o"
#        "D:\YADisk\#1_work\Автомойка
#        самообслуживания\WM_v0.10\WM\EWARM\IAR_WM_v0.10\Obj\stm32f1xx_hal_spi.o"
#        "D:\YADisk\#1_work\Автомойка
#        самообслуживания\WM_v0.10\WM\EWARM\IAR_WM_v0.10\Obj\stm32f1xx_hal_spi_ex.o"
#        "D:\YADisk\#1_work\Автомойка
#        самообслуживания\WM_v0.10\WM\EWARM\IAR_WM_v0.10\Obj\stm32f1xx_hal_tim.o"
#        "D:\YADisk\#1_work\Автомойка
#        самообслуживания\WM_v0.10\WM\EWARM\IAR_WM_v0.10\Obj\stm32f1xx_hal_tim_ex.o"
#        "D:\YADisk\#1_work\Автомойка
#        самообслуживания\WM_v0.10\WM\EWARM\IAR_WM_v0.10\Obj\stm32f1xx_hal_uart.o"
#        "D:\YADisk\#1_work\Автомойка
#        самообслуживания\WM_v0.10\WM\EWARM\IAR_WM_v0.10\Obj\stm32f1xx_it.o"
#        "D:\YADisk\#1_work\Автомойка
#        самообслуживания\WM_v0.10\WM\EWARM\IAR_WM_v0.10\Obj\system_stm32f1xx.o"
#        "D:\YADisk\#1_work\Автомойка
#        самообслуживания\WM_v0.10\WM\EWARM\IAR_WM_v0.10\Obj\timeMgmnt.o"
#        "D:\YADisk\#1_work\Автомойка
#        самообслуживания\WM_v0.10\WM\EWARM\IAR_WM_v0.10\Obj\tm_stm32_hd44780.o"
#        "D:\YADisk\#1_work\Автомойка
#        самообслуживания\WM_v0.10\WM\EWARM\IAR_WM_v0.10\Obj\uartDataExchMgmnt.o"
#        --redirect _Printf=_PrintfFull --redirect _Scanf=_ScanfFull -o
#        "D:\YADisk\#1_work\Автомойка
#        самообслуживания\WM_v0.10\WM\EWARM\IAR_WM_v0.10\Exe\IAR_WM_v0.10.out"
#        --map "D:\YADisk\#1_work\Автомойка
#        самообслуживания\WM_v0.10\WM\EWARM\IAR_WM_v0.10\List\IAR_WM_v0.10.map"
#        --config "D:\YADisk\#1_work\Автомойка
#        самообслуживания\WM_v0.10\WM\EWARM/stm32f103xb_flash.icf"
#        --semihosting --entry __iar_program_start --vfe
#
###############################################################################

*******************************************************************************
*** RUNTIME MODEL ATTRIBUTES
***

CppFlavor                     = *
__Heap_Handler                = Basic
__SystemLibrary               = DLib
__dlib_dynamic_initialization = normal


*******************************************************************************
*** PLACEMENT SUMMARY
***

"A0":  place at 0x08000000 { ro section .intvec };
"P1":  place in [from 0x08000000 to 0x0801ffff] { ro };
"P2":  place in [from 0x20000000 to 0x20004fff] { rw, block CSTACK, block HEAP };
initialize by copy { rw };

  Section             Kind        Address    Size  Object
  -------             ----        -------    ----  ------
"A0":                                        0xec
  .intvec             ro code  0x08000000    0xec  startup_stm32f103xb.o [1]
                             - 0x080000ec    0xec

"P1":                                      0x6d37
  .text               ro code  0x080000ec  0x119a  xprintffull.o [3]
  .text               ro code  0x08001286    0x20  xmbtowc.o [3]
  .text               ro code  0x080012a6     0xa  xsprout.o [3]
  .text               ro code  0x080012b0    0x16  strchr.o [5]
  .rodata             const    0x080012c6     0x2  stm32f1xx_hal_rcc.o [1]
  .text               ro code  0x080012c8    0x36  strlen.o [5]
  .text               ro code  0x08001300    0x58  memchr.o [5]
  .text               ro code  0x08001358     0xa  xmbcurmax.o [3]
  .text               ro code  0x08001364    0xb0  xxmemxmalloc.o [3]
  .text               ro code  0x08001414    0x1a  xwctomb.o [3]
  .text               ro code  0x08001430    0x76  ABImemcpy_unaligned.o [5]
  .text               ro code  0x080014a8    0x80  xxmemxfree.o [3]
  .text               ro code  0x08001528    0xee  I64DivMod.o [5]
  .text               ro code  0x08001616    0x44  xdnorm.o [4]
  .text               ro code  0x0800165c    0x2e  DblCmpLe.o [4]
  .text               ro code  0x0800168c    0x2e  DblCmpGe.o [4]
  .text               ro code  0x080016bc   0x10c  xdscale.o [4]
  .text               ro code  0x080017c8    0x58  DblToI32.o [4]
  .text               ro code  0x08001820    0x30  I32ToDbl.o [4]
  .text               ro code  0x08001850   0x180  DblSub.o [4]
  .text               ro code  0x080019d0   0x1a2  DblMul.o [4]
  .text               ro code  0x08001b74   0x256  DblDiv.o [4]
  .text               ro code  0x08001dcc    0x6c  localeconv.o [3]
  .text               ro code  0x08001e38     0xe  div.o [3]
  .text               ro code  0x08001e48    0x24  setlocale.o [3]
  .text               ro code  0x08001e6c    0x60  xencoding_sb.o [3]
  .text               ro code  0x08001ecc    0x2c  xgetmemchunk.o [3]
  .text               ro code  0x08001ef8     0x2  I64DivZer.o [5]
  .text               ro code  0x08001efc    0xe8  DblAdd.o [4]
  .text               ro code  0x08001fe4     0x2  xtls.o [3]
  .text               ro code  0x08001fe8  0x10ae  main.o [1]
  .text               ro code  0x08003098   0x23c  stm32f1xx_hal_gpio.o [1]
  .text               ro code  0x080032d4   0x7cc  portsMgmnt.o [1]
  .text               ro code  0x08003aa0    0xcc  timeMgmnt.o [1]
  .text               ro code  0x08003b6c    0x28  stm32f1xx_hal.o [1]
  .text               ro code  0x08003b94   0x3d2  stm32f1xx_hal_tim.o [1]
  .text               ro code  0x08003f68   0x8c0  uartDataExchMgmnt.o [1]
  .text               ro code  0x08004828   0x454  tm_stm32_hd44780.o [1]
  .text               ro code  0x08004c7c   0x6d4  stm32f1xx_hal_rcc.o [1]
  .text               ro code  0x08005350   0x11c  stm32f1xx_hal_rcc_ex.o [1]
  .text               ro code  0x0800546c   0x14e  stm32f1xx_hal_cortex.o [1]
  .text               ro code  0x080055bc   0x2e0  stm32f1xx_hal_adc.o [1]
  .text               ro code  0x0800589c   0x154  stm32f1xx_hal_can.o [1]
  .text               ro code  0x080059f0    0x24  stm32f1xx_hal_crc.o [1]
  .text               ro code  0x08005a14    0x8a  stm32f1xx_hal_spi_ex.o [1]
  .text               ro code  0x08005aa0    0x5a  stm32f1xx_hal_tim_ex.o [1]
  .text               ro code  0x08005afc   0x56c  stm32f1xx_hal_uart.o [1]
  .text               ro code  0x08006068    0x28  stm32f1xx_hal.o [1]
  .text               ro code  0x08006090   0x30c  stm32f1xx_hal_msp.o [1]
  .text               ro code  0x0800639c     0x2  stm32f1xx_hal_tim.o [1]
  .text               ro code  0x0800639e     0x2  stm32f1xx_hal_tim.o [1]
  .text               ro code  0x080063a0     0x2  stm32f1xx_hal_tim.o [1]
  .text               ro code  0x080063a2     0x2  stm32f1xx_hal_tim.o [1]
  .text               ro code  0x080063a4     0x2  stm32f1xx_hal_tim_ex.o [1]
  .text               ro code  0x080063a6     0x2  stm32f1xx_hal_tim.o [1]
  .text               ro code  0x080063a8     0x2  stm32f1xx_hal_tim_ex.o [1]
  .text               ro code  0x080063ac    0x34  sprintf.o [3]
  .text               ro code  0x080063e0    0x4e  FltToDbl.o [4]
  .text               ro code  0x0800642e     0x6  strtol.o [3]
  .text               ro code  0x08006434    0x2e  I32ToFlt.o [4]
  .text               ro code  0x08006464    0x90  DblToFlt.o [4]
  .text               ro code  0x080064f4    0x38  uartDataExchMgmnt.o [1]
  .text               ro code  0x0800652c    0x24  FltToU32.o [4]
  .text               ro code  0x08006550    0x28  uartDataExchMgmnt.o [1]
  .text               ro code  0x08006578    0x34  Delay.o [1]
  .text               ro code  0x080065ac     0xc  stm32f1xx_hal.o [1]
  .text               ro code  0x080065b8    0xcc  stm32f1xx_hal_dma.o [1]
  .text               ro code  0x08006684     0x2  stm32f1xx_hal_uart.o [1]
  .text               ro code  0x08006686     0x2  stm32f1xx_hal_uart.o [1]
  .text               ro code  0x08006688     0x2  stm32f1xx_hal_uart.o [1]
  .text               ro code  0x0800668a    0x88  xstol.o [3]
  .text               ro code  0x08006714    0x66  ABImemset.o [5]
  .text               ro code  0x0800677a    0x14  isxxx.o [3]
  .text               ro code  0x08006790   0x194  xstoul.o [3]
  .text               ro code  0x08006924     0xc  errno.o [3]
  .text               ro code  0x08006930    0x14  xlocale_c.o [3]
  .text               ro code  0x08006944    0x14  tolower.o [3]
  .text               ro code  0x08006958     0xc  xlocale_c.o [3]
  .text               ro code  0x08006964    0xf8  moneyAcceptMgmnt.o [1]
  .text               ro code  0x08006a5c    0xe8  stm32f1xx_it.o [1]
  .text               ro code  0x08006b44    0x10  stm32f1xx_hal.o [1]
  .text               ro code  0x08006b54    0x68  system_stm32f1xx.o [1]
  .rodata             const    0x08006bbc    0x44  main.o [1]
  .text               ro code  0x08006c00    0x40  zero_init3.o [5]
  .text               ro code  0x08006c40    0x38  packbits_init_single.o [5]
  .text               ro code  0x08006c78    0x28  data_init.o [5]
  .iar.init_table     const    0x08006ca0    0x20  - Linker created -
  .text               ro code  0x08006cc0    0x1a  cmain.o [5]
  .text               ro code  0x08006cda     0x4  low_level_init.o [3]
  .text               ro code  0x08006cde     0x4  exit.o [3]
  .text               ro code  0x08006ce4     0xa  cexit.o [5]
  .text               ro code  0x08006cf0    0x14  exit.o [6]
  .rodata             const    0x08006d04    0x14  tm_stm32_hd44780.o [1]
  .rodata             const    0x08006d18    0x14  tm_stm32_hd44780.o [1]
  .rodata             const    0x08006d2c    0x10  stm32f1xx_hal_rcc.o [1]
  .rodata             const    0x08006d3c    0x10  system_stm32f1xx.o [1]
  .text               ro code  0x08006d4c    0x10  startup_stm32f103xb.o [1]
  .text               ro code  0x08006d5c     0xc  cstartup_M.o [5]
  .rodata             const    0x08006d68     0x8  system_stm32f1xx.o [1]
  .rodata             const    0x08006d70     0x4  tm_stm32_hd44780.o [1]
  .text               ro code  0x08006d74     0x4  startup_stm32f103xb.o [1]
  .text               ro code  0x08006d78     0x4  startup_stm32f103xb.o [1]
  .text               ro code  0x08006d7c     0x4  startup_stm32f103xb.o [1]
  .text               ro code  0x08006d80     0x4  startup_stm32f103xb.o [1]
  .text               ro code  0x08006d84     0x4  startup_stm32f103xb.o [1]
  .text               ro code  0x08006d88     0x4  startup_stm32f103xb.o [1]
  .text               ro code  0x08006d8c     0x4  startup_stm32f103xb.o [1]
  .text               ro code  0x08006d90     0x4  startup_stm32f103xb.o [1]
  .text               ro code  0x08006d94     0x4  startup_stm32f103xb.o [1]
  .text               ro code  0x08006d98     0x4  startup_stm32f103xb.o [1]
  .text               ro code  0x08006d9c     0x4  startup_stm32f103xb.o [1]
  .text               ro code  0x08006da0     0x4  startup_stm32f103xb.o [1]
  .text               ro code  0x08006da4     0x4  startup_stm32f103xb.o [1]
  .text               ro code  0x08006da8     0x4  startup_stm32f103xb.o [1]
  .text               ro code  0x08006dac     0x4  startup_stm32f103xb.o [1]
  .text               ro code  0x08006db0     0x4  startup_stm32f103xb.o [1]
  .text               ro code  0x08006db4     0x4  startup_stm32f103xb.o [1]
  .text               ro code  0x08006db8     0x4  startup_stm32f103xb.o [1]
  .text               ro code  0x08006dbc     0x4  startup_stm32f103xb.o [1]
  .text               ro code  0x08006dc0     0x4  startup_stm32f103xb.o [1]
  .text               ro code  0x08006dc4     0x4  startup_stm32f103xb.o [1]
  .text               ro code  0x08006dc8     0x4  startup_stm32f103xb.o [1]
  .text               ro code  0x08006dcc     0x4  startup_stm32f103xb.o [1]
  .text               ro code  0x08006dd0     0x4  startup_stm32f103xb.o [1]
  .text               ro code  0x08006dd4     0x4  startup_stm32f103xb.o [1]
  .text               ro code  0x08006dd8     0x4  startup_stm32f103xb.o [1]
  .text               ro code  0x08006ddc     0x4  startup_stm32f103xb.o [1]
  .text               ro code  0x08006de0     0x4  startup_stm32f103xb.o [1]
  .text               ro code  0x08006de4     0x4  startup_stm32f103xb.o [1]
  .text               ro code  0x08006de8     0x4  startup_stm32f103xb.o [1]
  .text               ro code  0x08006dec     0x4  startup_stm32f103xb.o [1]
  .text               ro code  0x08006df0     0x4  startup_stm32f103xb.o [1]
  .text               ro code  0x08006df4     0x4  startup_stm32f103xb.o [1]
  .text               ro code  0x08006df8     0x4  startup_stm32f103xb.o [1]
  .rodata             const    0x08006dfc     0x0  zero_init3.o [5]
  .rodata             const    0x08006dfc     0x0  packbits_init_single.o [5]
  Initializer bytes   const    0x08006dfc    0x27  <for P2-1>
                             - 0x08006e23  0x6d37

"P2", part 1 of 3:                          0x11c
  P2-1                         0x20000000   0x11c  <Init block>
    .data             inited   0x20000000     0x4  main.o [1]
    .data             inited   0x20000004     0x4  system_stm32f1xx.o [1]
    __DLIB_PERTHREAD  inited   0x20000008    0x88  localeconv.o [3]
    __DLIB_PERTHREAD  inited   0x20000090     0x4  errno.o [3]
    __DLIB_PERTHREAD  inited   0x20000094    0x74  setlocale.o [3]
    .data             inited   0x20000108     0x2  tm_stm32_hd44780.o [1]
    .data             inited   0x2000010a     0x2  tm_stm32_hd44780.o [1]
    .data             inited   0x2000010c     0x2  tm_stm32_hd44780.o [1]
    .data             inited   0x2000010e     0x2  tm_stm32_hd44780.o [1]
    .data             inited   0x20000110     0x1  main.o [1]
    .data             inited   0x20000111     0x1  main.o [1]
    .data             inited   0x20000112     0x1  main.o [1]
    .data             inited   0x20000113     0x1  main.o [1]
    .data             inited   0x20000114     0x1  main.o [1]
    .data             inited   0x20000115     0x1  main.o [1]
    .data             inited   0x20000116     0x1  main.o [1]
    .data             inited   0x20000117     0x1  main.o [1]
    .data             inited   0x20000118     0x1  main.o [1]
    .data             inited   0x20000119     0x1  portsMgmnt.o [1]
    .data             inited   0x2000011a     0x1  portsMgmnt.o [1]
    .data             inited   0x2000011b     0x1  uartDataExchMgmnt.o [1]
                             - 0x2000011c   0x11c

"P2", part 2 of 3:                          0x600
  CSTACK                       0x20000120   0x400  <Block>
    CSTACK            uninit   0x20000120   0x400  <Block tail>
  HEAP                         0x20000520   0x200  <Block>
    HEAP              uninit   0x20000520   0x200  <Block tail>
                             - 0x20000720   0x600

"P2", part 3 of 3:                          0x624
  .bss                zero     0x20000720   0x100  uartDataExchMgmnt.o [1]
  .bss                zero     0x20000820   0x100  uartDataExchMgmnt.o [1]
  .bss                zero     0x20000920   0x100  uartDataExchMgmnt.o [1]
  .bss                zero     0x20000a20    0x58  main.o [1]
  .bss                zero     0x20000a78    0x48  main.o [1]
  .bss                zero     0x20000ac0    0x44  main.o [1]
  .bss                zero     0x20000b04    0x40  main.o [1]
  .bss                zero     0x20000b44    0x40  main.o [1]
  .bss                zero     0x20000b84    0x40  main.o [1]
  .bss                zero     0x20000bc4    0x40  main.o [1]
  .bss                zero     0x20000c04    0x30  main.o [1]
  .bss                zero     0x20000c34    0x1c  main.o [1]
  .bss                zero     0x20000c50    0x14  main.o [1]
  .bss                zero     0x20000c64     0xc  main.o [1]
  .bss                zero     0x20000c70     0xc  portsMgmnt.o [1]
  .bss                zero     0x20000c7c     0xc  portsMgmnt.o [1]
  .bss                zero     0x20000c88     0x8  main.o [1]
  .bss                zero     0x20000c90     0x8  main.o [1]
  .bss                zero     0x20000c98     0x8  main.o [1]
  .bss                zero     0x20000ca0     0x8  moneyAcceptMgmnt.o [1]
  .bss                zero     0x20000ca8     0x8  moneyAcceptMgmnt.o [1]
  .bss                zero     0x20000cb0     0x8  portsMgmnt.o [1]
  .bss                zero     0x20000cb8     0x8  portsMgmnt.o [1]
  .bss                zero     0x20000cc0     0x8  portsMgmnt.o [1]
  .bss                zero     0x20000cc8     0x8  portsMgmnt.o [1]
  .bss                zero     0x20000cd0     0x8  portsMgmnt.o [1]
  .bss                zero     0x20000cd8     0x8  timeMgmnt.o [1]
  .bss                zero     0x20000ce0     0x8  tm_stm32_hd44780.o [1]
  .bss                zero     0x20000ce8     0x8  xxmemxmalloc.o [3]
  .bss                zero     0x20000cf0     0x4  main.o [1]
  .bss                zero     0x20000cf4     0x4  portsMgmnt.o [1]
  .bss                zero     0x20000cf8     0x4  portsMgmnt.o [1]
  .bss                zero     0x20000cfc     0x4  portsMgmnt.o [1]
  .bss                zero     0x20000d00     0x4  portsMgmnt.o [1]
  .bss                zero     0x20000d04     0x4  stm32f1xx_hal.o [1]
  .bss                zero     0x20000d08     0x4  xgetmemchunk.o [3]
  .bss                zero     0x20000d0c     0x2  portsMgmnt.o [1]
  .bss                zero     0x20000d0e     0x2  portsMgmnt.o [1]
  .bss                zero     0x20000d10     0x2  portsMgmnt.o [1]
  .bss                zero     0x20000d12     0x2  portsMgmnt.o [1]
  .bss                zero     0x20000d14     0x2  portsMgmnt.o [1]
  .bss                zero     0x20000d16     0x2  portsMgmnt.o [1]
  .bss                zero     0x20000d18     0x2  portsMgmnt.o [1]
  .bss                zero     0x20000d1a     0x2  portsMgmnt.o [1]
  .bss                zero     0x20000d1c     0x2  portsMgmnt.o [1]
  .bss                zero     0x20000d1e     0x2  portsMgmnt.o [1]
  .bss                zero     0x20000d20     0x2  portsMgmnt.o [1]
  .bss                zero     0x20000d22     0x2  portsMgmnt.o [1]
  .bss                zero     0x20000d24     0x2  portsMgmnt.o [1]
  .bss                zero     0x20000d26     0x2  portsMgmnt.o [1]
  .bss                zero     0x20000d28     0x2  portsMgmnt.o [1]
  .bss                zero     0x20000d2a     0x2  portsMgmnt.o [1]
  .bss                zero     0x20000d2c     0x2  portsMgmnt.o [1]
  .bss                zero     0x20000d2e     0x1  main.o [1]
  .bss                zero     0x20000d2f     0x1  main.o [1]
  .bss                zero     0x20000d30     0x1  main.o [1]
  .bss                zero     0x20000d31     0x1  main.o [1]
  .bss                zero     0x20000d32     0x1  main.o [1]
  .bss                zero     0x20000d33     0x1  main.o [1]
  .bss                zero     0x20000d34     0x1  moneyAcceptMgmnt.o [1]
  .bss                zero     0x20000d35     0x1  moneyAcceptMgmnt.o [1]
  .bss                zero     0x20000d36     0x1  portsMgmnt.o [1]
  .bss                zero     0x20000d37     0x1  portsMgmnt.o [1]
  .bss                zero     0x20000d38     0x1  portsMgmnt.o [1]
  .bss                zero     0x20000d39     0x1  portsMgmnt.o [1]
  .bss                zero     0x20000d3a     0x1  portsMgmnt.o [1]
  .bss                zero     0x20000d3b     0x1  portsMgmnt.o [1]
  .bss                zero     0x20000d3c     0x1  portsMgmnt.o [1]
  .bss                zero     0x20000d3d     0x1  portsMgmnt.o [1]
  .bss                zero     0x20000d3e     0x1  portsMgmnt.o [1]
  .bss                zero     0x20000d3f     0x1  portsMgmnt.o [1]
  .bss                zero     0x20000d40     0x1  portsMgmnt.o [1]
  .bss                zero     0x20000d41     0x1  portsMgmnt.o [1]
  .bss                zero     0x20000d42     0x1  portsMgmnt.o [1]
  .bss                zero     0x20000d43     0x1  uartDataExchMgmnt.o [1]
                             - 0x20000d44   0x624


*******************************************************************************
*** INIT TABLE
***

          Address     Size
          -------     ----
Zero (__iar_zero_init3)
    1 destination range, total size 0x624:
          0x20000720  0x624

Copy/packbits (__iar_packbits_init_single3)
    1 source range, total size 0x27 (13% of destination):
          0x08006dfc   0x27
    1 destination range, total size 0x11c:
          0x20000000  0x11c



*******************************************************************************
*** MODULE SUMMARY
***

    Module                  ro code  ro data  rw data
    ------                  -------  -------  -------
D:\YADisk\#1_work\Автомойка самообслуживания\WM_v0.10\WM\EWARM\IAR_WM_v0.10\Obj: [1]
    Delay.o                      52
    main.o                    4 270       69      639
    moneyAcceptMgmnt.o          248                18
    portsMgmnt.o              1 996               129
    startup_stm32f103xb.o       388
    stm32f1xx_hal.o             108                 4
    stm32f1xx_hal_adc.o         736
    stm32f1xx_hal_can.o         340
    stm32f1xx_hal_cortex.o      334
    stm32f1xx_hal_crc.o          36
    stm32f1xx_hal_dma.o         204
    stm32f1xx_hal_gpio.o        572
    stm32f1xx_hal_msp.o         780
    stm32f1xx_hal_rcc.o       1 748       18
    stm32f1xx_hal_rcc_ex.o      284
    stm32f1xx_hal_spi_ex.o      138
    stm32f1xx_hal_tim.o         988
    stm32f1xx_hal_tim_ex.o       94
    stm32f1xx_hal_uart.o      1 394
    stm32f1xx_it.o              232
    system_stm32f1xx.o          104       25        4
    timeMgmnt.o                 204                 8
    tm_stm32_hd44780.o        1 108       45       16
    uartDataExchMgmnt.o       2 336        1      770
    -------------------------------------------------
    Total:                   18 694      158    1 588

command line: [2]
    -------------------------------------------------
    Total:

dl7M_tlf.a: [3]
    div.o                        14
    errno.o                      12        1        4
    exit.o                        4
    isxxx.o                      20
    localeconv.o                108       18      136
    low_level_init.o              4
    setlocale.o                  36       16      116
    sprintf.o                    52
    strtol.o                      6
    tolower.o                    20
    xencoding_sb.o               96
    xgetmemchunk.o               44                 4
    xlocale_c.o                  32
    xmbcurmax.o                  10
    xmbtowc.o                    32
    xprintffull.o             4 506
    xsprout.o                    10
    xstol.o                     136
    xstoul.o                    404
    xtls.o                        2
    xwctomb.o                    26
    xxmemxfree.o                128
    xxmemxmalloc.o              176                 8
    -------------------------------------------------
    Total:                    5 878       35      268

m7M_tl.a: [4]
    DblAdd.o                    232
    DblCmpGe.o                   46
    DblCmpLe.o                   46
    DblDiv.o                    598
    DblMul.o                    418
    DblSub.o                    384
    DblToFlt.o                  144
    DblToI32.o                   88
    FltToDbl.o                   78
    FltToU32.o                   36
    I32ToDbl.o                   48
    I32ToFlt.o                   46
    xdnorm.o                     68
    xdscale.o                   268
    -------------------------------------------------
    Total:                    2 500

rt7M_tl.a: [5]
    ABImemcpy_unaligned.o       118
    ABImemset.o                 102
    I64DivMod.o                 238
    I64DivZer.o                   2
    cexit.o                      10
    cmain.o                      26
    cstartup_M.o                 12
    data_init.o                  40
    memchr.o                     88
    packbits_init_single.o       56
    strchr.o                     22
    strlen.o                     54
    zero_init3.o                 64
    -------------------------------------------------
    Total:                      832

shb_l.a: [6]
    exit.o                       20
    -------------------------------------------------
    Total:                       20

    Gaps                         46
    Linker created                        32    1 536
-----------------------------------------------------
    Grand Total:             27 970      225    3 392


*******************************************************************************
*** ENTRY LIST
***

Entry                      Address   Size  Type      Object
-----                      -------   ----  ----      ------
.iar.init_table$$Base   0x08006ca0          --   Gb  - Linker created -
.iar.init_table$$Limit  0x08006cc0          --   Gb  - Linker created -
?main                   0x08006cc1         Code  Gb  cmain.o [5]
ADC_ConversionStop_Disable
                        0x08005851   0x4a  Code  Gb  stm32f1xx_hal_adc.o [1]
AHBPrescTable           0x08006d3c   0x10  Data  Gb  system_stm32f1xx.o [1]
APBPrescTable           0x08006d68    0x8  Data  Gb  system_stm32f1xx.o [1]
BusFault_Handler        0x08006a63    0x2  Code  Gb  stm32f1xx_it.o [1]
CSTACK$$Base            0x20000120          --   Gb  - Linker created -
CSTACK$$Limit           0x20000520          --   Gb  - Linker created -
DebugMon_Handler        0x08006a69    0x2  Code  Gb  stm32f1xx_it.o [1]
EXTI0_IRQHandler        0x08006a79    0xa  Code  Gb  stm32f1xx_it.o [1]
EXTI15_10_IRQHandler    0x08006b11   0x34  Code  Gb  stm32f1xx_it.o [1]
EXTI1_IRQHandler        0x08006a83    0xa  Code  Gb  stm32f1xx_it.o [1]
EXTI2_IRQHandler        0x08006a8d    0xa  Code  Gb  stm32f1xx_it.o [1]
EXTI3_IRQHandler        0x08006a97    0xa  Code  Gb  stm32f1xx_it.o [1]
EXTI4_IRQHandler        0x08006aa1    0xa  Code  Gb  stm32f1xx_it.o [1]
EXTI9_5_IRQHandler      0x08006aab   0x26  Code  Gb  stm32f1xx_it.o [1]
HAL_ADC_ConfigChannel   0x080056f3  0x148  Code  Gb  stm32f1xx_hal_adc.o [1]
HAL_ADC_Init            0x080055bd  0x136  Code  Gb  stm32f1xx_hal_adc.o [1]
HAL_ADC_MspInit         0x0800612d   0x3a  Code  Gb  stm32f1xx_hal_msp.o [1]
HAL_CAN_Init            0x0800589d  0x154  Code  Gb  stm32f1xx_hal_can.o [1]
HAL_CAN_MspInit         0x08006167   0x54  Code  Gb  stm32f1xx_hal_msp.o [1]
HAL_CRC_Init            0x080059f1   0x24  Code  Gb  stm32f1xx_hal_crc.o [1]
HAL_CRC_MspInit         0x080061bb   0x26  Code  Gb  stm32f1xx_hal_msp.o [1]
HAL_DMA_Abort_IT        0x080065b9   0xae  Code  Gb  stm32f1xx_hal_dma.o [1]
HAL_GPIO_EXTI_Callback  0x0800385d  0x180  Code  Gb  portsMgmnt.o [1]
HAL_GPIO_EXTI_Callback::c1
                        0x20000d0e    0x2  Data  Lc  portsMgmnt.o [1]
HAL_GPIO_EXTI_Callback::c10
                        0x20000d20    0x2  Data  Lc  portsMgmnt.o [1]
HAL_GPIO_EXTI_Callback::c11
                        0x20000d22    0x2  Data  Lc  portsMgmnt.o [1]
HAL_GPIO_EXTI_Callback::c12
                        0x20000d24    0x2  Data  Lc  portsMgmnt.o [1]
HAL_GPIO_EXTI_Callback::c13
                        0x20000d26    0x2  Data  Lc  portsMgmnt.o [1]
HAL_GPIO_EXTI_Callback::c14
                        0x20000d28    0x2  Data  Lc  portsMgmnt.o [1]
HAL_GPIO_EXTI_Callback::c15
                        0x20000d2a    0x2  Data  Lc  portsMgmnt.o [1]
HAL_GPIO_EXTI_Callback::c16
                        0x20000d2c    0x2  Data  Lc  portsMgmnt.o [1]
HAL_GPIO_EXTI_Callback::c2
                        0x20000d10    0x2  Data  Lc  portsMgmnt.o [1]
HAL_GPIO_EXTI_Callback::c3
                        0x20000d12    0x2  Data  Lc  portsMgmnt.o [1]
HAL_GPIO_EXTI_Callback::c4
                        0x20000d14    0x2  Data  Lc  portsMgmnt.o [1]
HAL_GPIO_EXTI_Callback::c5
                        0x20000d16    0x2  Data  Lc  portsMgmnt.o [1]
HAL_GPIO_EXTI_Callback::c6
                        0x20000d18    0x2  Data  Lc  portsMgmnt.o [1]
HAL_GPIO_EXTI_Callback::c7
                        0x20000d1a    0x2  Data  Lc  portsMgmnt.o [1]
HAL_GPIO_EXTI_Callback::c8
                        0x20000d1c    0x2  Data  Lc  portsMgmnt.o [1]
HAL_GPIO_EXTI_Callback::c9
                        0x20000d1e    0x2  Data  Lc  portsMgmnt.o [1]
HAL_GPIO_EXTI_Callback::lastPinNum
                        0x20000d0c    0x2  Data  Lc  portsMgmnt.o [1]
HAL_GPIO_EXTI_Callback::timePulseDetected
                        0x20000cd0    0x8  Data  Lc  portsMgmnt.o [1]
HAL_GPIO_EXTI_IRQHandler
                        0x08003275   0x1a  Code  Gb  stm32f1xx_hal_gpio.o [1]
HAL_GPIO_Init           0x08003099  0x1b6  Code  Gb  stm32f1xx_hal_gpio.o [1]
HAL_GPIO_ReadPin        0x0800324f   0x12  Code  Gb  stm32f1xx_hal_gpio.o [1]
HAL_GPIO_WritePin       0x08003261   0x14  Code  Gb  stm32f1xx_hal_gpio.o [1]
HAL_GetTick             0x080065ad    0xc  Code  Wk  stm32f1xx_hal.o [1]
HAL_IncTick             0x08006b45   0x10  Code  Wk  stm32f1xx_hal.o [1]
HAL_Init                0x08003b6d   0x22  Code  Gb  stm32f1xx_hal.o [1]
HAL_InitTick            0x08006069   0x28  Code  Wk  stm32f1xx_hal.o [1]
HAL_MspInit             0x08006091   0x9c  Code  Gb  stm32f1xx_hal_msp.o [1]
HAL_NVIC_EnableIRQ      0x0800555f    0xa  Code  Gb  stm32f1xx_hal_cortex.o [1]
HAL_NVIC_SetPriority    0x0800553d   0x22  Code  Gb  stm32f1xx_hal_cortex.o [1]
HAL_NVIC_SetPriorityGrouping
                        0x08005535    0x8  Code  Gb  stm32f1xx_hal_cortex.o [1]
HAL_RCCEx_PeriphCLKConfig
                        0x08005351  0x108  Code  Gb  stm32f1xx_hal_rcc_ex.o [1]
HAL_RCC_ClockConfig     0x080050cf  0x180  Code  Gb  stm32f1xx_hal_rcc.o [1]
HAL_RCC_GetHCLKFreq     0x080052b5    0x6  Code  Gb  stm32f1xx_hal_rcc.o [1]
HAL_RCC_GetPCLK1Freq    0x080052bb   0x16  Code  Gb  stm32f1xx_hal_rcc.o [1]
HAL_RCC_GetPCLK2Freq    0x080052d1   0x16  Code  Gb  stm32f1xx_hal_rcc.o [1]
HAL_RCC_GetSysClockFreq
                        0x0800524f   0x66  Code  Gb  stm32f1xx_hal_rcc.o [1]
HAL_RCC_OscConfig       0x08004c7d  0x452  Code  Gb  stm32f1xx_hal_rcc.o [1]
HAL_SPI_Init            0x08005a15   0x8a  Code  Gb  stm32f1xx_hal_spi_ex.o [1]
HAL_SPI_MspInit         0x080061e1   0x54  Code  Gb  stm32f1xx_hal_msp.o [1]
HAL_SYSTICK_CLKSourceConfig
                        0x08005571   0x20  Code  Gb  stm32f1xx_hal_cortex.o [1]
HAL_SYSTICK_Callback    0x080055b9    0x2  Code  Wk  stm32f1xx_hal_cortex.o [1]
HAL_SYSTICK_Config      0x08005569    0x8  Code  Gb  stm32f1xx_hal_cortex.o [1]
HAL_SYSTICK_IRQHandler  0x080055b1    0x8  Code  Gb  stm32f1xx_hal_cortex.o [1]
HAL_TIMEx_BreakCallback
                        0x080063a5    0x2  Code  Wk  stm32f1xx_hal_tim_ex.o [1]
HAL_TIMEx_CommutationCallback
                        0x080063a9    0x2  Code  Wk  stm32f1xx_hal_tim_ex.o [1]
HAL_TIMEx_MasterConfigSynchronization
                        0x08005aa1   0x58  Code  Gb  stm32f1xx_hal_tim_ex.o [1]
HAL_TIM_Base_Init       0x08003b95   0x38  Code  Gb  stm32f1xx_hal_tim.o [1]
HAL_TIM_Base_MspInit    0x08006235   0x34  Code  Gb  stm32f1xx_hal_msp.o [1]
HAL_TIM_Base_Start_IT   0x08003bcd   0x1c  Code  Gb  stm32f1xx_hal_tim.o [1]
HAL_TIM_ConfigClockSource
                        0x08003d5f  0x118  Code  Gb  stm32f1xx_hal_tim.o [1]
HAL_TIM_IC_CaptureCallback
                        0x0800639d    0x2  Code  Wk  stm32f1xx_hal_tim.o [1]
HAL_TIM_IRQHandler      0x08003be9  0x176  Code  Gb  stm32f1xx_hal_tim.o [1]
HAL_TIM_OC_DelayElapsedCallback
                        0x0800639f    0x2  Code  Wk  stm32f1xx_hal_tim.o [1]
HAL_TIM_PWM_PulseFinishedCallback
                        0x080063a1    0x2  Code  Wk  stm32f1xx_hal_tim.o [1]
HAL_TIM_PeriodElapsedCallback
                        0x080063a3    0x2  Code  Wk  stm32f1xx_hal_tim.o [1]
HAL_TIM_TriggerCallback
                        0x080063a7    0x2  Code  Wk  stm32f1xx_hal_tim.o [1]
HAL_UART_ErrorCallback  0x08006685    0x2  Code  Wk  stm32f1xx_hal_uart.o [1]
HAL_UART_IRQHandler     0x08005c2f  0x134  Code  Gb  stm32f1xx_hal_uart.o [1]
HAL_UART_Init           0x08005afd   0x76  Code  Gb  stm32f1xx_hal_uart.o [1]
HAL_UART_MspInit        0x08006269   0xfc  Code  Gb  stm32f1xx_hal_msp.o [1]
HAL_UART_Receive_IT     0x08005bc5   0x6a  Code  Gb  stm32f1xx_hal_uart.o [1]
HAL_UART_RxCpltCallback
                        0x08006689    0x2  Code  Wk  stm32f1xx_hal_uart.o [1]
HAL_UART_Transmit_IT    0x08005b73   0x52  Code  Gb  stm32f1xx_hal_uart.o [1]
HAL_UART_TxCpltCallback
                        0x08006687    0x2  Code  Wk  stm32f1xx_hal_uart.o [1]
HD44780_Opts            0x20000ce0    0x8  Data  Gb  tm_stm32_hd44780.o [1]
HEAP$$Base              0x20000520          --   Gb  - Linker created -
HEAP$$Limit             0x20000720          --   Gb  - Linker created -
HardFault_Handler       0x08006a5f    0x2  Code  Gb  stm32f1xx_it.o [1]
LoadInt                 0x08000763   0x6e  Code  Lc  xprintffull.o [3]
MX_ADC1_Init            0x080022bd   0x7e  Code  Lc  main.o [1]
MX_CAN_Init             0x0800233b   0x7e  Code  Lc  main.o [1]
MX_CRC_Init             0x080023b9   0x26  Code  Lc  main.o [1]
MX_GPIO_Init            0x08002617  0x256  Code  Lc  main.o [1]
MX_SPI2_Init            0x080023df   0x80  Code  Lc  main.o [1]
MX_TIM3_Init            0x0800245f   0x98  Code  Lc  main.o [1]
MX_USART1_UART_Init     0x080024f7   0x60  Code  Lc  main.o [1]
MX_USART2_UART_Init     0x08002557   0x60  Code  Lc  main.o [1]
MX_USART3_UART_Init     0x080025b7   0x60  Code  Lc  main.o [1]
MemManage_Handler       0x08006a61    0x2  Code  Gb  stm32f1xx_it.o [1]
NMI_Handler             0x08006a5d    0x2  Code  Gb  stm32f1xx_it.o [1]
NVIC_EnableIRQ          0x08005493   0x14  Code  Lc  stm32f1xx_hal_cortex.o [1]
NVIC_EncodePriority     0x080054c9   0x3e  Code  Lc  stm32f1xx_hal_cortex.o [1]
NVIC_GetPriorityGrouping
                        0x08005489    0xa  Code  Lc  stm32f1xx_hal_cortex.o [1]
NVIC_SetPriority        0x080054a7   0x22  Code  Lc  stm32f1xx_hal_cortex.o [1]
NVIC_SetPriorityGrouping
                        0x0800546d   0x1c  Code  Lc  stm32f1xx_hal_cortex.o [1]
PendSV_Handler          0x08006a6b    0x2  Code  Gb  stm32f1xx_it.o [1]
RCC_Delay               0x080052e7   0x24  Code  Lc  stm32f1xx_hal_rcc.o [1]
Region$$Table$$Base     0x08006ca0          --   Gb  - Linker created -
Region$$Table$$Limit    0x08006cc0          --   Gb  - Linker created -
SVC_Handler             0x08006a67    0x2  Code  Gb  stm32f1xx_it.o [1]
SysTick_Config          0x08005507   0x2e  Code  Lc  stm32f1xx_hal_cortex.o [1]
SysTick_Handler         0x08006a6d    0xc  Code  Gb  stm32f1xx_it.o [1]
SystemClock_Config      0x0800220d   0xb0  Code  Gb  main.o [1]
SystemCoreClock         0x20000004    0x4  Data  Gb  system_stm32f1xx.o [1]
SystemInit              0x08006b55   0x4e  Code  Gb  system_stm32f1xx.o [1]
TIM3_IRQHandler         0x08006ad1   0x2e  Code  Gb  stm32f1xx_it.o [1]
TIM_Base_SetConfig      0x08003e77   0x66  Code  Gb  stm32f1xx_hal_tim.o [1]
TIM_ETR_SetConfig       0x08003f4f   0x18  Code  Lc  stm32f1xx_hal_tim.o [1]
TIM_ITRx_SetConfig      0x08003f3b   0x14  Code  Lc  stm32f1xx_hal_tim.o [1]
TIM_TI1_ConfigInputStage
                        0x08003ee9   0x28  Code  Lc  stm32f1xx_hal_tim.o [1]
TIM_TI2_ConfigInputStage
                        0x08003f11   0x2a  Code  Lc  stm32f1xx_hal_tim.o [1]
TM_HD44780_Clear        0x08004929   0x12  Code  Gb  tm_stm32_hd44780.o [1]
TM_HD44780_Cmd          0x080049fb   0x24  Code  Lc  tm_stm32_hd44780.o [1]
TM_HD44780_Cmd4bit      0x08004a43   0xa2  Code  Lc  tm_stm32_hd44780.o [1]
TM_HD44780_CursorSet    0x08004ae5   0x3e  Code  Lc  tm_stm32_hd44780.o [1]
TM_HD44780_Data         0x08004a1f   0x24  Code  Lc  tm_stm32_hd44780.o [1]
TM_HD44780_DisplayOn    0x080049d7   0x24  Code  Gb  tm_stm32_hd44780.o [1]
TM_HD44780_Init         0x08004829  0x100  Code  Gb  tm_stm32_hd44780.o [1]
TM_HD44780_InitPins     0x08004b23   0x94  Code  Lc  tm_stm32_hd44780.o [1]
TM_HD44780_Puts         0x0800493b   0x9c  Code  Gb  tm_stm32_hd44780.o [1]
UART_DMAAbortOnError    0x08005d85   0x12  Code  Lc  stm32f1xx_hal_uart.o [1]
UART_EndRxTransfer      0x08005d63   0x20  Code  Lc  stm32f1xx_hal_uart.o [1]
UART_EndTransmit_IT     0x08005e03   0x1c  Code  Lc  stm32f1xx_hal_uart.o [1]
UART_Receive_IT         0x08005e1f   0xa8  Code  Lc  stm32f1xx_hal_uart.o [1]
UART_SetConfig          0x08005ec7  0x198  Code  Lc  stm32f1xx_hal_uart.o [1]
UART_Transmit_IT        0x08005d99   0x6a  Code  Lc  stm32f1xx_hal_uart.o [1]
USART1_IRQHandler       0x08006aff    0xa  Code  Gb  stm32f1xx_it.o [1]
UsageFault_Handler      0x08006a65    0x2  Code  Gb  stm32f1xx_it.o [1]
_EncodingSb_Mbtowc      0x08001e87   0x30  Code  Gb  xencoding_sb.o [3]
_EncodingSb_Mbtowc::initial
                        0x08001ec4    0x8  Data  Lc  xencoding_sb.o [3]
_EncodingSb_Wctomb      0x08001e6d   0x1a  Code  Gb  xencoding_sb.o [3]
_EncodingSb_Wctomb::initial
                        0x08001ebc    0x8  Data  Lc  xencoding_sb.o [3]
_Error_Handler          0x08003095    0x2  Code  Gb  main.o [1]
_GenldFull              0x08000fe9  0x254  Code  Lc  xprintffull.o [3]
_IsdstStr               0x20000098    0x4  Data  Gb  setlocale.o [3]
_LdtobFull              0x08000be9  0x3fa  Code  Lc  xprintffull.o [3]
_LitobFull              0x08000add  0x10a  Code  Lc  xprintffull.o [3]
_LocaleC_isspace        0x08006931   0x14  Code  Gb  xlocale_c.o [3]
_LocaleC_tolower        0x08006959    0xc  Code  Gb  xlocale_c.o [3]
_LocaleEncoding         0x08001e5b    0xe  Code  Gb  setlocale.o [3]
_LocaleForCat           0x08001e49   0x12  Code  Gb  setlocale.o [3]
_LocaleReturnString     0x200000b8   0x50  Data  Lc  setlocale.o [3]
_Locale_Profile         0x2000009c   0x1c  Data  Gb  setlocale.o [3]
_Locale_aeabi_lconv     0x20000058   0x38  Data  Gb  localeconv.o [3]
_Locale_lconv           0x20000008   0x50  Data  Gb  localeconv.o [3]
_Mbtowc                 0x08001287   0x20  Code  Gb  xmbtowc.o [3]
_PrintfFull             0x080000ed  0x660  Code  Gb  xprintffull.o [3]
_PutcharsFull           0x0800123d   0x2e  Code  Lc  xprintffull.o [3]
_PutstrFull             0x080007d1  0x306  Code  Lc  xprintffull.o [3]
_SProut                 0x080012a7    0xa  Code  Gb  xsprout.o [3]
_TzoneStr               0x20000094    0x4  Data  Gb  setlocale.o [3]
_Wctomb                 0x08001415   0x1a  Code  Gb  xwctomb.o [3]
__aeabi_cdcmple         0x0800165d         Code  Gb  DblCmpLe.o [4]
__aeabi_cdrcmple        0x0800168d         Code  Gb  DblCmpGe.o [4]
__aeabi_d2f             0x08006465         Code  Gb  DblToFlt.o [4]
__aeabi_d2iz            0x080017c9         Code  Gb  DblToI32.o [4]
__aeabi_d2uiz           0x080017f5         Code  Gb  DblToI32.o [4]
__aeabi_dadd            0x08001efd         Code  Gb  DblAdd.o [4]
__aeabi_ddiv            0x08001b75         Code  Gb  DblDiv.o [4]
__aeabi_dmul            0x080019d1         Code  Gb  DblMul.o [4]
__aeabi_dsub            0x08001851         Code  Gb  DblSub.o [4]
__aeabi_errno_addr      0x08006925    0x6  Code  Gb  errno.o [3]
__aeabi_f2d             0x080063e1         Code  Gb  FltToDbl.o [4]
__aeabi_f2uiz           0x0800652d         Code  Gb  FltToU32.o [4]
__aeabi_i2d             0x08001821         Code  Gb  I32ToDbl.o [4]
__aeabi_i2f             0x08006435         Code  Gb  I32ToFlt.o [4]
__aeabi_ldiv0           0x08001ef9         Code  Gb  I64DivZer.o [5]
__aeabi_memset          0x08006715         Code  Gb  ABImemset.o [5]
__aeabi_ui2d            0x08001835         Code  Gb  I32ToDbl.o [4]
__aeabi_uldivmod        0x08001529         Code  Gb  I64DivMod.o [5]
__cmain                 0x08006cc1         Code  Gb  cmain.o [5]
__data_Aldata           0x20000ce8    0x8  Data  Gb  xxmemxmalloc.o [3]
__data_GetMemChunk      0x08001ecd   0x2c  Code  Gb  xgetmemchunk.o [3]
__data_GetMemChunk::start
                        0x20000d08    0x4  Data  Lc  xgetmemchunk.o [3]
__exit                  0x08006cf1   0x14  Code  Gb  exit.o [6]
__iar_Dnorm             0x08001617   0x44  Code  Gb  xdnorm.o [4]
__iar_Dscale            0x080016bd  0x10c  Code  Gb  xdscale.o [4]
__iar_Errno             0x20000090    0x4  Data  Gb  errno.o [3]
__iar_Locale_lconv_init
                        0x08001dcd   0x3a  Code  Gb  localeconv.o [3]
__iar_Mbcurmax          0x08001359    0xa  Code  Gb  xmbcurmax.o [3]
__iar_Memchr            0x08001301         Code  Gb  memchr.o [5]
__iar_Memset            0x08006715         Code  Gb  ABImemset.o [5]
__iar_Memset_word       0x0800671d         Code  Gb  ABImemset.o [5]
__iar_Stolx             0x0800668b   0x88  Code  Gb  xstol.o [3]
__iar_Stoulx            0x08006791  0x13e  Code  Gb  xstoul.o [3]
__iar_Strchr            0x080012b1         Code  Gb  strchr.o [5]
__iar_d2uiz             0x08001801         Code  Gb  DblToI32.o [4]
__iar_dadd              0x08001f11         Code  Gb  DblAdd.o [4]
__iar_data_init3        0x08006c79   0x28  Code  Gb  data_init.o [5]
__iar_dlib_perthread_access
                        0x08001fe5    0x2  Code  Gb  xtls.o [3]
__iar_dsub              0x08001865         Code  Gb  DblSub.o [4]
__iar_dsubStart         0x08001877         Code  Gb  DblSub.o [4]
__iar_packbits_init_single3
                        0x08006c41   0x38  Code  Gb  packbits_init_single.o [5]
__iar_program_start     0x08006d5d         Code  Gb  cstartup_M.o [5]
__iar_ui2d              0x08001839         Code  Gb  I32ToDbl.o [4]
__iar_ui2f              0x08006449         Code  Gb  I32ToFlt.o [4]
__iar_unaligned___aeabi_memcpy
                        0x08001431         Code  Gb  ABImemcpy_unaligned.o [5]
__iar_unaligned___aeabi_memcpy4
                        0x08001451         Code  Gb  ABImemcpy_unaligned.o [5]
__iar_unaligned___aeabi_memcpy8
                        0x08001451         Code  Gb  ABImemcpy_unaligned.o [5]
__iar_zero_init3        0x08006c01   0x40  Code  Gb  zero_init3.o [5]
__low_level_init        0x08006cdb    0x4  Code  Gb  low_level_init.o [3]
__vector_table          0x08000000         Data  Gb  startup_stm32f103xb.o [1]
_call_main              0x08006ccd         Code  Gb  cmain.o [5]
_exit                   0x08006ce5         Code  Gb  cexit.o [5]
_main                   0x08006cd7         Code  Gb  cmain.o [5]
buttonsDisabledTime     0x20000cb0    0x8  Data  Gb  portsMgmnt.o [1]
checkCoinMoney          0x08006965   0x68  Code  Gb  moneyAcceptMgmnt.o [1]
checkCoinMoney::trueFlag
                        0x20000d34    0x1  Data  Lc  moneyAcceptMgmnt.o [1]
checkCoinMoney::trueTime
                        0x20000ca0    0x8  Data  Lc  moneyAcceptMgmnt.o [1]
checkFreeMode           0x080033a1   0x24  Code  Gb  portsMgmnt.o [1]
checkInput10Counter     0x08003565  0x1a0  Code  Gb  portsMgmnt.o [1]
checkInput10Counter::inData
                        0x20000c7c    0xc  Data  Lc  portsMgmnt.o [1]
checkInput10Counter::lastInState
                        0x2000011a    0x1  Data  Lc  portsMgmnt.o [1]
checkInput10Counter::p  0x20000d3e    0x1  Data  Lc  portsMgmnt.o [1]
checkInput10Counter::swchr
                        0x20000d3f    0x1  Data  Lc  portsMgmnt.o [1]
checkInput10Counter::temp
                        0x20000d40    0x1  Data  Lc  portsMgmnt.o [1]
checkMagistralPressure  0x08003359   0x24  Code  Gb  portsMgmnt.o [1]
checkMoney              0x080069cd   0x6a  Code  Gb  moneyAcceptMgmnt.o [1]
checkMoney::trueFlag    0x20000d35    0x1  Data  Lc  moneyAcceptMgmnt.o [1]
checkMoney::trueTime    0x20000ca8    0x8  Data  Lc  moneyAcceptMgmnt.o [1]
checkNewData            0x08004535   0x2e  Code  Gb  uartDataExchMgmnt.o [1]
checkOut10Counter       0x080033c5  0x1a0  Code  Gb  portsMgmnt.o [1]
checkOut10Counter::inData
                        0x20000c70    0xc  Data  Lc  portsMgmnt.o [1]
checkOut10Counter::lastInState
                        0x20000119    0x1  Data  Lc  portsMgmnt.o [1]
checkOut10Counter::p    0x20000d3b    0x1  Data  Lc  portsMgmnt.o [1]
checkOut10Counter::swchr
                        0x20000d3c    0x1  Data  Lc  portsMgmnt.o [1]
checkOut10Counter::temp
                        0x20000d3d    0x1  Data  Lc  portsMgmnt.o [1]
checkTumperDoor         0x08003335   0x24  Code  Gb  portsMgmnt.o [1]
checkTumperMoney        0x0800337d   0x24  Code  Gb  portsMgmnt.o [1]
clrAll                  0x08002f09  0x122  Code  Gb  main.o [1]
clrLastMessage          0x08006551   0x28  Code  Gb  uartDataExchMgmnt.o [1]
clrServDownButton       0x080032df    0xa  Code  Gb  portsMgmnt.o [1]
clrServLeftButton       0x080032e9    0xa  Code  Gb  portsMgmnt.o [1]
clrServRightButton      0x080032f3    0xa  Code  Gb  portsMgmnt.o [1]
clrServUpButton         0x080032d5    0xa  Code  Gb  portsMgmnt.o [1]
cnt                     0x20000c50   0x14  Data  Gb  main.o [1]
containerCounter        0x20000cf4    0x4  Data  Lc  portsMgmnt.o [1]
containerMinVolume      0x20000111    0x1  Data  Gb  main.o [1]
countContainerHandler   0x08003705   0x36  Code  Gb  portsMgmnt.o [1]
countLoseHandler        0x0800377f   0xb0  Code  Gb  portsMgmnt.o [1]
countLoseHandler::fastPulseLose
                        0x20000d42    0x1  Data  Lc  portsMgmnt.o [1]
countLoseHandler::lastTime
                        0x20000cc8    0x8  Data  Lc  portsMgmnt.o [1]
countLoseHandler::loseCounter
                        0x20000cfc    0x4  Data  Lc  portsMgmnt.o [1]
countOutHandler         0x0800382f   0x2e  Code  Gb  portsMgmnt.o [1]
countOutHandler::outCounter
                        0x20000d00    0x4  Data  Lc  portsMgmnt.o [1]
delayMicroseconds       0x08006579         Code  Gb  Delay.o [1]
delayMilliseconds       0x0800659b         Code  Gb  Delay.o [1]
digits                  0x080068d4   0x28  Data  Lc  xstoul.o [3]
disableButtonsForTime   0x08003329    0xc  Code  Gb  portsMgmnt.o [1]
disableSensorsForTime   0x0800331d    0xc  Code  Gb  portsMgmnt.o [1]
div                     0x08001e39    0xe  Code  Gb  div.o [3]
endPointer              0x20000d43    0x1  Data  Gb  uartDataExchMgmnt.o [1]
entryPointer            0x2000011b    0x1  Data  Gb  uartDataExchMgmnt.o [1]
exit                    0x08006cdf    0x4  Code  Gb  exit.o [3]
filters                 0x20000a78   0x48  Data  Gb  main.o [1]
free                    0x080014a9   0x7a  Code  Gb  xxmemxfree.o [3]
getLastMessage          0x080064f5   0x38  Code  Gb  uartDataExchMgmnt.o [1]
getMessageLnhgt         0x08003f79   0x36  Code  Gb  uartDataExchMgmnt.o [1]
getMoney                0x080044bf   0x76  Code  Gb  uartDataExchMgmnt.o [1]
getTimeDiff             0x08003af7   0x52  Code  Gb  timeMgmnt.o [1]
hadc1                   0x20000c04   0x30  Data  Gb  main.o [1]
hcan                    0x20000ac0   0x44  Data  Gb  main.o [1]
hcrc                    0x20000c88    0x8  Data  Gb  main.o [1]
hspi2                   0x20000a20   0x58  Data  Gb  main.o [1]
htim3                   0x20000b04   0x40  Data  Gb  main.o [1]
huart1                  0x20000b44   0x40  Data  Gb  main.o [1]
huart2                  0x20000b84   0x40  Data  Gb  main.o [1]
huart3                  0x20000bc4   0x40  Data  Gb  main.o [1]
initUART                0x08004563   0x1c  Code  Gb  uartDataExchMgmnt.o [1]
insertStats             0x08004055  0x31c  Code  Gb  uartDataExchMgmnt.o [1]
isAdminDownButtonPressed
                        0x08003305    0x8  Code  Gb  portsMgmnt.o [1]
isAdminLeftButtonPressed
                        0x0800330d    0x8  Code  Gb  portsMgmnt.o [1]
isAdminRightButtonPressed
                        0x08003315    0x8  Code  Gb  portsMgmnt.o [1]
isAdminUpButtonPressed  0x080032fd    0x8  Code  Gb  portsMgmnt.o [1]
isspace                 0x0800677b   0x14  Code  Gb  isxxx.o [3]
lastMilLitWentOut       0x20000cf0    0x4  Data  Lc  main.o [1]
localeconv              0x08001e07   0x16  Code  Gb  localeconv.o [3]
main                    0x08002117   0xf6  Code  Gb  main.o [1]
main{1}{2}::lastTime    0x20000c98    0x8  Data  Lc  main.o [1]
malloc                  0x08001365   0xac  Code  Gb  xxmemxmalloc.o [3]
maxContainerVolume      0x20000112    0x1  Data  Gb  main.o [1]
memchr                  0x08001301         Code  Gb  memchr.o [5]
mesRx                   0x20000920  0x100  Data  Gb  uartDataExchMgmnt.o [1]
money                   0x20000c64    0xc  Data  Gb  main.o [1]
ndigs                   0x080068fc   0x28  Data  Lc  xstoul.o [3]
parseUART               0x080047cb   0x1a  Code  Gb  uartDataExchMgmnt.o [1]
parseUartData           0x0800457f  0x24c  Code  Gb  uartDataExchMgmnt.o [1]
pauseOutHandler         0x0800373b   0x44  Code  Gb  portsMgmnt.o [1]
pauseOutHandler::fastPulseLoseOut
                        0x20000d41    0x1  Data  Lc  portsMgmnt.o [1]
pauseOutHandler::lastTime
                        0x20000cc0    0x8  Data  Lc  portsMgmnt.o [1]
pauseOutHandler::outLoseCounter
                        0x20000cf8    0x4  Data  Lc  portsMgmnt.o [1]
prepareToTransition     0x08001fe9  0x12e  Code  Gb  main.o [1]
printAdminDown          0x08004bf9   0x26  Code  Gb  tm_stm32_hd44780.o [1]
printAdminDown::data    0x2000010a    0x2  Data  Lc  tm_stm32_hd44780.o [1]
printAdminLeft          0x08004c1f   0x26  Code  Gb  tm_stm32_hd44780.o [1]
printAdminLeft::data    0x2000010c    0x2  Data  Lc  tm_stm32_hd44780.o [1]
printAdminRight         0x08004c45   0x26  Code  Gb  tm_stm32_hd44780.o [1]
printAdminRight::data   0x2000010e    0x2  Data  Lc  tm_stm32_hd44780.o [1]
printAdminUp            0x08004bd1   0x26  Code  Gb  tm_stm32_hd44780.o [1]
printAdminUp::data      0x20000108    0x2  Data  Lc  tm_stm32_hd44780.o [1]
returnMoney             0x08004371   0x32  Code  Gb  uartDataExchMgmnt.o [1]
sensorsDisabledTime     0x20000cb8    0x8  Data  Gb  portsMgmnt.o [1]
servDownButton          0x20000d38    0x1  Data  Gb  portsMgmnt.o [1]
servLeftButton          0x20000d39    0x1  Data  Gb  portsMgmnt.o [1]
servRightButton         0x20000d3a    0x1  Data  Gb  portsMgmnt.o [1]
servUpButton            0x20000d37    0x1  Data  Gb  portsMgmnt.o [1]
setFilterValues         0x080043fd   0xc2  Code  Gb  uartDataExchMgmnt.o [1]
setParameters           0x080043a3   0x54  Code  Gb  uartDataExchMgmnt.o [1]
setUpCheckGPIO          0x0800286d   0x88  Code  Gb  main.o [1]
setupGPIOOut            0x080028fd   0xda  Code  Gb  main.o [1]
setupGPIOOut::num       0x20000d2e    0x1  Data  Lc  main.o [1]
setupGPIOOut::state     0x20000113    0x1  Data  Lc  main.o [1]
setupIn                 0x08002ad9  0x216  Code  Gb  main.o [1]
setupIn::num            0x20000d31    0x1  Data  Lc  main.o [1]
setupIn::state          0x20000116    0x1  Data  Lc  main.o [1]
setupMOSFET             0x080029dd   0x76  Code  Gb  main.o [1]
setupMOSFET::num        0x20000d2f    0x1  Data  Lc  main.o [1]
setupMOSFET::state      0x20000114    0x1  Data  Lc  main.o [1]
setupPwrOut             0x08002e41   0xa6  Code  Gb  main.o [1]
setupPwrOut::num        0x20000d33    0x1  Data  Lc  main.o [1]
setupPwrOut::state      0x20000118    0x1  Data  Lc  main.o [1]
setupULN2003Out         0x08002cf9  0x13e  Code  Gb  main.o [1]
setupULN2003Out::num    0x20000d32    0x1  Data  Lc  main.o [1]
setupULN2003Out::state  0x20000117    0x1  Data  Lc  main.o [1]
setupW26                0x08002a59   0x74  Code  Gb  main.o [1]
setupW26::num           0x20000d30    0x1  Data  Lc  main.o [1]
setupW26::state         0x20000115    0x1  Data  Lc  main.o [1]
sprintf                 0x080063ad   0x34  Code  Gb  sprintf.o [3]
startContVolume         0x20000110    0x1  Data  Gb  main.o [1]
strchr                  0x080012b1         Code  Gb  strchr.o [5]
strlen                  0x080012c9         Code  Gb  strlen.o [5]
strtol                  0x0800642f    0x6  Code  Gb  strtol.o [3]
time                    0x20000cd8    0x8  Data  Gb  timeMgmnt.o [1]
timeMgmnt               0x08003aa1   0x56  Code  Gb  timeMgmnt.o [1]
tolower                 0x08006945   0x14  Code  Gb  tolower.o [3]
uartDataExchMgmnt       0x08003f69   0x10  Code  Gb  uartDataExchMgmnt.o [1]
uartDataRx              0x20000820  0x100  Data  Gb  uartDataExchMgmnt.o [1]
uartDataTx              0x20000720  0x100  Data  Lc  uartDataExchMgmnt.o [1]
userButton              0x20000d36    0x1  Data  Gb  portsMgmnt.o [1]
uwTick                  0x20000d04    0x4  Data  Gb  stm32f1xx_hal.o [1]
wa                      0x20000c34   0x1c  Data  Gb  main.o [1]
waterMissDetectedTime   0x20000c90    0x8  Data  Gb  main.o [1]
waterPrice              0x20000000    0x4  Data  Gb  main.o [1]
writeError              0x08003faf   0xa6  Code  Gb  uartDataExchMgmnt.o [1]
writeTime               0x08003b49   0x1a  Code  Gb  timeMgmnt.o [1]


[1] = D:\YADisk\#1_work\Автомойка самообслуживания\WM_v0.10\WM\EWARM\IAR_WM_v0.10\Obj
[2] = command line
[3] = dl7M_tlf.a
[4] = m7M_tl.a
[5] = rt7M_tl.a
[6] = shb_l.a

  27 970 bytes of readonly  code memory
     225 bytes of readonly  data memory
   3 392 bytes of readwrite data memory

Errors: none
Warnings: none
