###############################################################################
#
# IAR ELF Linker V7.80.1.11864/W32 for ARM                23/Oct/2017  11:34:46
# Copyright 2007-2016 IAR Systems AB.
#
#    Output file  =  
#        D:\YADisk\#1_work\Автомойка
#        самообслуживания\WM_v0.10\WM\EWARM\IAR_WM_v0.10\Exe\IAR_WM_v0.10.out
#    Map file     =  
#        D:\YADisk\#1_work\Автомойка
#        самообслуживания\WM_v0.10\WM\EWARM\IAR_WM_v0.10\List\IAR_WM_v0.10.map
#    Command line =  
#        "D:\YADisk\#1_work\Автомойка
#        самообслуживания\WM_v0.10\WM\EWARM\IAR_WM_v0.10\Obj\debugPCBMode.o"
#        "D:\YADisk\#1_work\Автомойка
#        самообслуживания\WM_v0.10\WM\EWARM\IAR_WM_v0.10\Obj\Delay.o"
#        "D:\YADisk\#1_work\Автомойка
#        самообслуживания\WM_v0.10\WM\EWARM\IAR_WM_v0.10\Obj\main.o"
#        "D:\YADisk\#1_work\Автомойка
#        самообслуживания\WM_v0.10\WM\EWARM\IAR_WM_v0.10\Obj\moneyAcceptMgmnt.o"
#        "D:\YADisk\#1_work\Автомойка
#        самообслуживания\WM_v0.10\WM\EWARM\IAR_WM_v0.10\Obj\portsMgmnt.o"
#        "D:\YADisk\#1_work\Автомойка
#        самообслуживания\WM_v0.10\WM\EWARM\IAR_WM_v0.10\Obj\startup_stm32f103xb.o"
#        "D:\YADisk\#1_work\Автомойка
#        самообслуживания\WM_v0.10\WM\EWARM\IAR_WM_v0.10\Obj\stm32f1xx_hal.o"
#        "D:\YADisk\#1_work\Автомойка
#        самообслуживания\WM_v0.10\WM\EWARM\IAR_WM_v0.10\Obj\stm32f1xx_hal_adc.o"
#        "D:\YADisk\#1_work\Автомойка
#        самообслуживания\WM_v0.10\WM\EWARM\IAR_WM_v0.10\Obj\stm32f1xx_hal_adc_ex.o"
#        "D:\YADisk\#1_work\Автомойка
#        самообслуживания\WM_v0.10\WM\EWARM\IAR_WM_v0.10\Obj\stm32f1xx_hal_can.o"
#        "D:\YADisk\#1_work\Автомойка
#        самообслуживания\WM_v0.10\WM\EWARM\IAR_WM_v0.10\Obj\stm32f1xx_hal_cortex.o"
#        "D:\YADisk\#1_work\Автомойка
#        самообслуживания\WM_v0.10\WM\EWARM\IAR_WM_v0.10\Obj\stm32f1xx_hal_crc.o"
#        "D:\YADisk\#1_work\Автомойка
#        самообслуживания\WM_v0.10\WM\EWARM\IAR_WM_v0.10\Obj\stm32f1xx_hal_dma.o"
#        "D:\YADisk\#1_work\Автомойка
#        самообслуживания\WM_v0.10\WM\EWARM\IAR_WM_v0.10\Obj\stm32f1xx_hal_flash.o"
#        "D:\YADisk\#1_work\Автомойка
#        самообслуживания\WM_v0.10\WM\EWARM\IAR_WM_v0.10\Obj\stm32f1xx_hal_flash_ex.o"
#        "D:\YADisk\#1_work\Автомойка
#        самообслуживания\WM_v0.10\WM\EWARM\IAR_WM_v0.10\Obj\stm32f1xx_hal_gpio.o"
#        "D:\YADisk\#1_work\Автомойка
#        самообслуживания\WM_v0.10\WM\EWARM\IAR_WM_v0.10\Obj\stm32f1xx_hal_gpio_ex.o"
#        "D:\YADisk\#1_work\Автомойка
#        самообслуживания\WM_v0.10\WM\EWARM\IAR_WM_v0.10\Obj\stm32f1xx_hal_iwdg.o"
#        "D:\YADisk\#1_work\Автомойка
#        самообслуживания\WM_v0.10\WM\EWARM\IAR_WM_v0.10\Obj\stm32f1xx_hal_msp.o"
#        "D:\YADisk\#1_work\Автомойка
#        самообслуживания\WM_v0.10\WM\EWARM\IAR_WM_v0.10\Obj\stm32f1xx_hal_pwr.o"
#        "D:\YADisk\#1_work\Автомойка
#        самообслуживания\WM_v0.10\WM\EWARM\IAR_WM_v0.10\Obj\stm32f1xx_hal_rcc.o"
#        "D:\YADisk\#1_work\Автомойка
#        самообслуживания\WM_v0.10\WM\EWARM\IAR_WM_v0.10\Obj\stm32f1xx_hal_rcc_ex.o"
#        "D:\YADisk\#1_work\Автомойка
#        самообслуживания\WM_v0.10\WM\EWARM\IAR_WM_v0.10\Obj\stm32f1xx_hal_spi.o"
#        "D:\YADisk\#1_work\Автомойка
#        самообслуживания\WM_v0.10\WM\EWARM\IAR_WM_v0.10\Obj\stm32f1xx_hal_spi_ex.o"
#        "D:\YADisk\#1_work\Автомойка
#        самообслуживания\WM_v0.10\WM\EWARM\IAR_WM_v0.10\Obj\stm32f1xx_hal_tim.o"
#        "D:\YADisk\#1_work\Автомойка
#        самообслуживания\WM_v0.10\WM\EWARM\IAR_WM_v0.10\Obj\stm32f1xx_hal_tim_ex.o"
#        "D:\YADisk\#1_work\Автомойка
#        самообслуживания\WM_v0.10\WM\EWARM\IAR_WM_v0.10\Obj\stm32f1xx_hal_uart.o"
#        "D:\YADisk\#1_work\Автомойка
#        самообслуживания\WM_v0.10\WM\EWARM\IAR_WM_v0.10\Obj\stm32f1xx_hal_wwdg.o"
#        "D:\YADisk\#1_work\Автомойка
#        самообслуживания\WM_v0.10\WM\EWARM\IAR_WM_v0.10\Obj\stm32f1xx_it.o"
#        "D:\YADisk\#1_work\Автомойка
#        самообслуживания\WM_v0.10\WM\EWARM\IAR_WM_v0.10\Obj\system_stm32f1xx.o"
#        "D:\YADisk\#1_work\Автомойка
#        самообслуживания\WM_v0.10\WM\EWARM\IAR_WM_v0.10\Obj\timeMgmnt.o"
#        "D:\YADisk\#1_work\Автомойка
#        самообслуживания\WM_v0.10\WM\EWARM\IAR_WM_v0.10\Obj\tm_stm32_hd44780.o"
#        "D:\YADisk\#1_work\Автомойка
#        самообслуживания\WM_v0.10\WM\EWARM\IAR_WM_v0.10\Obj\uartDataExchMgmnt.o"
#        --redirect _Printf=_PrintfFull --redirect _Scanf=_ScanfFull -o
#        "D:\YADisk\#1_work\Автомойка
#        самообслуживания\WM_v0.10\WM\EWARM\IAR_WM_v0.10\Exe\IAR_WM_v0.10.out"
#        --map "D:\YADisk\#1_work\Автомойка
#        самообслуживания\WM_v0.10\WM\EWARM\IAR_WM_v0.10\List\IAR_WM_v0.10.map"
#        --config "D:\YADisk\#1_work\Автомойка
#        самообслуживания\WM_v0.10\WM\EWARM/stm32f103xb_flash.icf"
#        --semihosting --entry __iar_program_start --vfe
#
###############################################################################

*******************************************************************************
*** RUNTIME MODEL ATTRIBUTES
***

CppFlavor                     = *
__Heap_Handler                = Basic
__SystemLibrary               = DLib
__dlib_dynamic_initialization = normal


*******************************************************************************
*** PLACEMENT SUMMARY
***

"A0":  place at 0x08000000 { ro section .intvec };
"P1":  place in [from 0x08000000 to 0x0801ffff] { ro };
"P2":  place in [from 0x20000000 to 0x20004fff] { rw, block CSTACK, block HEAP };
initialize by copy { rw };

  Section             Kind        Address    Size  Object
  -------             ----        -------    ----  ------
"A0":                                        0xec
  .intvec             ro code  0x08000000    0xec  startup_stm32f103xb.o [1]
                             - 0x080000ec    0xec

"P1":                                      0x860b
  .text               ro code  0x080000ec  0x127e  main.o [1]
  .text               ro code  0x0800136a     0xa  xsprout.o [3]
  .text               ro code  0x08001374   0xb4c  portsMgmnt.o [1]
  .text               ro code  0x08001ec0    0x34  Delay.o [1]
  .text               ro code  0x08001ef4   0x328  stm32f1xx_hal_gpio.o [1]
  .text               ro code  0x0800221c    0xd8  timeMgmnt.o [1]
  .text               ro code  0x080022f4   0x9b8  tm_stm32_hd44780.o [1]
  .text               ro code  0x08002cac    0x32  I32ToFlt.o [4]
  .rodata             const    0x08002cde     0x2  stm32f1xx_hal_rcc.o [1]
  .text               ro code  0x08002ce0    0x4e  FltToDbl.o [4]
  .rodata             const    0x08002d2e     0x2  stm32f1xx_hal_rcc_ex.o [1]
  .text               ro code  0x08002d30   0x1a2  DblMul.o [4]
  .rodata             const    0x08002ed2     0x2  tm_stm32_hd44780.o [1]
  .text               ro code  0x08002ed4   0x256  DblDiv.o [4]
  .text               ro code  0x0800312c    0x58  DblToI32.o [4]
  .text               ro code  0x08003184    0x24  FltToU32.o [4]
  .text               ro code  0x080031a8   0x510  stm32f1xx_hal_adc_ex.o [1]
  .text               ro code  0x080036b8   0x180  DblSub.o [4]
  .text               ro code  0x08003838    0xe8  DblAdd.o [4]
  .text               ro code  0x08003920    0x48  stm32f1xx_hal.o [1]
  .text               ro code  0x08003968   0x3d2  stm32f1xx_hal_tim.o [1]
  .text               ro code  0x08003d3c   0x914  uartDataExchMgmnt.o [1]
  .text               ro code  0x08004650    0x5c  stm32f1xx_hal_iwdg.o [1]
  .text               ro code  0x080046ac    0x38  stm32f1xx_hal_wwdg.o [1]
  .text               ro code  0x080046e4    0x30  I32ToDbl.o [4]
  .text               ro code  0x08004714    0x90  DblToFlt.o [4]
  .text               ro code  0x080047a4    0x44  FltToS32.o [4]
  .text               ro code  0x080047e8   0x6d4  stm32f1xx_hal_rcc.o [1]
  .text               ro code  0x08004ebc   0x218  stm32f1xx_hal_rcc_ex.o [1]
  .text               ro code  0x080050d4   0x14e  stm32f1xx_hal_cortex.o [1]
  .text               ro code  0x08005224   0x34c  stm32f1xx_hal_adc.o [1]
  .text               ro code  0x08005570   0x154  stm32f1xx_hal_can.o [1]
  .text               ro code  0x080056c4    0x24  stm32f1xx_hal_crc.o [1]
  .text               ro code  0x080056e8    0x8a  stm32f1xx_hal_spi_ex.o [1]
  .text               ro code  0x08005774    0x5a  stm32f1xx_hal_tim_ex.o [1]
  .text               ro code  0x080057d0   0x5bc  stm32f1xx_hal_uart.o [1]
  .text               ro code  0x08005d8c     0x8  abs.o [3]
  .text               ro code  0x08005d94    0x76  ABImemcpy_unaligned.o [5]
  .text               ro code  0x08005e0c     0xc  stm32f1xx_hal.o [1]
  .text               ro code  0x08005e18    0x28  stm32f1xx_hal.o [1]
  .text               ro code  0x08005e40   0x340  stm32f1xx_hal_msp.o [1]
  .text               ro code  0x08006180     0x2  stm32f1xx_hal_tim.o [1]
  .text               ro code  0x08006182     0x2  stm32f1xx_hal_tim.o [1]
  .text               ro code  0x08006184     0x2  stm32f1xx_hal_tim.o [1]
  .text               ro code  0x08006186     0x2  stm32f1xx_hal_tim.o [1]
  .text               ro code  0x08006188     0x2  stm32f1xx_hal_tim_ex.o [1]
  .text               ro code  0x0800618a     0x2  stm32f1xx_hal_tim.o [1]
  .text               ro code  0x0800618c     0x2  stm32f1xx_hal_tim_ex.o [1]
  .text               ro code  0x08006190    0x34  sprintf.o [3]
  .text               ro code  0x080061c4     0x6  strtol.o [3]
  .text               ro code  0x080061cc    0x84  FltAdd.o [4]
  .text               ro code  0x08006250    0x38  uartDataExchMgmnt.o [1]
  .text               ro code  0x08006288    0x2c  uartDataExchMgmnt.o [1]
  .text               ro code  0x080062b4   0x100  stm32f1xx_hal_dma.o [1]
  .text               ro code  0x080063b4     0x2  stm32f1xx_hal_uart.o [1]
  .text               ro code  0x080063b6     0x2  stm32f1xx_hal_uart.o [1]
  .text               ro code  0x080063b8     0x2  stm32f1xx_hal_uart.o [1]
  .text               ro code  0x080063bc  0x119a  xprintffull.o [3]
  .text               ro code  0x08007556    0x88  xstol.o [3]
  .text               ro code  0x080075e0    0xd6  FltSub.o [4]
  .text               ro code  0x080076b8    0x66  ABImemset.o [5]
  .text               ro code  0x0800771e    0x20  xmbtowc.o [3]
  .text               ro code  0x08007740    0x16  strchr.o [5]
  .text               ro code  0x08007758    0x36  strlen.o [5]
  .text               ro code  0x08007790    0x58  memchr.o [5]
  .text               ro code  0x080077e8     0xa  xmbcurmax.o [3]
  .text               ro code  0x080077f4    0xb0  xxmemxmalloc.o [3]
  .text               ro code  0x080078a4    0x1a  xwctomb.o [3]
  .text               ro code  0x080078c0    0x80  xxmemxfree.o [3]
  .text               ro code  0x08007940    0xee  I64DivMod.o [5]
  .text               ro code  0x08007a2e    0x44  xdnorm.o [4]
  .text               ro code  0x08007a74    0x2e  DblCmpLe.o [4]
  .text               ro code  0x08007aa4    0x2e  DblCmpGe.o [4]
  .text               ro code  0x08007ad4   0x10c  xdscale.o [4]
  .text               ro code  0x08007be0    0x6c  localeconv.o [3]
  .text               ro code  0x08007c4c     0xe  div.o [3]
  .text               ro code  0x08007c5a    0x14  isxxx.o [3]
  .text               ro code  0x08007c70   0x194  xstoul.o [3]
  .text               ro code  0x08007e04     0xc  errno.o [3]
  .text               ro code  0x08007e10    0x24  setlocale.o [3]
  .text               ro code  0x08007e34    0x60  xencoding_sb.o [3]
  .text               ro code  0x08007e94    0x2c  xgetmemchunk.o [3]
  .text               ro code  0x08007ec0     0x2  I64DivZer.o [5]
  .text               ro code  0x08007ec2     0x2  xtls.o [3]
  .text               ro code  0x08007ec4    0x14  xlocale_c.o [3]
  .text               ro code  0x08007ed8    0x14  tolower.o [3]
  .text               ro code  0x08007eec     0xc  xlocale_c.o [3]
  .text               ro code  0x08007ef8   0x364  stm32f1xx_it.o [1]
  .text               ro code  0x0800825c    0x10  stm32f1xx_hal.o [1]
  .text               ro code  0x0800826c    0xf8  moneyAcceptMgmnt.o [1]
  .text               ro code  0x08008364    0x68  system_stm32f1xx.o [1]
  .rodata             const    0x080083cc    0x44  main.o [1]
  .text               ro code  0x08008410    0x40  zero_init3.o [5]
  .text               ro code  0x08008450    0x38  packbits_init_single.o [5]
  .text               ro code  0x08008488    0x28  data_init.o [5]
  .iar.init_table     const    0x080084b0    0x20  - Linker created -
  .text               ro code  0x080084d0    0x1a  cmain.o [5]
  .text               ro code  0x080084ea     0x4  low_level_init.o [3]
  .text               ro code  0x080084ee     0x4  exit.o [3]
  .text               ro code  0x080084f4     0xa  cexit.o [5]
  .text               ro code  0x08008500    0x14  exit.o [6]
  .rodata             const    0x08008514    0x14  tm_stm32_hd44780.o [1]
  .rodata             const    0x08008528    0x14  tm_stm32_hd44780.o [1]
  .rodata             const    0x0800853c    0x14  tm_stm32_hd44780.o [1]
  .rodata             const    0x08008550    0x14  tm_stm32_hd44780.o [1]
  .rodata             const    0x08008564    0x14  tm_stm32_hd44780.o [1]
  .rodata             const    0x08008578    0x14  tm_stm32_hd44780.o [1]
  .rodata             const    0x0800858c    0x14  tm_stm32_hd44780.o [1]
  .rodata             const    0x080085a0    0x14  tm_stm32_hd44780.o [1]
  .rodata             const    0x080085b4    0x14  tm_stm32_hd44780.o [1]
  .rodata             const    0x080085c8    0x10  stm32f1xx_hal_rcc.o [1]
  .rodata             const    0x080085d8    0x10  stm32f1xx_hal_rcc_ex.o [1]
  .rodata             const    0x080085e8    0x10  system_stm32f1xx.o [1]
  .text               ro code  0x080085f8    0x10  startup_stm32f103xb.o [1]
  .text               ro code  0x08008608     0xc  cstartup_M.o [5]
  .rodata             const    0x08008614     0x8  system_stm32f1xx.o [1]
  .rodata             const    0x0800861c     0x8  tm_stm32_hd44780.o [1]
  .rodata             const    0x08008624     0x8  tm_stm32_hd44780.o [1]
  .rodata             const    0x0800862c     0x8  tm_stm32_hd44780.o [1]
  .rodata             const    0x08008634     0x8  uartDataExchMgmnt.o [1]
  .rodata             const    0x0800863c     0x8  uartDataExchMgmnt.o [1]
  .rodata             const    0x08008644     0x4  tm_stm32_hd44780.o [1]
  .rodata             const    0x08008648     0x4  tm_stm32_hd44780.o [1]
  .text               ro code  0x0800864c     0x4  startup_stm32f103xb.o [1]
  .text               ro code  0x08008650     0x4  startup_stm32f103xb.o [1]
  .text               ro code  0x08008654     0x4  startup_stm32f103xb.o [1]
  .text               ro code  0x08008658     0x4  startup_stm32f103xb.o [1]
  .text               ro code  0x0800865c     0x4  startup_stm32f103xb.o [1]
  .text               ro code  0x08008660     0x4  startup_stm32f103xb.o [1]
  .text               ro code  0x08008664     0x4  startup_stm32f103xb.o [1]
  .text               ro code  0x08008668     0x4  startup_stm32f103xb.o [1]
  .text               ro code  0x0800866c     0x4  startup_stm32f103xb.o [1]
  .text               ro code  0x08008670     0x4  startup_stm32f103xb.o [1]
  .text               ro code  0x08008674     0x4  startup_stm32f103xb.o [1]
  .text               ro code  0x08008678     0x4  startup_stm32f103xb.o [1]
  .text               ro code  0x0800867c     0x4  startup_stm32f103xb.o [1]
  .text               ro code  0x08008680     0x4  startup_stm32f103xb.o [1]
  .text               ro code  0x08008684     0x4  startup_stm32f103xb.o [1]
  .text               ro code  0x08008688     0x4  startup_stm32f103xb.o [1]
  .text               ro code  0x0800868c     0x4  startup_stm32f103xb.o [1]
  .text               ro code  0x08008690     0x4  startup_stm32f103xb.o [1]
  .text               ro code  0x08008694     0x4  startup_stm32f103xb.o [1]
  .text               ro code  0x08008698     0x4  startup_stm32f103xb.o [1]
  .text               ro code  0x0800869c     0x4  startup_stm32f103xb.o [1]
  .text               ro code  0x080086a0     0x4  startup_stm32f103xb.o [1]
  .text               ro code  0x080086a4     0x4  startup_stm32f103xb.o [1]
  .text               ro code  0x080086a8     0x4  startup_stm32f103xb.o [1]
  .text               ro code  0x080086ac     0x4  startup_stm32f103xb.o [1]
  .text               ro code  0x080086b0     0x4  startup_stm32f103xb.o [1]
  .text               ro code  0x080086b4     0x4  startup_stm32f103xb.o [1]
  .text               ro code  0x080086b8     0x4  startup_stm32f103xb.o [1]
  .text               ro code  0x080086bc     0x4  startup_stm32f103xb.o [1]
  .text               ro code  0x080086c0     0x4  startup_stm32f103xb.o [1]
  .text               ro code  0x080086c4     0x4  startup_stm32f103xb.o [1]
  .text               ro code  0x080086c8     0x4  startup_stm32f103xb.o [1]
  .text               ro code  0x080086cc     0x4  startup_stm32f103xb.o [1]
  .text               ro code  0x080086d0     0x4  startup_stm32f103xb.o [1]
  .rodata             const    0x080086d4     0x0  zero_init3.o [5]
  .rodata             const    0x080086d4     0x0  packbits_init_single.o [5]
  Initializer bytes   const    0x080086d4    0x23  <for P2-1>
                             - 0x080086f7  0x860b

"P2", part 1 of 3:                          0x116
  P2-1                         0x20000000   0x116  <Init block>
    .data             inited   0x20000000     0x4  main.o [1]
    .data             inited   0x20000004     0x4  main.o [1]
    .data             inited   0x20000008     0x4  main.o [1]
    .data             inited   0x2000000c     0x4  system_stm32f1xx.o [1]
    __DLIB_PERTHREAD  inited   0x20000010    0x88  localeconv.o [3]
    __DLIB_PERTHREAD  inited   0x20000098     0x4  errno.o [3]
    __DLIB_PERTHREAD  inited   0x2000009c    0x74  setlocale.o [3]
    .data             inited   0x20000110     0x1  main.o [1]
    .data             inited   0x20000111     0x1  main.o [1]
    .data             inited   0x20000112     0x1  main.o [1]
    .data             inited   0x20000113     0x1  portsMgmnt.o [1]
    .data             inited   0x20000114     0x1  portsMgmnt.o [1]
    .data             inited   0x20000115     0x1  uartDataExchMgmnt.o [1]
                             - 0x20000116   0x116

"P2", part 2 of 3:                          0x600
  CSTACK                       0x20000118   0x400  <Block>
    CSTACK            uninit   0x20000118   0x400  <Block tail>
  HEAP                         0x20000518   0x200  <Block>
    HEAP              uninit   0x20000518   0x200  <Block tail>
                             - 0x20000718   0x600

"P2", part 3 of 3:                          0x6b4
  .bss                zero     0x20000718   0x100  uartDataExchMgmnt.o [1]
  .bss                zero     0x20000818   0x100  uartDataExchMgmnt.o [1]
  .bss                zero     0x20000918   0x100  uartDataExchMgmnt.o [1]
  .bss                zero     0x20000a18    0x58  main.o [1]
  .bss                zero     0x20000a70    0x48  main.o [1]
  .bss                zero     0x20000ab8    0x44  main.o [1]
  .bss                zero     0x20000afc    0x40  main.o [1]
  .bss                zero     0x20000b3c    0x40  main.o [1]
  .bss                zero     0x20000b7c    0x40  main.o [1]
  .bss                zero     0x20000bbc    0x40  main.o [1]
  .bss                zero     0x20000bfc    0x30  main.o [1]
  .bss                zero     0x20000c2c    0x20  main.o [1]
  .bss                zero     0x20000c4c    0x14  main.o [1]
  .bss                zero     0x20000c60    0x14  main.o [1]
  .bss                zero     0x20000c74    0x10  portsMgmnt.o [1]
  .bss                zero     0x20000c84    0x10  portsMgmnt.o [1]
  .bss                zero     0x20000c94    0x10  portsMgmnt.o [1]
  .bss                zero     0x20000ca4     0xc  main.o [1]
  .bss                zero     0x20000cb0     0xc  main.o [1]
  .bss                zero     0x20000cbc     0xc  portsMgmnt.o [1]
  .bss                zero     0x20000cc8     0xc  portsMgmnt.o [1]
  .bss                zero     0x20000cd4     0x8  main.o [1]
  .bss                zero     0x20000cdc     0x8  main.o [1]
  .bss                zero     0x20000ce4     0x8  main.o [1]
  .bss                zero     0x20000cec     0x8  main.o [1]
  .bss                zero     0x20000cf4     0x8  moneyAcceptMgmnt.o [1]
  .bss                zero     0x20000cfc     0x8  moneyAcceptMgmnt.o [1]
  .bss                zero     0x20000d04     0x8  portsMgmnt.o [1]
  .bss                zero     0x20000d0c     0x8  portsMgmnt.o [1]
  .bss                zero     0x20000d14     0x8  portsMgmnt.o [1]
  .bss                zero     0x20000d1c     0x8  portsMgmnt.o [1]
  .bss                zero     0x20000d24     0x8  portsMgmnt.o [1]
  .bss                zero     0x20000d2c     0x8  portsMgmnt.o [1]
  .bss                zero     0x20000d34     0x8  portsMgmnt.o [1]
  .bss                zero     0x20000d3c     0x8  portsMgmnt.o [1]
  .bss                zero     0x20000d44     0x8  portsMgmnt.o [1]
  .bss                zero     0x20000d4c     0x8  portsMgmnt.o [1]
  .bss                zero     0x20000d54     0x8  portsMgmnt.o [1]
  .bss                zero     0x20000d5c     0x8  timeMgmnt.o [1]
  .bss                zero     0x20000d64     0x8  tm_stm32_hd44780.o [1]
  .bss                zero     0x20000d6c     0x8  xxmemxmalloc.o [3]
  .bss                zero     0x20000d74     0x4  main.o [1]
  .bss                zero     0x20000d78     0x4  main.o [1]
  .bss                zero     0x20000d7c     0x4  portsMgmnt.o [1]
  .bss                zero     0x20000d80     0x4  portsMgmnt.o [1]
  .bss                zero     0x20000d84     0x4  portsMgmnt.o [1]
  .bss                zero     0x20000d88     0x4  portsMgmnt.o [1]
  .bss                zero     0x20000d8c     0x4  portsMgmnt.o [1]
  .bss                zero     0x20000d90     0x4  stm32f1xx_hal.o [1]
  .bss                zero     0x20000d94     0x4  xgetmemchunk.o [3]
  .bss                zero     0x20000d98     0x2  portsMgmnt.o [1]
  .bss                zero     0x20000d9a     0x2  portsMgmnt.o [1]
  .bss                zero     0x20000d9c     0x2  portsMgmnt.o [1]
  .bss                zero     0x20000d9e     0x2  portsMgmnt.o [1]
  .bss                zero     0x20000da0     0x2  portsMgmnt.o [1]
  .bss                zero     0x20000da2     0x2  portsMgmnt.o [1]
  .bss                zero     0x20000da4     0x2  portsMgmnt.o [1]
  .bss                zero     0x20000da6     0x2  portsMgmnt.o [1]
  .bss                zero     0x20000da8     0x2  portsMgmnt.o [1]
  .bss                zero     0x20000daa     0x2  portsMgmnt.o [1]
  .bss                zero     0x20000dac     0x2  portsMgmnt.o [1]
  .bss                zero     0x20000dae     0x2  portsMgmnt.o [1]
  .bss                zero     0x20000db0     0x2  stm32f1xx_it.o [1]
  .bss                zero     0x20000db2     0x1  main.o [1]
  .bss                zero     0x20000db3     0x1  moneyAcceptMgmnt.o [1]
  .bss                zero     0x20000db4     0x1  moneyAcceptMgmnt.o [1]
  .bss                zero     0x20000db5     0x1  portsMgmnt.o [1]
  .bss                zero     0x20000db6     0x1  portsMgmnt.o [1]
  .bss                zero     0x20000db7     0x1  portsMgmnt.o [1]
  .bss                zero     0x20000db8     0x1  portsMgmnt.o [1]
  .bss                zero     0x20000db9     0x1  portsMgmnt.o [1]
  .bss                zero     0x20000dba     0x1  portsMgmnt.o [1]
  .bss                zero     0x20000dbb     0x1  portsMgmnt.o [1]
  .bss                zero     0x20000dbc     0x1  portsMgmnt.o [1]
  .bss                zero     0x20000dbd     0x1  portsMgmnt.o [1]
  .bss                zero     0x20000dbe     0x1  portsMgmnt.o [1]
  .bss                zero     0x20000dbf     0x1  portsMgmnt.o [1]
  .bss                zero     0x20000dc0     0x1  portsMgmnt.o [1]
  .bss                zero     0x20000dc1     0x1  portsMgmnt.o [1]
  .bss                zero     0x20000dc2     0x1  portsMgmnt.o [1]
  .bss                zero     0x20000dc3     0x1  portsMgmnt.o [1]
  .bss                zero     0x20000dc4     0x1  portsMgmnt.o [1]
  .bss                zero     0x20000dc5     0x1  portsMgmnt.o [1]
  .bss                zero     0x20000dc6     0x1  portsMgmnt.o [1]
  .bss                zero     0x20000dc7     0x1  stm32f1xx_it.o [1]
  .bss                zero     0x20000dc8     0x1  uartDataExchMgmnt.o [1]
                             - 0x20000dc9   0x6b1


*******************************************************************************
*** INIT TABLE
***

          Address     Size
          -------     ----
Zero (__iar_zero_init3)
    1 destination range, total size 0x6b1:
          0x20000718  0x6b1

Copy/packbits (__iar_packbits_init_single3)
    1 source range, total size 0x23 (12% of destination):
          0x080086d4   0x23
    1 destination range, total size 0x116:
          0x20000000  0x116



*******************************************************************************
*** MODULE SUMMARY
***

    Module                  ro code  ro data  rw data
    ------                  -------  -------  -------
D:\YADisk\#1_work\Автомойка самообслуживания\WM_v0.10\WM\EWARM\IAR_WM_v0.10\Obj: [1]
    Delay.o                      52
    main.o                    4 734       69      684
    moneyAcceptMgmnt.o          248                18
    portsMgmnt.o              2 892               224
    startup_stm32f103xb.o       388
    stm32f1xx_hal.o             140                 4
    stm32f1xx_hal_adc.o         844
    stm32f1xx_hal_adc_ex.o    1 296
    stm32f1xx_hal_can.o         340
    stm32f1xx_hal_cortex.o      334
    stm32f1xx_hal_crc.o          36
    stm32f1xx_hal_dma.o         256
    stm32f1xx_hal_gpio.o        808
    stm32f1xx_hal_iwdg.o         92
    stm32f1xx_hal_msp.o         832
    stm32f1xx_hal_rcc.o       1 748       18
    stm32f1xx_hal_rcc_ex.o      536       18
    stm32f1xx_hal_spi_ex.o      138
    stm32f1xx_hal_tim.o         988
    stm32f1xx_hal_tim_ex.o       94
    stm32f1xx_hal_uart.o      1 474
    stm32f1xx_hal_wwdg.o         56
    stm32f1xx_it.o              868                 3
    system_stm32f1xx.o          104       25        4
    timeMgmnt.o                 216                 8
    tm_stm32_hd44780.o        2 488      214        8
    uartDataExchMgmnt.o       2 424       17      770
    -------------------------------------------------
    Total:                   24 426      361    1 723

command line: [2]
    -------------------------------------------------
    Total:

dl7M_tlf.a: [3]
    abs.o                         8
    div.o                        14
    errno.o                      12                 4
    exit.o                        4
    isxxx.o                      20
    localeconv.o                108       17      136
    low_level_init.o              4
    setlocale.o                  36       15      116
    sprintf.o                    52
    strtol.o                      6
    tolower.o                    20
    xencoding_sb.o               96
    xgetmemchunk.o               44                 4
    xlocale_c.o                  32
    xmbcurmax.o                  10
    xmbtowc.o                    32
    xprintffull.o             4 506
    xsprout.o                    10
    xstol.o                     136
    xstoul.o                    404
    xtls.o                        2
    xwctomb.o                    26
    xxmemxfree.o                128
    xxmemxmalloc.o              176                 8
    -------------------------------------------------
    Total:                    5 886       32      268

m7M_tl.a: [4]
    DblAdd.o                    232
    DblCmpGe.o                   46
    DblCmpLe.o                   46
    DblDiv.o                    598
    DblMul.o                    418
    DblSub.o                    384
    DblToFlt.o                  144
    DblToI32.o                   88
    FltAdd.o                    132
    FltSub.o                    214
    FltToDbl.o                   78
    FltToS32.o                   68
    FltToU32.o                   36
    I32ToDbl.o                   48
    I32ToFlt.o                   50
    xdnorm.o                     68
    xdscale.o                   268
    -------------------------------------------------
    Total:                    2 918

rt7M_tl.a: [5]
    ABImemcpy_unaligned.o       118
    ABImemset.o                 102
    I64DivMod.o                 238
    I64DivZer.o                   2
    cexit.o                      10
    cmain.o                      26
    cstartup_M.o                 12
    data_init.o                  40
    memchr.o                     88
    packbits_init_single.o       56
    strchr.o                     22
    strlen.o                     54
    zero_init3.o                 64
    -------------------------------------------------
    Total:                      832

shb_l.a: [6]
    exit.o                       20
    -------------------------------------------------
    Total:                       20

    Gaps                         44
    Linker created                        32    1 536
-----------------------------------------------------
    Grand Total:             34 126      425    3 527


*******************************************************************************
*** ENTRY LIST
***

Entry                      Address   Size  Type      Object
-----                      -------   ----  ----      ------
.iar.init_table$$Base   0x080084b0          --   Gb  - Linker created -
.iar.init_table$$Limit  0x080084d0          --   Gb  - Linker created -
?main                   0x080084d1         Code  Gb  cmain.o [5]
ADCMgmnt                0x080005f1  0x104  Code  Gb  main.o [1]
ADC_ConversionStop_Disable
                        0x08005525   0x4a  Code  Gb  stm32f1xx_hal_adc.o [1]
ADC_Enable              0x080054a3   0x6e  Code  Gb  stm32f1xx_hal_adc.o [1]
AHBPrescTable           0x080085e8   0x10  Data  Gb  system_stm32f1xx.o [1]
APBPrescTable           0x08008614    0x8  Data  Gb  system_stm32f1xx.o [1]
BusFault_Handler        0x08007f27    0x8  Code  Gb  stm32f1xx_it.o [1]
CSTACK$$Base            0x20000118          --   Gb  - Linker created -
CSTACK$$Limit           0x20000518          --   Gb  - Linker created -
DebugMon_Handler        0x08007f39    0x2  Code  Gb  stm32f1xx_it.o [1]
EXTI0_IRQHandler        0x08007f49    0xa  Code  Gb  stm32f1xx_it.o [1]
EXTI15_10_IRQHandler    0x08008229   0x34  Code  Gb  stm32f1xx_it.o [1]
EXTI1_IRQHandler        0x08007f53    0xa  Code  Gb  stm32f1xx_it.o [1]
EXTI2_IRQHandler        0x08007f5d    0xa  Code  Gb  stm32f1xx_it.o [1]
EXTI3_IRQHandler        0x08007f67    0xa  Code  Gb  stm32f1xx_it.o [1]
EXTI4_IRQHandler        0x08007f71    0xa  Code  Gb  stm32f1xx_it.o [1]
EXTI9_5_IRQHandler      0x08007f7b   0x26  Code  Gb  stm32f1xx_it.o [1]
HAL_ADCEx_InjectedConfigChannel
                        0x0800345b  0x22c  Code  Gb  stm32f1xx_hal_adc_ex.o [1]
HAL_ADCEx_InjectedGetValue
                        0x08003431   0x2a  Code  Gb  stm32f1xx_hal_adc_ex.o [1]
HAL_ADCEx_InjectedPollForConversion
                        0x080032dd  0x154  Code  Gb  stm32f1xx_hal_adc_ex.o [1]
HAL_ADCEx_InjectedStart
                        0x080031a9   0xe0  Code  Gb  stm32f1xx_hal_adc_ex.o [1]
HAL_ADCEx_InjectedStop  0x08003289   0x54  Code  Gb  stm32f1xx_hal_adc_ex.o [1]
HAL_ADC_ConfigChannel   0x0800535b  0x148  Code  Gb  stm32f1xx_hal_adc.o [1]
HAL_ADC_Init            0x08005225  0x136  Code  Gb  stm32f1xx_hal_adc.o [1]
HAL_ADC_MspInit         0x08005edd   0x42  Code  Gb  stm32f1xx_hal_msp.o [1]
HAL_CAN_Init            0x08005571  0x154  Code  Gb  stm32f1xx_hal_can.o [1]
HAL_CAN_MspInit         0x08005f1f   0x54  Code  Gb  stm32f1xx_hal_msp.o [1]
HAL_CRC_Init            0x080056c5   0x24  Code  Gb  stm32f1xx_hal_crc.o [1]
HAL_CRC_MspInit         0x08005f73   0x26  Code  Gb  stm32f1xx_hal_msp.o [1]
HAL_DMA_Abort           0x080062b5   0x36  Code  Gb  stm32f1xx_hal_dma.o [1]
HAL_DMA_Abort_IT        0x080062eb   0xae  Code  Gb  stm32f1xx_hal_dma.o [1]
HAL_GPIO_DeInit         0x080020ab   0xec  Code  Gb  stm32f1xx_hal_gpio.o [1]
HAL_GPIO_EXTI_Callback  0x08001c15  0x1b4  Code  Gb  portsMgmnt.o [1]
HAL_GPIO_EXTI_Callback::c1
                        0x20000d9a    0x2  Data  Lc  portsMgmnt.o [1]
HAL_GPIO_EXTI_Callback::c10
                        0x20000dac    0x2  Data  Lc  portsMgmnt.o [1]
HAL_GPIO_EXTI_Callback::c11
                        0x20000dae    0x2  Data  Lc  portsMgmnt.o [1]
HAL_GPIO_EXTI_Callback::c2
                        0x20000d9c    0x2  Data  Lc  portsMgmnt.o [1]
HAL_GPIO_EXTI_Callback::c3
                        0x20000d9e    0x2  Data  Lc  portsMgmnt.o [1]
HAL_GPIO_EXTI_Callback::c4
                        0x20000da0    0x2  Data  Lc  portsMgmnt.o [1]
HAL_GPIO_EXTI_Callback::c5
                        0x20000da2    0x2  Data  Lc  portsMgmnt.o [1]
HAL_GPIO_EXTI_Callback::c6
                        0x20000da4    0x2  Data  Lc  portsMgmnt.o [1]
HAL_GPIO_EXTI_Callback::c7
                        0x20000da6    0x2  Data  Lc  portsMgmnt.o [1]
HAL_GPIO_EXTI_Callback::c8
                        0x20000da8    0x2  Data  Lc  portsMgmnt.o [1]
HAL_GPIO_EXTI_Callback::c9
                        0x20000daa    0x2  Data  Lc  portsMgmnt.o [1]
HAL_GPIO_EXTI_Callback::lastPinNum
                        0x20000d98    0x2  Data  Lc  portsMgmnt.o [1]
HAL_GPIO_EXTI_Callback{13}{14}{15}{16}::lastTimeButton
                        0x20000d34    0x8  Data  Lc  portsMgmnt.o [1]
HAL_GPIO_EXTI_Callback{13}{14}{15}{16}{17}{18}::usrBtCnt
                        0x20000dc6    0x1  Data  Lc  portsMgmnt.o [1]
HAL_GPIO_EXTI_Callback{13}{14}{19}{20}::lastTimeButton
                        0x20000d3c    0x8  Data  Lc  portsMgmnt.o [1]
HAL_GPIO_EXTI_Callback{13}{14}{22}{23}::lastTimeButton
                        0x20000d44    0x8  Data  Lc  portsMgmnt.o [1]
HAL_GPIO_EXTI_Callback{13}{14}{25}{26}::lastTimeButton
                        0x20000d4c    0x8  Data  Lc  portsMgmnt.o [1]
HAL_GPIO_EXTI_Callback{13}{14}{28}{29}::lastTimeButton
                        0x20000d54    0x8  Data  Lc  portsMgmnt.o [1]
HAL_GPIO_EXTI_IRQHandler
                        0x080021bd   0x1a  Code  Gb  stm32f1xx_hal_gpio.o [1]
HAL_GPIO_Init           0x08001ef5  0x1b6  Code  Gb  stm32f1xx_hal_gpio.o [1]
HAL_GPIO_ReadPin        0x08002197   0x12  Code  Gb  stm32f1xx_hal_gpio.o [1]
HAL_GPIO_WritePin       0x080021a9   0x14  Code  Gb  stm32f1xx_hal_gpio.o [1]
HAL_GetTick             0x08005e0d    0xc  Code  Wk  stm32f1xx_hal.o [1]
HAL_GetUID              0x08003943   0x14  Code  Gb  stm32f1xx_hal.o [1]
HAL_IWDG_Init           0x08004651   0x50  Code  Gb  stm32f1xx_hal_iwdg.o [1]
HAL_IWDG_Refresh        0x080046a1    0xc  Code  Gb  stm32f1xx_hal_iwdg.o [1]
HAL_IncTick             0x0800825d   0x10  Code  Wk  stm32f1xx_hal.o [1]
HAL_Init                0x08003921   0x22  Code  Gb  stm32f1xx_hal.o [1]
HAL_InitTick            0x08005e19   0x28  Code  Wk  stm32f1xx_hal.o [1]
HAL_MspInit             0x08005e41   0x9c  Code  Gb  stm32f1xx_hal_msp.o [1]
HAL_NVIC_EnableIRQ      0x080051c7    0xa  Code  Gb  stm32f1xx_hal_cortex.o [1]
HAL_NVIC_SetPriority    0x080051a5   0x22  Code  Gb  stm32f1xx_hal_cortex.o [1]
HAL_NVIC_SetPriorityGrouping
                        0x0800519d    0x8  Code  Gb  stm32f1xx_hal_cortex.o [1]
HAL_RCCEx_GetPeriphCLKFreq
                        0x08004fc5   0xe2  Code  Gb  stm32f1xx_hal_rcc_ex.o [1]
HAL_RCCEx_PeriphCLKConfig
                        0x08004ebd  0x108  Code  Gb  stm32f1xx_hal_rcc_ex.o [1]
HAL_RCC_ClockConfig     0x08004c3b  0x180  Code  Gb  stm32f1xx_hal_rcc.o [1]
HAL_RCC_GetHCLKFreq     0x08004e21    0x6  Code  Gb  stm32f1xx_hal_rcc.o [1]
HAL_RCC_GetPCLK1Freq    0x08004e27   0x16  Code  Gb  stm32f1xx_hal_rcc.o [1]
HAL_RCC_GetPCLK2Freq    0x08004e3d   0x16  Code  Gb  stm32f1xx_hal_rcc.o [1]
HAL_RCC_GetSysClockFreq
                        0x08004dbb   0x66  Code  Gb  stm32f1xx_hal_rcc.o [1]
HAL_RCC_OscConfig       0x080047e9  0x452  Code  Gb  stm32f1xx_hal_rcc.o [1]
HAL_SPI_Init            0x080056e9   0x8a  Code  Gb  stm32f1xx_hal_spi_ex.o [1]
HAL_SPI_MspInit         0x08005f99   0x54  Code  Gb  stm32f1xx_hal_msp.o [1]
HAL_SYSTICK_CLKSourceConfig
                        0x080051d9   0x20  Code  Gb  stm32f1xx_hal_cortex.o [1]
HAL_SYSTICK_Callback    0x08005221    0x2  Code  Wk  stm32f1xx_hal_cortex.o [1]
HAL_SYSTICK_Config      0x080051d1    0x8  Code  Gb  stm32f1xx_hal_cortex.o [1]
HAL_SYSTICK_IRQHandler  0x08005219    0x8  Code  Gb  stm32f1xx_hal_cortex.o [1]
HAL_TIMEx_BreakCallback
                        0x08006189    0x2  Code  Wk  stm32f1xx_hal_tim_ex.o [1]
HAL_TIMEx_CommutationCallback
                        0x0800618d    0x2  Code  Wk  stm32f1xx_hal_tim_ex.o [1]
HAL_TIMEx_MasterConfigSynchronization
                        0x08005775   0x58  Code  Gb  stm32f1xx_hal_tim_ex.o [1]
HAL_TIM_Base_Init       0x08003969   0x38  Code  Gb  stm32f1xx_hal_tim.o [1]
HAL_TIM_Base_MspInit    0x08005fed   0x34  Code  Gb  stm32f1xx_hal_msp.o [1]
HAL_TIM_Base_Start_IT   0x080039a1   0x1c  Code  Gb  stm32f1xx_hal_tim.o [1]
HAL_TIM_ConfigClockSource
                        0x08003b33  0x118  Code  Gb  stm32f1xx_hal_tim.o [1]
HAL_TIM_IC_CaptureCallback
                        0x08006181    0x2  Code  Wk  stm32f1xx_hal_tim.o [1]
HAL_TIM_IRQHandler      0x080039bd  0x176  Code  Gb  stm32f1xx_hal_tim.o [1]
HAL_TIM_OC_DelayElapsedCallback
                        0x08006183    0x2  Code  Wk  stm32f1xx_hal_tim.o [1]
HAL_TIM_PWM_PulseFinishedCallback
                        0x08006185    0x2  Code  Wk  stm32f1xx_hal_tim.o [1]
HAL_TIM_PeriodElapsedCallback
                        0x08006187    0x2  Code  Wk  stm32f1xx_hal_tim.o [1]
HAL_TIM_TriggerCallback
                        0x0800618b    0x2  Code  Wk  stm32f1xx_hal_tim.o [1]
HAL_UART_AbortReceive   0x08005903   0x50  Code  Gb  stm32f1xx_hal_uart.o [1]
HAL_UART_ErrorCallback  0x080063b5    0x2  Code  Wk  stm32f1xx_hal_uart.o [1]
HAL_UART_IRQHandler     0x08005953  0x134  Code  Gb  stm32f1xx_hal_uart.o [1]
HAL_UART_Init           0x080057d1   0x76  Code  Gb  stm32f1xx_hal_uart.o [1]
HAL_UART_MspInit        0x08006021   0xfc  Code  Gb  stm32f1xx_hal_msp.o [1]
HAL_UART_Receive_IT     0x08005899   0x6a  Code  Gb  stm32f1xx_hal_uart.o [1]
HAL_UART_RxCpltCallback
                        0x080063b9    0x2  Code  Wk  stm32f1xx_hal_uart.o [1]
HAL_UART_Transmit_IT    0x08005847   0x52  Code  Gb  stm32f1xx_hal_uart.o [1]
HAL_UART_TxCpltCallback
                        0x080063b7    0x2  Code  Wk  stm32f1xx_hal_uart.o [1]
HAL_WWDG_Init           0x080046ad   0x2e  Code  Gb  stm32f1xx_hal_wwdg.o [1]
HAL_WWDG_MspInit        0x0800611d   0x26  Code  Gb  stm32f1xx_hal_msp.o [1]
HAL_WWDG_Refresh        0x080046db    0xa  Code  Gb  stm32f1xx_hal_wwdg.o [1]
HD44780_Opts            0x20000d64    0x8  Data  Gb  tm_stm32_hd44780.o [1]
HEAP$$Base              0x20000518          --   Gb  - Linker created -
HEAP$$Limit             0x20000718          --   Gb  - Linker created -
HardFault_Handler       0x08007f17    0x8  Code  Gb  stm32f1xx_it.o [1]
LoadInt                 0x08006a33   0x6e  Code  Lc  xprintffull.o [3]
MX_ADC1_Init            0x08000c15  0x12e  Code  Lc  main.o [1]
MX_CAN_Init             0x08000d49   0x7e  Code  Lc  main.o [1]
MX_CRC_Init             0x08000dd1   0x26  Code  Lc  main.o [1]
MX_GPIO_Init            0x080010c1  0x216  Code  Lc  main.o [1]
MX_IWDG_Init            0x08000dfd   0x38  Code  Lc  main.o [1]
MX_SPI2_Init            0x08000e35   0x80  Code  Lc  main.o [1]
MX_TIM3_Init            0x08000eb5   0x98  Code  Lc  main.o [1]
MX_USART1_UART_Init     0x08000f55   0x5e  Code  Lc  main.o [1]
MX_USART2_UART_Init     0x08000fc1   0x50  Code  Lc  main.o [1]
MX_USART3_UART_Init     0x0800101d   0x4a  Code  Lc  main.o [1]
MX_WWDG_Init            0x08001071   0x3a  Code  Lc  main.o [1]
MemManage_Handler       0x08007f1f    0x8  Code  Gb  stm32f1xx_it.o [1]
NMI_Handler             0x08007f15    0x2  Code  Gb  stm32f1xx_it.o [1]
NVIC_EnableIRQ          0x080050fb   0x14  Code  Lc  stm32f1xx_hal_cortex.o [1]
NVIC_EncodePriority     0x08005131   0x3e  Code  Lc  stm32f1xx_hal_cortex.o [1]
NVIC_GetPriorityGrouping
                        0x080050f1    0xa  Code  Lc  stm32f1xx_hal_cortex.o [1]
NVIC_SetPriority        0x0800510f   0x22  Code  Lc  stm32f1xx_hal_cortex.o [1]
NVIC_SetPriorityGrouping
                        0x080050d5   0x1c  Code  Lc  stm32f1xx_hal_cortex.o [1]
NVIC_SystemReset        0x08007ef9   0x1c  Code  Lc  stm32f1xx_it.o [1]
PendSV_Handler          0x08007f3b    0x2  Code  Gb  stm32f1xx_it.o [1]
RCC_Delay               0x08004e53   0x24  Code  Lc  stm32f1xx_hal_rcc.o [1]
Region$$Table$$Base     0x080084b0          --   Gb  - Linker created -
Region$$Table$$Limit    0x080084d0          --   Gb  - Linker created -
SVC_Handler             0x08007f37    0x2  Code  Gb  stm32f1xx_it.o [1]
SysTick_Config          0x0800516f   0x2e  Code  Lc  stm32f1xx_hal_cortex.o [1]
SysTick_Handler         0x08007f3d    0xc  Code  Gb  stm32f1xx_it.o [1]
SystemClock_Config      0x08000b61   0xb4  Code  Gb  main.o [1]
SystemCoreClock         0x2000000c    0x4  Data  Gb  system_stm32f1xx.o [1]
SystemInit              0x08008365   0x4e  Code  Gb  system_stm32f1xx.o [1]
TIM3_IRQHandler         0x08007fa1  0x22e  Code  Gb  stm32f1xx_it.o [1]
TIM3_IRQHandler::lastConsumPump
                        0x20000dc7    0x1  Data  Lc  stm32f1xx_it.o [1]
TIM3_IRQHandler::millisCounter
                        0x20000db0    0x2  Data  Lc  stm32f1xx_it.o [1]
TIM_Base_SetConfig      0x08003c4b   0x66  Code  Gb  stm32f1xx_hal_tim.o [1]
TIM_ETR_SetConfig       0x08003d23   0x18  Code  Lc  stm32f1xx_hal_tim.o [1]
TIM_ITRx_SetConfig      0x08003d0f   0x14  Code  Lc  stm32f1xx_hal_tim.o [1]
TIM_TI1_ConfigInputStage
                        0x08003cbd   0x28  Code  Lc  stm32f1xx_hal_tim.o [1]
TIM_TI2_ConfigInputStage
                        0x08003ce5   0x2a  Code  Lc  stm32f1xx_hal_tim.o [1]
TM_HD44780_Clear        0x080023f5   0x12  Code  Gb  tm_stm32_hd44780.o [1]
TM_HD44780_Cmd          0x080024c7   0x24  Code  Lc  tm_stm32_hd44780.o [1]
TM_HD44780_Cmd4bit      0x0800250f   0xa2  Code  Lc  tm_stm32_hd44780.o [1]
TM_HD44780_CursorSet    0x080025b1   0x3e  Code  Lc  tm_stm32_hd44780.o [1]
TM_HD44780_Data         0x080024eb   0x24  Code  Lc  tm_stm32_hd44780.o [1]
TM_HD44780_DisplayOn    0x080024a3   0x24  Code  Gb  tm_stm32_hd44780.o [1]
TM_HD44780_Init         0x080022f5  0x100  Code  Gb  tm_stm32_hd44780.o [1]
TM_HD44780_InitPins     0x080025ef   0x94  Code  Lc  tm_stm32_hd44780.o [1]
TM_HD44780_Puts         0x08002407   0x9c  Code  Gb  tm_stm32_hd44780.o [1]
UART_DMAAbortOnError    0x08005aa9   0x12  Code  Lc  stm32f1xx_hal_uart.o [1]
UART_EndRxTransfer      0x08005a87   0x20  Code  Lc  stm32f1xx_hal_uart.o [1]
UART_EndTransmit_IT     0x08005b27   0x1c  Code  Lc  stm32f1xx_hal_uart.o [1]
UART_Receive_IT         0x08005b43   0xa8  Code  Lc  stm32f1xx_hal_uart.o [1]
UART_SetConfig          0x08005beb  0x198  Code  Lc  stm32f1xx_hal_uart.o [1]
UART_Transmit_IT        0x08005abd   0x6a  Code  Lc  stm32f1xx_hal_uart.o [1]
USART1_IRQHandler       0x080081cf   0x24  Code  Gb  stm32f1xx_it.o [1]
UsageFault_Handler      0x08007f2f    0x8  Code  Gb  stm32f1xx_it.o [1]
_EncodingSb_Mbtowc      0x08007e4f   0x30  Code  Gb  xencoding_sb.o [3]
_EncodingSb_Mbtowc::initial
                        0x08007e8c    0x8  Data  Lc  xencoding_sb.o [3]
_EncodingSb_Wctomb      0x08007e35   0x1a  Code  Gb  xencoding_sb.o [3]
_EncodingSb_Wctomb::initial
                        0x08007e84    0x8  Data  Lc  xencoding_sb.o [3]
_Error_Handler          0x08001369    0x2  Code  Gb  main.o [1]
_GenldFull              0x080072b9  0x254  Code  Lc  xprintffull.o [3]
_IsdstStr               0x200000a0    0x4  Data  Gb  setlocale.o [3]
_LdtobFull              0x08006eb9  0x3fa  Code  Lc  xprintffull.o [3]
_LitobFull              0x08006dad  0x10a  Code  Lc  xprintffull.o [3]
_LocaleC_isspace        0x08007ec5   0x14  Code  Gb  xlocale_c.o [3]
_LocaleC_tolower        0x08007eed    0xc  Code  Gb  xlocale_c.o [3]
_LocaleEncoding         0x08007e23    0xe  Code  Gb  setlocale.o [3]
_LocaleForCat           0x08007e11   0x12  Code  Gb  setlocale.o [3]
_LocaleReturnString     0x200000c0   0x50  Data  Lc  setlocale.o [3]
_Locale_Profile         0x200000a4   0x1c  Data  Gb  setlocale.o [3]
_Locale_aeabi_lconv     0x20000060   0x38  Data  Gb  localeconv.o [3]
_Locale_lconv           0x20000010   0x50  Data  Gb  localeconv.o [3]
_Mbtowc                 0x0800771f   0x20  Code  Gb  xmbtowc.o [3]
_PrintfFull             0x080063bd  0x660  Code  Gb  xprintffull.o [3]
_PutcharsFull           0x0800750d   0x2e  Code  Lc  xprintffull.o [3]
_PutstrFull             0x08006aa1  0x306  Code  Lc  xprintffull.o [3]
_SProut                 0x0800136b    0xa  Code  Gb  xsprout.o [3]
_TzoneStr               0x2000009c    0x4  Data  Gb  setlocale.o [3]
_Wctomb                 0x080078a5   0x1a  Code  Gb  xwctomb.o [3]
__aeabi_cdcmple         0x08007a75         Code  Gb  DblCmpLe.o [4]
__aeabi_cdrcmple        0x08007aa5         Code  Gb  DblCmpGe.o [4]
__aeabi_d2f             0x08004715         Code  Gb  DblToFlt.o [4]
__aeabi_d2iz            0x0800312d         Code  Gb  DblToI32.o [4]
__aeabi_d2uiz           0x08003159         Code  Gb  DblToI32.o [4]
__aeabi_dadd            0x08003839         Code  Gb  DblAdd.o [4]
__aeabi_ddiv            0x08002ed5         Code  Gb  DblDiv.o [4]
__aeabi_dmul            0x08002d31         Code  Gb  DblMul.o [4]
__aeabi_dsub            0x080036b9         Code  Gb  DblSub.o [4]
__aeabi_errno_addr      0x08007e05    0x6  Code  Gb  errno.o [3]
__aeabi_f2d             0x08002ce1         Code  Gb  FltToDbl.o [4]
__aeabi_f2iz            0x080047a5         Code  Gb  FltToS32.o [4]
__aeabi_f2uiz           0x08003185         Code  Gb  FltToU32.o [4]
__aeabi_fadd            0x080061cd         Code  Gb  FltAdd.o [4]
__aeabi_i2d             0x080046e5         Code  Gb  I32ToDbl.o [4]
__aeabi_i2f             0x08002cad         Code  Gb  I32ToFlt.o [4]
__aeabi_ldiv0           0x08007ec1         Code  Gb  I64DivZer.o [5]
__aeabi_memset          0x080076b9         Code  Gb  ABImemset.o [5]
__aeabi_ui2d            0x080046f9         Code  Gb  I32ToDbl.o [4]
__aeabi_ui2f            0x08002cc1         Code  Gb  I32ToFlt.o [4]
__aeabi_uldivmod        0x08007941         Code  Gb  I64DivMod.o [5]
__cmain                 0x080084d1         Code  Gb  cmain.o [5]
__data_Aldata           0x20000d6c    0x8  Data  Gb  xxmemxmalloc.o [3]
__data_GetMemChunk      0x08007e95   0x2c  Code  Gb  xgetmemchunk.o [3]
__data_GetMemChunk::start
                        0x20000d94    0x4  Data  Lc  xgetmemchunk.o [3]
__exit                  0x08008501   0x14  Code  Gb  exit.o [6]
__iar_Dnorm             0x08007a2f   0x44  Code  Gb  xdnorm.o [4]
__iar_Dscale            0x08007ad5  0x10c  Code  Gb  xdscale.o [4]
__iar_Errno             0x20000098    0x4  Data  Gb  errno.o [3]
__iar_Locale_lconv_init
                        0x08007be1   0x3a  Code  Gb  localeconv.o [3]
__iar_Mbcurmax          0x080077e9    0xa  Code  Gb  xmbcurmax.o [3]
__iar_Memchr            0x08007791         Code  Gb  memchr.o [5]
__iar_Memset            0x080076b9         Code  Gb  ABImemset.o [5]
__iar_Memset_word       0x080076c1         Code  Gb  ABImemset.o [5]
__iar_Stolx             0x08007557   0x88  Code  Gb  xstol.o [3]
__iar_Stoulx            0x08007c71  0x13e  Code  Gb  xstoul.o [3]
__iar_Strchr            0x08007741         Code  Gb  strchr.o [5]
__iar_d2uiz             0x08003165         Code  Gb  DblToI32.o [4]
__iar_dadd              0x0800384d         Code  Gb  DblAdd.o [4]
__iar_data_init3        0x08008489   0x28  Code  Gb  data_init.o [5]
__iar_dlib_perthread_access
                        0x08007ec3    0x2  Code  Gb  xtls.o [3]
__iar_dsub              0x080036cd         Code  Gb  DblSub.o [4]
__iar_dsubStart         0x080036df         Code  Gb  DblSub.o [4]
__iar_fadd              0x080061dd         Code  Gb  FltAdd.o [4]
__iar_fsub              0x080075e1         Code  Gb  FltSub.o [4]
__iar_fsubStart         0x080075f1         Code  Gb  FltSub.o [4]
__iar_packbits_init_single3
                        0x08008451   0x38  Code  Gb  packbits_init_single.o [5]
__iar_program_start     0x08008609         Code  Gb  cstartup_M.o [5]
__iar_ui2d              0x080046fd         Code  Gb  I32ToDbl.o [4]
__iar_ui2f              0x08002cc5         Code  Gb  I32ToFlt.o [4]
__iar_unaligned___aeabi_memcpy
                        0x08005d95         Code  Gb  ABImemcpy_unaligned.o [5]
__iar_unaligned___aeabi_memcpy4
                        0x08005db5         Code  Gb  ABImemcpy_unaligned.o [5]
__iar_unaligned___aeabi_memcpy8
                        0x08005db5         Code  Gb  ABImemcpy_unaligned.o [5]
__iar_zero_init3        0x08008411   0x40  Code  Gb  zero_init3.o [5]
__low_level_init        0x080084eb    0x4  Code  Gb  low_level_init.o [3]
__vector_table          0x08000000         Data  Gb  startup_stm32f103xb.o [1]
_call_main              0x080084dd         Code  Gb  cmain.o [5]
_exit                   0x080084f5         Code  Gb  cexit.o [5]
_main                   0x080084e7         Code  Gb  cmain.o [5]
abs                     0x08005d8d    0x8  Code  Gb  abs.o [3]
buttonMgmnt             0x080001f3   0xc6  Code  Gb  main.o [1]
buttonsDisabledTime     0x20000d04    0x8  Data  Gb  portsMgmnt.o [1]
checkCoinMoney          0x0800826d   0x68  Code  Gb  moneyAcceptMgmnt.o [1]
checkCoinMoney::trueFlag
                        0x20000db3    0x1  Data  Lc  moneyAcceptMgmnt.o [1]
checkCoinMoney::trueTime
                        0x20000cf4    0x8  Data  Lc  moneyAcceptMgmnt.o [1]
checkContainerFull      0x080015eb  0x114  Code  Gb  portsMgmnt.o [1]
checkContainerFull::firstExe
                        0x20000dbb    0x1  Data  Lc  portsMgmnt.o [1]
checkContainerFull::noSenseTime
                        0x20000d2c    0x8  Data  Lc  portsMgmnt.o [1]
checkContainerFull::timeNoTareDetected
                        0x20000d24    0x8  Data  Lc  portsMgmnt.o [1]
checkFreeMode           0x08001441   0x24  Code  Gb  portsMgmnt.o [1]
checkInput10Counter     0x080019a9  0x234  Code  Gb  portsMgmnt.o [1]
checkInput10Counter::firInput
                        0x20000c94   0x10  Data  Lc  portsMgmnt.o [1]
checkInput10Counter::firstExecute
                        0x20000114    0x1  Data  Lc  portsMgmnt.o [1]
checkInput10Counter::i  0x20000dc5    0x1  Data  Lc  portsMgmnt.o [1]
checkInput10Counter::in101
                        0x20000d84    0x4  Data  Lc  portsMgmnt.o [1]
checkInput10Counter::in102
                        0x20000d88    0x4  Data  Lc  portsMgmnt.o [1]
checkInput10Counter::inDataIN
                        0x20000cc8    0xc  Data  Lc  portsMgmnt.o [1]
checkInput10Counter::newValForCalib
                        0x20000dc4    0x1  Data  Lc  portsMgmnt.o [1]
checkInput10Counter::p  0x20000dc1    0x1  Data  Lc  portsMgmnt.o [1]
checkInput10Counter::swchr
                        0x20000dc2    0x1  Data  Lc  portsMgmnt.o [1]
checkInput10Counter::temp
                        0x20000dc3    0x1  Data  Lc  portsMgmnt.o [1]
checkMagistralPressure  0x080013f9   0x24  Code  Gb  portsMgmnt.o [1]
checkMoney              0x080082d5   0x6a  Code  Gb  moneyAcceptMgmnt.o [1]
checkMoney::trueFlag    0x20000db4    0x1  Data  Lc  moneyAcceptMgmnt.o [1]
checkMoney::trueTime    0x20000cfc    0x8  Data  Lc  moneyAcceptMgmnt.o [1]
checkNewData            0x08004341   0x2e  Code  Gb  uartDataExchMgmnt.o [1]
checkNoTare             0x08001573   0x76  Code  Gb  portsMgmnt.o [1]
checkNoTare::firstExe   0x20000dba    0x1  Data  Lc  portsMgmnt.o [1]
checkNoTare::noSenseTime
                        0x20000d1c    0x8  Data  Lc  portsMgmnt.o [1]
checkNoTare::timeNoTareDetected
                        0x20000d14    0x8  Data  Lc  portsMgmnt.o [1]
checkOut10Counter       0x0800174b  0x25e  Code  Gb  portsMgmnt.o [1]
checkOut10Counter::firOut
                        0x20000c84   0x10  Data  Lc  portsMgmnt.o [1]
checkOut10Counter::firstExecute
                        0x20000113    0x1  Data  Lc  portsMgmnt.o [1]
checkOut10Counter::i    0x20000dc0    0x1  Data  Lc  portsMgmnt.o [1]
checkOut10Counter::inDataOUT
                        0x20000cbc    0xc  Data  Lc  portsMgmnt.o [1]
checkOut10Counter::newValForCalib
                        0x20000dbf    0x1  Data  Lc  portsMgmnt.o [1]
checkOut10Counter::out101
                        0x20000d7c    0x4  Data  Lc  portsMgmnt.o [1]
checkOut10Counter::out102
                        0x20000d80    0x4  Data  Lc  portsMgmnt.o [1]
checkOut10Counter::p    0x20000dbc    0x1  Data  Lc  portsMgmnt.o [1]
checkOut10Counter::swchr
                        0x20000dbd    0x1  Data  Lc  portsMgmnt.o [1]
checkOut10Counter::temp
                        0x20000dbe    0x1  Data  Lc  portsMgmnt.o [1]
checkTumperDoor         0x080013d5   0x24  Code  Gb  portsMgmnt.o [1]
checkTumperMoney        0x0800141d   0x24  Code  Gb  portsMgmnt.o [1]
clrLastMessage          0x08006289   0x2c  Code  Gb  uartDataExchMgmnt.o [1]
clrServDownButton       0x0800137f    0xa  Code  Gb  portsMgmnt.o [1]
clrServLeftButton       0x08001389    0xa  Code  Gb  portsMgmnt.o [1]
clrServRightButton      0x08001393    0xa  Code  Gb  portsMgmnt.o [1]
clrUserButton           0x08001375    0xa  Code  Gb  portsMgmnt.o [1]
cnt                     0x20000c60   0x14  Data  Gb  main.o [1]
containerMgmnt          0x080000ed  0x106  Code  Gb  main.o [1]
containerMinVolume      0x20000111    0x1  Data  Gb  main.o [1]
countContainerHandler   0x08001465   0x4a  Code  Gb  portsMgmnt.o [1]
countLoseHandler        0x080016ff    0x2  Code  Gb  portsMgmnt.o [1]
countOutHandler         0x08001701   0x4a  Code  Gb  portsMgmnt.o [1]
delayMicroseconds       0x08001ec1         Code  Gb  Delay.o [1]
delayMilliseconds       0x08001ee3         Code  Gb  Delay.o [1]
digits                  0x08007db4   0x28  Data  Lc  xstoul.o [3]
disableButtonsForTime   0x080013c9    0xc  Code  Gb  portsMgmnt.o [1]
disableSensorsForTime   0x080013bd    0xc  Code  Gb  portsMgmnt.o [1]
div                     0x08007c4d    0xe  Code  Gb  div.o [3]
endPointer              0x20000dc8    0x1  Data  Gb  uartDataExchMgmnt.o [1]
entryPointer            0x20000115    0x1  Data  Gb  uartDataExchMgmnt.o [1]
exit                    0x080084ef    0x4  Code  Gb  exit.o [3]
filters                 0x20000a70   0x48  Data  Gb  main.o [1]
free                    0x080078c1   0x7a  Code  Gb  xxmemxfree.o [3]
getCurTime              0x08002273    0xc  Code  Gb  timeMgmnt.o [1]
getLastMessage          0x08006251   0x38  Code  Gb  uartDataExchMgmnt.o [1]
getMessageLnhgt         0x08003d4d   0x36  Code  Gb  uartDataExchMgmnt.o [1]
getMoney                0x080042f7   0x4a  Code  Gb  uartDataExchMgmnt.o [1]
getTimeDiff             0x0800227f   0x52  Code  Gb  timeMgmnt.o [1]
hadc1                   0x20000bfc   0x30  Data  Gb  main.o [1]
hcan                    0x20000ab8   0x44  Data  Gb  main.o [1]
hcrc                    0x20000cd4    0x8  Data  Gb  main.o [1]
hiwdg                   0x20000ca4    0xc  Data  Gb  main.o [1]
hspi2                   0x20000a18   0x58  Data  Gb  main.o [1]
htim3                   0x20000afc   0x40  Data  Gb  main.o [1]
huart1                  0x20000b3c   0x40  Data  Gb  main.o [1]
huart2                  0x20000b7c   0x40  Data  Gb  main.o [1]
huart3                  0x20000bbc   0x40  Data  Gb  main.o [1]
hwwdg                   0x20000c4c   0x14  Data  Gb  main.o [1]
initUART                0x0800436f   0x1c  Code  Gb  uartDataExchMgmnt.o [1]
insertStats             0x08003e29  0x38e  Code  Gb  uartDataExchMgmnt.o [1]
isAdminDownButtonPressed
                        0x080013a5    0x8  Code  Gb  portsMgmnt.o [1]
isAdminLeftButtonPressed
                        0x080013ad    0x8  Code  Gb  portsMgmnt.o [1]
isAdminRightButtonPressed
                        0x080013b5    0x8  Code  Gb  portsMgmnt.o [1]
isUserButtonPressed     0x0800139d    0x8  Code  Gb  portsMgmnt.o [1]
isspace                 0x08007c5b   0x14  Code  Gb  isxxx.o [3]
lastMilLitWentOut       0x20000d74    0x4  Data  Lc  main.o [1]
lcdMgmnt                0x080003a9  0x166  Code  Gb  main.o [1]
lcdMgmnt::refreshLCDtime
                        0x20000cec    0x8  Data  Lc  main.o [1]
lghtsMgmnt              0x0800050f   0xe2  Code  Gb  main.o [1]
localeconv              0x08007c1b   0x16  Code  Gb  localeconv.o [3]
main                    0x080007fb  0x366  Code  Gb  main.o [1]
malloc                  0x080077f5   0xac  Code  Gb  xxmemxmalloc.o [3]
maxContainerVolume      0x20000112    0x1  Data  Gb  main.o [1]
memchr                  0x08007791         Code  Gb  memchr.o [5]
mesRx                   0x20000918  0x100  Data  Gb  uartDataExchMgmnt.o [1]
money                   0x20000cb0    0xc  Data  Gb  main.o [1]
ndigs                   0x08007ddc   0x28  Data  Lc  xstoul.o [3]
outPumpMgmnt            0x080002b9   0xf0  Code  Gb  main.o [1]
outPumpMgmnt::lastMillilit
                        0x20000d78    0x4  Data  Lc  main.o [1]
outPumpMgmnt::noWaterOut
                        0x20000db2    0x1  Data  Lc  main.o [1]
outPumpMgmnt::timeCheck
                        0x20000ce4    0x8  Data  Lc  main.o [1]
outPumpNoWaterStopTime  0x20000110    0x1  Data  Gb  main.o [1]
parseUART               0x080045e9   0x1a  Code  Gb  uartDataExchMgmnt.o [1]
parseUartData           0x0800438b  0x25e  Code  Gb  uartDataExchMgmnt.o [1]
pauseOutHandler         0x080015e9    0x2  Code  Gb  portsMgmnt.o [1]
prepareToTransition     0x080006f5  0x106  Code  Gb  main.o [1]
printGiven              0x08002a01  0x25c  Code  Gb  tm_stm32_hd44780.o [1]
printLoseDetected       0x08002683   0x24  Code  Gb  tm_stm32_hd44780.o [1]
printNotReady           0x080026a7  0x11c  Code  Gb  tm_stm32_hd44780.o [1]
printPaid               0x080028c9  0x134  Code  Gb  tm_stm32_hd44780.o [1]
printWait               0x080027c3  0x106  Code  Gb  tm_stm32_hd44780.o [1]
returnMoney             0x080041b7   0x24  Code  Gb  uartDataExchMgmnt.o [1]
sensorsDisabledTime     0x20000d0c    0x8  Data  Gb  portsMgmnt.o [1]
servDownButton          0x20000db7    0x1  Data  Gb  portsMgmnt.o [1]
servLeftButton          0x20000db8    0x1  Data  Gb  portsMgmnt.o [1]
servRightButton         0x20000db9    0x1  Data  Gb  portsMgmnt.o [1]
servUpButton            0x20000db6    0x1  Data  Gb  portsMgmnt.o [1]
setBlue                 0x08001beb    0xe  Code  Gb  portsMgmnt.o [1]
setContainerValToZero   0x08001503   0x70  Code  Gb  portsMgmnt.o [1]
setFilterValues         0x08004235   0xc2  Code  Gb  uartDataExchMgmnt.o [1]
setGlobal               0x08001c07    0xe  Code  Gb  portsMgmnt.o [1]
setGreen                0x08001bf9    0xe  Code  Gb  portsMgmnt.o [1]
setParameters           0x080041e1   0x54  Code  Gb  uartDataExchMgmnt.o [1]
setRed                  0x08001bdd    0xe  Code  Gb  portsMgmnt.o [1]
setupDefaultLitersVolume
                        0x080014af   0x54  Code  Gb  portsMgmnt.o [1]
sprintf                 0x08006191   0x34  Code  Gb  sprintf.o [3]
strchr                  0x08007741         Code  Gb  strchr.o [5]
strlen                  0x08007759         Code  Gb  strlen.o [5]
strtol                  0x080061c5    0x6  Code  Gb  strtol.o [3]
time                    0x20000d5c    0x8  Data  Gb  timeMgmnt.o [1]
timeMgmnt               0x0800221d   0x56  Code  Gb  timeMgmnt.o [1]
tolower                 0x08007ed9   0x14  Code  Gb  tolower.o [3]
uartDataExchMgmnt       0x08003d3d   0x10  Code  Gb  uartDataExchMgmnt.o [1]
uartDataRx              0x20000818  0x100  Data  Gb  uartDataExchMgmnt.o [1]
uartDataTx              0x20000718  0x100  Data  Lc  uartDataExchMgmnt.o [1]
userButton              0x20000db5    0x1  Data  Gb  portsMgmnt.o [1]
uwTick                  0x20000d90    0x4  Data  Gb  stm32f1xx_hal.o [1]
valFor10LitInCalibr     0x20000000    0x4  Data  Gb  main.o [1]
valFor10LitOutCalibr    0x20000004    0x4  Data  Gb  main.o [1]
wa                      0x20000c2c   0x20  Data  Gb  main.o [1]
waterCounters           0x20000c74   0x10  Data  Lc  portsMgmnt.o [1]
waterMissDetectedTime   0x20000cdc    0x8  Data  Gb  main.o [1]
waterPrice              0x20000008    0x4  Data  Gb  main.o [1]
wmLghts                 0x20000d8c    0x4  Data  Gb  portsMgmnt.o [1]
writeError              0x08003d83   0xa6  Code  Gb  uartDataExchMgmnt.o [1]
writeTime               0x080022d1   0x1a  Code  Gb  timeMgmnt.o [1]


[1] = D:\YADisk\#1_work\Автомойка самообслуживания\WM_v0.10\WM\EWARM\IAR_WM_v0.10\Obj
[2] = command line
[3] = dl7M_tlf.a
[4] = m7M_tl.a
[5] = rt7M_tl.a
[6] = shb_l.a

  34 126 bytes of readonly  code memory
     425 bytes of readonly  data memory
   3 527 bytes of readwrite data memory

Errors: none
Warnings: none
