###############################################################################
#
# IAR ELF Linker V7.80.1.11864/W32 for ARM                20/Oct/2017  18:24:52
# Copyright 2007-2016 IAR Systems AB.
#
#    Output file  =  
#        D:\YADisk\#1_work\Автомойка
#        самообслуживания\WM_v0.10\WM\EWARM\IAR_WM_v0.10\Exe\IAR_WM_v0.10.out
#    Map file     =  
#        D:\YADisk\#1_work\Автомойка
#        самообслуживания\WM_v0.10\WM\EWARM\IAR_WM_v0.10\List\IAR_WM_v0.10.map
#    Command line =  
#        "D:\YADisk\#1_work\Автомойка
#        самообслуживания\WM_v0.10\WM\EWARM\IAR_WM_v0.10\Obj\debugPCBMode.o"
#        "D:\YADisk\#1_work\Автомойка
#        самообслуживания\WM_v0.10\WM\EWARM\IAR_WM_v0.10\Obj\Delay.o"
#        "D:\YADisk\#1_work\Автомойка
#        самообслуживания\WM_v0.10\WM\EWARM\IAR_WM_v0.10\Obj\main.o"
#        "D:\YADisk\#1_work\Автомойка
#        самообслуживания\WM_v0.10\WM\EWARM\IAR_WM_v0.10\Obj\moneyAcceptMgmnt.o"
#        "D:\YADisk\#1_work\Автомойка
#        самообслуживания\WM_v0.10\WM\EWARM\IAR_WM_v0.10\Obj\portsMgmnt.o"
#        "D:\YADisk\#1_work\Автомойка
#        самообслуживания\WM_v0.10\WM\EWARM\IAR_WM_v0.10\Obj\startup_stm32f103xb.o"
#        "D:\YADisk\#1_work\Автомойка
#        самообслуживания\WM_v0.10\WM\EWARM\IAR_WM_v0.10\Obj\stm32f1xx_hal.o"
#        "D:\YADisk\#1_work\Автомойка
#        самообслуживания\WM_v0.10\WM\EWARM\IAR_WM_v0.10\Obj\stm32f1xx_hal_adc.o"
#        "D:\YADisk\#1_work\Автомойка
#        самообслуживания\WM_v0.10\WM\EWARM\IAR_WM_v0.10\Obj\stm32f1xx_hal_adc_ex.o"
#        "D:\YADisk\#1_work\Автомойка
#        самообслуживания\WM_v0.10\WM\EWARM\IAR_WM_v0.10\Obj\stm32f1xx_hal_can.o"
#        "D:\YADisk\#1_work\Автомойка
#        самообслуживания\WM_v0.10\WM\EWARM\IAR_WM_v0.10\Obj\stm32f1xx_hal_cortex.o"
#        "D:\YADisk\#1_work\Автомойка
#        самообслуживания\WM_v0.10\WM\EWARM\IAR_WM_v0.10\Obj\stm32f1xx_hal_crc.o"
#        "D:\YADisk\#1_work\Автомойка
#        самообслуживания\WM_v0.10\WM\EWARM\IAR_WM_v0.10\Obj\stm32f1xx_hal_dma.o"
#        "D:\YADisk\#1_work\Автомойка
#        самообслуживания\WM_v0.10\WM\EWARM\IAR_WM_v0.10\Obj\stm32f1xx_hal_flash.o"
#        "D:\YADisk\#1_work\Автомойка
#        самообслуживания\WM_v0.10\WM\EWARM\IAR_WM_v0.10\Obj\stm32f1xx_hal_flash_ex.o"
#        "D:\YADisk\#1_work\Автомойка
#        самообслуживания\WM_v0.10\WM\EWARM\IAR_WM_v0.10\Obj\stm32f1xx_hal_gpio.o"
#        "D:\YADisk\#1_work\Автомойка
#        самообслуживания\WM_v0.10\WM\EWARM\IAR_WM_v0.10\Obj\stm32f1xx_hal_gpio_ex.o"
#        "D:\YADisk\#1_work\Автомойка
#        самообслуживания\WM_v0.10\WM\EWARM\IAR_WM_v0.10\Obj\stm32f1xx_hal_iwdg.o"
#        "D:\YADisk\#1_work\Автомойка
#        самообслуживания\WM_v0.10\WM\EWARM\IAR_WM_v0.10\Obj\stm32f1xx_hal_msp.o"
#        "D:\YADisk\#1_work\Автомойка
#        самообслуживания\WM_v0.10\WM\EWARM\IAR_WM_v0.10\Obj\stm32f1xx_hal_pwr.o"
#        "D:\YADisk\#1_work\Автомойка
#        самообслуживания\WM_v0.10\WM\EWARM\IAR_WM_v0.10\Obj\stm32f1xx_hal_rcc.o"
#        "D:\YADisk\#1_work\Автомойка
#        самообслуживания\WM_v0.10\WM\EWARM\IAR_WM_v0.10\Obj\stm32f1xx_hal_rcc_ex.o"
#        "D:\YADisk\#1_work\Автомойка
#        самообслуживания\WM_v0.10\WM\EWARM\IAR_WM_v0.10\Obj\stm32f1xx_hal_spi.o"
#        "D:\YADisk\#1_work\Автомойка
#        самообслуживания\WM_v0.10\WM\EWARM\IAR_WM_v0.10\Obj\stm32f1xx_hal_spi_ex.o"
#        "D:\YADisk\#1_work\Автомойка
#        самообслуживания\WM_v0.10\WM\EWARM\IAR_WM_v0.10\Obj\stm32f1xx_hal_tim.o"
#        "D:\YADisk\#1_work\Автомойка
#        самообслуживания\WM_v0.10\WM\EWARM\IAR_WM_v0.10\Obj\stm32f1xx_hal_tim_ex.o"
#        "D:\YADisk\#1_work\Автомойка
#        самообслуживания\WM_v0.10\WM\EWARM\IAR_WM_v0.10\Obj\stm32f1xx_hal_uart.o"
#        "D:\YADisk\#1_work\Автомойка
#        самообслуживания\WM_v0.10\WM\EWARM\IAR_WM_v0.10\Obj\stm32f1xx_it.o"
#        "D:\YADisk\#1_work\Автомойка
#        самообслуживания\WM_v0.10\WM\EWARM\IAR_WM_v0.10\Obj\system_stm32f1xx.o"
#        "D:\YADisk\#1_work\Автомойка
#        самообслуживания\WM_v0.10\WM\EWARM\IAR_WM_v0.10\Obj\timeMgmnt.o"
#        "D:\YADisk\#1_work\Автомойка
#        самообслуживания\WM_v0.10\WM\EWARM\IAR_WM_v0.10\Obj\tm_stm32_hd44780.o"
#        "D:\YADisk\#1_work\Автомойка
#        самообслуживания\WM_v0.10\WM\EWARM\IAR_WM_v0.10\Obj\uartDataExchMgmnt.o"
#        --redirect _Printf=_PrintfFull --redirect _Scanf=_ScanfFull -o
#        "D:\YADisk\#1_work\Автомойка
#        самообслуживания\WM_v0.10\WM\EWARM\IAR_WM_v0.10\Exe\IAR_WM_v0.10.out"
#        --map "D:\YADisk\#1_work\Автомойка
#        самообслуживания\WM_v0.10\WM\EWARM\IAR_WM_v0.10\List\IAR_WM_v0.10.map"
#        --config "D:\YADisk\#1_work\Автомойка
#        самообслуживания\WM_v0.10\WM\EWARM/stm32f103xb_flash.icf"
#        --semihosting --entry __iar_program_start --vfe
#
###############################################################################

*******************************************************************************
*** RUNTIME MODEL ATTRIBUTES
***

CppFlavor                     = *
__Heap_Handler                = Basic
__SystemLibrary               = DLib
__dlib_dynamic_initialization = normal


*******************************************************************************
*** PLACEMENT SUMMARY
***

"A0":  place at 0x08000000 { ro section .intvec };
"P1":  place in [from 0x08000000 to 0x0801ffff] { ro };
"P2":  place in [from 0x20000000 to 0x20004fff] { rw, block CSTACK, block HEAP };
initialize by copy { rw };

  Section             Kind        Address    Size  Object
  -------             ----        -------    ----  ------
"A0":                                        0xec
  .intvec             ro code  0x08000000    0xec  startup_stm32f103xb.o [1]
                             - 0x080000ec    0xec

"P1":                                      0x842b
  .text               ro code  0x080000ec  0x11ce  main.o [1]
  .text               ro code  0x080012ba     0xa  xsprout.o [3]
  .text               ro code  0x080012c4   0xb5c  portsMgmnt.o [1]
  .text               ro code  0x08001e20    0x34  Delay.o [1]
  .text               ro code  0x08001e54   0x328  stm32f1xx_hal_gpio.o [1]
  .text               ro code  0x0800217c    0xd8  timeMgmnt.o [1]
  .text               ro code  0x08002254   0x9b8  tm_stm32_hd44780.o [1]
  .text               ro code  0x08002c0c    0x32  I32ToFlt.o [4]
  .rodata             const    0x08002c3e     0x2  stm32f1xx_hal_rcc.o [1]
  .text               ro code  0x08002c40    0x4e  FltToDbl.o [4]
  .rodata             const    0x08002c8e     0x2  stm32f1xx_hal_rcc_ex.o [1]
  .text               ro code  0x08002c90   0x1a2  DblMul.o [4]
  .rodata             const    0x08002e32     0x2  tm_stm32_hd44780.o [1]
  .text               ro code  0x08002e34   0x256  DblDiv.o [4]
  .text               ro code  0x0800308c    0x58  DblToI32.o [4]
  .text               ro code  0x080030e4    0x24  FltToU32.o [4]
  .text               ro code  0x08003108   0x510  stm32f1xx_hal_adc_ex.o [1]
  .text               ro code  0x08003618   0x180  DblSub.o [4]
  .text               ro code  0x08003798    0xe8  DblAdd.o [4]
  .text               ro code  0x08003880    0x28  stm32f1xx_hal.o [1]
  .text               ro code  0x080038a8   0x3d2  stm32f1xx_hal_tim.o [1]
  .text               ro code  0x08003c7c   0x8d0  uartDataExchMgmnt.o [1]
  .text               ro code  0x0800454c    0x5c  stm32f1xx_hal_iwdg.o [1]
  .text               ro code  0x080045a8    0x30  I32ToDbl.o [4]
  .text               ro code  0x080045d8    0x90  DblToFlt.o [4]
  .text               ro code  0x08004668    0x24  FltCmpLe.o [4]
  .text               ro code  0x0800468c   0x6d4  stm32f1xx_hal_rcc.o [1]
  .text               ro code  0x08004d60   0x218  stm32f1xx_hal_rcc_ex.o [1]
  .text               ro code  0x08004f78   0x14e  stm32f1xx_hal_cortex.o [1]
  .text               ro code  0x080050c8   0x34c  stm32f1xx_hal_adc.o [1]
  .text               ro code  0x08005414   0x154  stm32f1xx_hal_can.o [1]
  .text               ro code  0x08005568    0x24  stm32f1xx_hal_crc.o [1]
  .text               ro code  0x0800558c    0x8a  stm32f1xx_hal_spi_ex.o [1]
  .text               ro code  0x08005618    0x5a  stm32f1xx_hal_tim_ex.o [1]
  .text               ro code  0x08005674   0x5bc  stm32f1xx_hal_uart.o [1]
  .text               ro code  0x08005c30     0x8  abs.o [3]
  .text               ro code  0x08005c38    0x76  ABImemcpy_unaligned.o [5]
  .text               ro code  0x08005cb0     0xc  stm32f1xx_hal.o [1]
  .text               ro code  0x08005cbc    0x28  stm32f1xx_hal.o [1]
  .text               ro code  0x08005ce4   0x30c  stm32f1xx_hal_msp.o [1]
  .text               ro code  0x08005ff0     0x2  stm32f1xx_hal_tim.o [1]
  .text               ro code  0x08005ff2     0x2  stm32f1xx_hal_tim.o [1]
  .text               ro code  0x08005ff4     0x2  stm32f1xx_hal_tim.o [1]
  .text               ro code  0x08005ff6     0x2  stm32f1xx_hal_tim.o [1]
  .text               ro code  0x08005ff8     0x2  stm32f1xx_hal_tim_ex.o [1]
  .text               ro code  0x08005ffa     0x2  stm32f1xx_hal_tim.o [1]
  .text               ro code  0x08005ffc     0x2  stm32f1xx_hal_tim_ex.o [1]
  .text               ro code  0x08006000    0x34  sprintf.o [3]
  .text               ro code  0x08006034     0x6  strtol.o [3]
  .text               ro code  0x0800603c    0x84  FltAdd.o [4]
  .text               ro code  0x080060c0    0x38  uartDataExchMgmnt.o [1]
  .text               ro code  0x080060f8    0x2c  uartDataExchMgmnt.o [1]
  .text               ro code  0x08006124   0x100  stm32f1xx_hal_dma.o [1]
  .text               ro code  0x08006224     0x2  stm32f1xx_hal_uart.o [1]
  .text               ro code  0x08006226     0x2  stm32f1xx_hal_uart.o [1]
  .text               ro code  0x08006228     0x2  stm32f1xx_hal_uart.o [1]
  .text               ro code  0x0800622c  0x119a  xprintffull.o [3]
  .text               ro code  0x080073c6    0x88  xstol.o [3]
  .text               ro code  0x08007450    0xd6  FltSub.o [4]
  .text               ro code  0x08007528    0x66  ABImemset.o [5]
  .text               ro code  0x0800758e    0x20  xmbtowc.o [3]
  .text               ro code  0x080075b0    0x16  strchr.o [5]
  .text               ro code  0x080075c8    0x36  strlen.o [5]
  .text               ro code  0x08007600    0x58  memchr.o [5]
  .text               ro code  0x08007658     0xa  xmbcurmax.o [3]
  .text               ro code  0x08007664    0xb0  xxmemxmalloc.o [3]
  .text               ro code  0x08007714    0x1a  xwctomb.o [3]
  .text               ro code  0x08007730    0x80  xxmemxfree.o [3]
  .text               ro code  0x080077b0    0xee  I64DivMod.o [5]
  .text               ro code  0x0800789e    0x44  xdnorm.o [4]
  .text               ro code  0x080078e4    0x2e  DblCmpLe.o [4]
  .text               ro code  0x08007914    0x2e  DblCmpGe.o [4]
  .text               ro code  0x08007944   0x10c  xdscale.o [4]
  .text               ro code  0x08007a50    0x6c  localeconv.o [3]
  .text               ro code  0x08007abc     0xe  div.o [3]
  .text               ro code  0x08007aca    0x14  isxxx.o [3]
  .text               ro code  0x08007ae0   0x194  xstoul.o [3]
  .text               ro code  0x08007c74     0xc  errno.o [3]
  .text               ro code  0x08007c80    0x24  setlocale.o [3]
  .text               ro code  0x08007ca4    0x60  xencoding_sb.o [3]
  .text               ro code  0x08007d04    0x2c  xgetmemchunk.o [3]
  .text               ro code  0x08007d30     0x2  I64DivZer.o [5]
  .text               ro code  0x08007d32     0x2  xtls.o [3]
  .text               ro code  0x08007d34    0x14  xlocale_c.o [3]
  .text               ro code  0x08007d48    0x14  tolower.o [3]
  .text               ro code  0x08007d5c     0xc  xlocale_c.o [3]
  .text               ro code  0x08007d68   0x324  stm32f1xx_it.o [1]
  .text               ro code  0x0800808c    0x10  stm32f1xx_hal.o [1]
  .text               ro code  0x0800809c    0xf8  moneyAcceptMgmnt.o [1]
  .text               ro code  0x08008194    0x68  system_stm32f1xx.o [1]
  .rodata             const    0x080081fc    0x44  main.o [1]
  .text               ro code  0x08008240    0x40  zero_init3.o [5]
  .text               ro code  0x08008280    0x38  packbits_init_single.o [5]
  .text               ro code  0x080082b8    0x28  data_init.o [5]
  .iar.init_table     const    0x080082e0    0x20  - Linker created -
  .text               ro code  0x08008300    0x1a  cmain.o [5]
  .text               ro code  0x0800831a     0x4  low_level_init.o [3]
  .text               ro code  0x0800831e     0x4  exit.o [3]
  .text               ro code  0x08008324     0xa  cexit.o [5]
  .text               ro code  0x08008330    0x14  exit.o [6]
  .rodata             const    0x08008344    0x14  tm_stm32_hd44780.o [1]
  .rodata             const    0x08008358    0x14  tm_stm32_hd44780.o [1]
  .rodata             const    0x0800836c    0x14  tm_stm32_hd44780.o [1]
  .rodata             const    0x08008380    0x14  tm_stm32_hd44780.o [1]
  .rodata             const    0x08008394    0x14  tm_stm32_hd44780.o [1]
  .rodata             const    0x080083a8    0x14  tm_stm32_hd44780.o [1]
  .rodata             const    0x080083bc    0x14  tm_stm32_hd44780.o [1]
  .rodata             const    0x080083d0    0x14  tm_stm32_hd44780.o [1]
  .rodata             const    0x080083e4    0x14  tm_stm32_hd44780.o [1]
  .rodata             const    0x080083f8    0x10  stm32f1xx_hal_rcc.o [1]
  .rodata             const    0x08008408    0x10  stm32f1xx_hal_rcc_ex.o [1]
  .rodata             const    0x08008418    0x10  system_stm32f1xx.o [1]
  .text               ro code  0x08008428    0x10  startup_stm32f103xb.o [1]
  .text               ro code  0x08008438     0xc  cstartup_M.o [5]
  .rodata             const    0x08008444     0x8  system_stm32f1xx.o [1]
  .rodata             const    0x0800844c     0x8  tm_stm32_hd44780.o [1]
  .rodata             const    0x08008454     0x8  tm_stm32_hd44780.o [1]
  .rodata             const    0x0800845c     0x8  tm_stm32_hd44780.o [1]
  .rodata             const    0x08008464     0x4  tm_stm32_hd44780.o [1]
  .rodata             const    0x08008468     0x4  tm_stm32_hd44780.o [1]
  .text               ro code  0x0800846c     0x4  startup_stm32f103xb.o [1]
  .text               ro code  0x08008470     0x4  startup_stm32f103xb.o [1]
  .text               ro code  0x08008474     0x4  startup_stm32f103xb.o [1]
  .text               ro code  0x08008478     0x4  startup_stm32f103xb.o [1]
  .text               ro code  0x0800847c     0x4  startup_stm32f103xb.o [1]
  .text               ro code  0x08008480     0x4  startup_stm32f103xb.o [1]
  .text               ro code  0x08008484     0x4  startup_stm32f103xb.o [1]
  .text               ro code  0x08008488     0x4  startup_stm32f103xb.o [1]
  .text               ro code  0x0800848c     0x4  startup_stm32f103xb.o [1]
  .text               ro code  0x08008490     0x4  startup_stm32f103xb.o [1]
  .text               ro code  0x08008494     0x4  startup_stm32f103xb.o [1]
  .text               ro code  0x08008498     0x4  startup_stm32f103xb.o [1]
  .text               ro code  0x0800849c     0x4  startup_stm32f103xb.o [1]
  .text               ro code  0x080084a0     0x4  startup_stm32f103xb.o [1]
  .text               ro code  0x080084a4     0x4  startup_stm32f103xb.o [1]
  .text               ro code  0x080084a8     0x4  startup_stm32f103xb.o [1]
  .text               ro code  0x080084ac     0x4  startup_stm32f103xb.o [1]
  .text               ro code  0x080084b0     0x4  startup_stm32f103xb.o [1]
  .text               ro code  0x080084b4     0x4  startup_stm32f103xb.o [1]
  .text               ro code  0x080084b8     0x4  startup_stm32f103xb.o [1]
  .text               ro code  0x080084bc     0x4  startup_stm32f103xb.o [1]
  .text               ro code  0x080084c0     0x4  startup_stm32f103xb.o [1]
  .text               ro code  0x080084c4     0x4  startup_stm32f103xb.o [1]
  .text               ro code  0x080084c8     0x4  startup_stm32f103xb.o [1]
  .text               ro code  0x080084cc     0x4  startup_stm32f103xb.o [1]
  .text               ro code  0x080084d0     0x4  startup_stm32f103xb.o [1]
  .text               ro code  0x080084d4     0x4  startup_stm32f103xb.o [1]
  .text               ro code  0x080084d8     0x4  startup_stm32f103xb.o [1]
  .text               ro code  0x080084dc     0x4  startup_stm32f103xb.o [1]
  .text               ro code  0x080084e0     0x4  startup_stm32f103xb.o [1]
  .text               ro code  0x080084e4     0x4  startup_stm32f103xb.o [1]
  .text               ro code  0x080084e8     0x4  startup_stm32f103xb.o [1]
  .text               ro code  0x080084ec     0x4  startup_stm32f103xb.o [1]
  .text               ro code  0x080084f0     0x4  startup_stm32f103xb.o [1]
  .rodata             const    0x080084f4     0x0  zero_init3.o [5]
  .rodata             const    0x080084f4     0x0  packbits_init_single.o [5]
  Initializer bytes   const    0x080084f4    0x23  <for P2-1>
                             - 0x08008517  0x842b

"P2", part 1 of 3:                          0x116
  P2-1                         0x20000000   0x116  <Init block>
    .data             inited   0x20000000     0x4  main.o [1]
    .data             inited   0x20000004     0x4  main.o [1]
    .data             inited   0x20000008     0x4  main.o [1]
    .data             inited   0x2000000c     0x4  system_stm32f1xx.o [1]
    __DLIB_PERTHREAD  inited   0x20000010    0x88  localeconv.o [3]
    __DLIB_PERTHREAD  inited   0x20000098     0x4  errno.o [3]
    __DLIB_PERTHREAD  inited   0x2000009c    0x74  setlocale.o [3]
    .data             inited   0x20000110     0x1  main.o [1]
    .data             inited   0x20000111     0x1  main.o [1]
    .data             inited   0x20000112     0x1  main.o [1]
    .data             inited   0x20000113     0x1  portsMgmnt.o [1]
    .data             inited   0x20000114     0x1  portsMgmnt.o [1]
    .data             inited   0x20000115     0x1  uartDataExchMgmnt.o [1]
                             - 0x20000116   0x116

"P2", part 2 of 3:                          0x600
  CSTACK                       0x20000118   0x400  <Block>
    CSTACK            uninit   0x20000118   0x400  <Block tail>
  HEAP                         0x20000518   0x200  <Block>
    HEAP              uninit   0x20000518   0x200  <Block tail>
                             - 0x20000718   0x600

"P2", part 3 of 3:                          0x698
  .bss                zero     0x20000718   0x100  uartDataExchMgmnt.o [1]
  .bss                zero     0x20000818   0x100  uartDataExchMgmnt.o [1]
  .bss                zero     0x20000918   0x100  uartDataExchMgmnt.o [1]
  .bss                zero     0x20000a18    0x58  main.o [1]
  .bss                zero     0x20000a70    0x48  main.o [1]
  .bss                zero     0x20000ab8    0x44  main.o [1]
  .bss                zero     0x20000afc    0x40  main.o [1]
  .bss                zero     0x20000b3c    0x40  main.o [1]
  .bss                zero     0x20000b7c    0x40  main.o [1]
  .bss                zero     0x20000bbc    0x40  main.o [1]
  .bss                zero     0x20000bfc    0x30  main.o [1]
  .bss                zero     0x20000c2c    0x20  main.o [1]
  .bss                zero     0x20000c4c    0x14  main.o [1]
  .bss                zero     0x20000c60    0x10  portsMgmnt.o [1]
  .bss                zero     0x20000c70    0x10  portsMgmnt.o [1]
  .bss                zero     0x20000c80    0x10  portsMgmnt.o [1]
  .bss                zero     0x20000c90     0xc  main.o [1]
  .bss                zero     0x20000c9c     0xc  main.o [1]
  .bss                zero     0x20000ca8     0xc  portsMgmnt.o [1]
  .bss                zero     0x20000cb4     0xc  portsMgmnt.o [1]
  .bss                zero     0x20000cc0     0x8  main.o [1]
  .bss                zero     0x20000cc8     0x8  main.o [1]
  .bss                zero     0x20000cd0     0x8  main.o [1]
  .bss                zero     0x20000cd8     0x8  main.o [1]
  .bss                zero     0x20000ce0     0x8  moneyAcceptMgmnt.o [1]
  .bss                zero     0x20000ce8     0x8  moneyAcceptMgmnt.o [1]
  .bss                zero     0x20000cf0     0x8  portsMgmnt.o [1]
  .bss                zero     0x20000cf8     0x8  portsMgmnt.o [1]
  .bss                zero     0x20000d00     0x8  portsMgmnt.o [1]
  .bss                zero     0x20000d08     0x8  portsMgmnt.o [1]
  .bss                zero     0x20000d10     0x8  portsMgmnt.o [1]
  .bss                zero     0x20000d18     0x8  portsMgmnt.o [1]
  .bss                zero     0x20000d20     0x8  portsMgmnt.o [1]
  .bss                zero     0x20000d28     0x8  portsMgmnt.o [1]
  .bss                zero     0x20000d30     0x8  portsMgmnt.o [1]
  .bss                zero     0x20000d38     0x8  portsMgmnt.o [1]
  .bss                zero     0x20000d40     0x8  timeMgmnt.o [1]
  .bss                zero     0x20000d48     0x8  tm_stm32_hd44780.o [1]
  .bss                zero     0x20000d50     0x8  xxmemxmalloc.o [3]
  .bss                zero     0x20000d58     0x4  main.o [1]
  .bss                zero     0x20000d5c     0x4  main.o [1]
  .bss                zero     0x20000d60     0x4  portsMgmnt.o [1]
  .bss                zero     0x20000d64     0x4  portsMgmnt.o [1]
  .bss                zero     0x20000d68     0x4  portsMgmnt.o [1]
  .bss                zero     0x20000d6c     0x4  portsMgmnt.o [1]
  .bss                zero     0x20000d70     0x4  portsMgmnt.o [1]
  .bss                zero     0x20000d74     0x4  stm32f1xx_hal.o [1]
  .bss                zero     0x20000d78     0x4  xgetmemchunk.o [3]
  .bss                zero     0x20000d7c     0x2  portsMgmnt.o [1]
  .bss                zero     0x20000d7e     0x2  portsMgmnt.o [1]
  .bss                zero     0x20000d80     0x2  portsMgmnt.o [1]
  .bss                zero     0x20000d82     0x2  portsMgmnt.o [1]
  .bss                zero     0x20000d84     0x2  portsMgmnt.o [1]
  .bss                zero     0x20000d86     0x2  portsMgmnt.o [1]
  .bss                zero     0x20000d88     0x2  portsMgmnt.o [1]
  .bss                zero     0x20000d8a     0x2  portsMgmnt.o [1]
  .bss                zero     0x20000d8c     0x2  portsMgmnt.o [1]
  .bss                zero     0x20000d8e     0x2  portsMgmnt.o [1]
  .bss                zero     0x20000d90     0x2  portsMgmnt.o [1]
  .bss                zero     0x20000d92     0x2  portsMgmnt.o [1]
  .bss                zero     0x20000d94     0x2  stm32f1xx_it.o [1]
  .bss                zero     0x20000d96     0x1  main.o [1]
  .bss                zero     0x20000d97     0x1  moneyAcceptMgmnt.o [1]
  .bss                zero     0x20000d98     0x1  moneyAcceptMgmnt.o [1]
  .bss                zero     0x20000d99     0x1  portsMgmnt.o [1]
  .bss                zero     0x20000d9a     0x1  portsMgmnt.o [1]
  .bss                zero     0x20000d9b     0x1  portsMgmnt.o [1]
  .bss                zero     0x20000d9c     0x1  portsMgmnt.o [1]
  .bss                zero     0x20000d9d     0x1  portsMgmnt.o [1]
  .bss                zero     0x20000d9e     0x1  portsMgmnt.o [1]
  .bss                zero     0x20000d9f     0x1  portsMgmnt.o [1]
  .bss                zero     0x20000da0     0x1  portsMgmnt.o [1]
  .bss                zero     0x20000da1     0x1  portsMgmnt.o [1]
  .bss                zero     0x20000da2     0x1  portsMgmnt.o [1]
  .bss                zero     0x20000da3     0x1  portsMgmnt.o [1]
  .bss                zero     0x20000da4     0x1  portsMgmnt.o [1]
  .bss                zero     0x20000da5     0x1  portsMgmnt.o [1]
  .bss                zero     0x20000da6     0x1  portsMgmnt.o [1]
  .bss                zero     0x20000da7     0x1  portsMgmnt.o [1]
  .bss                zero     0x20000da8     0x1  portsMgmnt.o [1]
  .bss                zero     0x20000da9     0x1  portsMgmnt.o [1]
  .bss                zero     0x20000daa     0x1  portsMgmnt.o [1]
  .bss                zero     0x20000dab     0x1  stm32f1xx_it.o [1]
  .bss                zero     0x20000dac     0x1  uartDataExchMgmnt.o [1]
                             - 0x20000dad   0x695


*******************************************************************************
*** INIT TABLE
***

          Address     Size
          -------     ----
Zero (__iar_zero_init3)
    1 destination range, total size 0x695:
          0x20000718  0x695

Copy/packbits (__iar_packbits_init_single3)
    1 source range, total size 0x23 (12% of destination):
          0x080084f4   0x23
    1 destination range, total size 0x116:
          0x20000000  0x116



*******************************************************************************
*** MODULE SUMMARY
***

    Module                  ro code  ro data  rw data
    ------                  -------  -------  -------
D:\YADisk\#1_work\Автомойка самообслуживания\WM_v0.10\WM\EWARM\IAR_WM_v0.10\Obj: [1]
    Delay.o                      52
    main.o                    4 558       69      664
    moneyAcceptMgmnt.o          248                18
    portsMgmnt.o              2 908               216
    startup_stm32f103xb.o       388
    stm32f1xx_hal.o             108                 4
    stm32f1xx_hal_adc.o         844
    stm32f1xx_hal_adc_ex.o    1 296
    stm32f1xx_hal_can.o         340
    stm32f1xx_hal_cortex.o      334
    stm32f1xx_hal_crc.o          36
    stm32f1xx_hal_dma.o         256
    stm32f1xx_hal_gpio.o        808
    stm32f1xx_hal_iwdg.o         92
    stm32f1xx_hal_msp.o         780
    stm32f1xx_hal_rcc.o       1 748       18
    stm32f1xx_hal_rcc_ex.o      536       18
    stm32f1xx_hal_spi_ex.o      138
    stm32f1xx_hal_tim.o         988
    stm32f1xx_hal_tim_ex.o       94
    stm32f1xx_hal_uart.o      1 474
    stm32f1xx_it.o              804                 3
    system_stm32f1xx.o          104       25        4
    timeMgmnt.o                 216                 8
    tm_stm32_hd44780.o        2 488      214        8
    uartDataExchMgmnt.o       2 356        1      770
    -------------------------------------------------
    Total:                   23 994      345    1 695

command line: [2]
    -------------------------------------------------
    Total:

dl7M_tlf.a: [3]
    abs.o                         8
    div.o                        14
    errno.o                      12                 4
    exit.o                        4
    isxxx.o                      20
    localeconv.o                108       17      136
    low_level_init.o              4
    setlocale.o                  36       15      116
    sprintf.o                    52
    strtol.o                      6
    tolower.o                    20
    xencoding_sb.o               96
    xgetmemchunk.o               44                 4
    xlocale_c.o                  32
    xmbcurmax.o                  10
    xmbtowc.o                    32
    xprintffull.o             4 506
    xsprout.o                    10
    xstol.o                     136
    xstoul.o                    404
    xtls.o                        2
    xwctomb.o                    26
    xxmemxfree.o                128
    xxmemxmalloc.o              176                 8
    -------------------------------------------------
    Total:                    5 886       32      268

m7M_tl.a: [4]
    DblAdd.o                    232
    DblCmpGe.o                   46
    DblCmpLe.o                   46
    DblDiv.o                    598
    DblMul.o                    418
    DblSub.o                    384
    DblToFlt.o                  144
    DblToI32.o                   88
    FltAdd.o                    132
    FltCmpLe.o                   36
    FltSub.o                    214
    FltToDbl.o                   78
    FltToU32.o                   36
    I32ToDbl.o                   48
    I32ToFlt.o                   50
    xdnorm.o                     68
    xdscale.o                   268
    -------------------------------------------------
    Total:                    2 886

rt7M_tl.a: [5]
    ABImemcpy_unaligned.o       118
    ABImemset.o                 102
    I64DivMod.o                 238
    I64DivZer.o                   2
    cexit.o                      10
    cmain.o                      26
    cstartup_M.o                 12
    data_init.o                  40
    memchr.o                     88
    packbits_init_single.o       56
    strchr.o                     22
    strlen.o                     54
    zero_init3.o                 64
    -------------------------------------------------
    Total:                      832

shb_l.a: [6]
    exit.o                       20
    -------------------------------------------------
    Total:                       20

    Gaps                         44
    Linker created                        32    1 536
-----------------------------------------------------
    Grand Total:             33 662      409    3 499


*******************************************************************************
*** ENTRY LIST
***

Entry                      Address   Size  Type      Object
-----                      -------   ----  ----      ------
.iar.init_table$$Base   0x080082e0          --   Gb  - Linker created -
.iar.init_table$$Limit  0x08008300          --   Gb  - Linker created -
?main                   0x08008301         Code  Gb  cmain.o [5]
ADCMgmnt                0x080005f1  0x104  Code  Gb  main.o [1]
ADC_ConversionStop_Disable
                        0x080053c9   0x4a  Code  Gb  stm32f1xx_hal_adc.o [1]
ADC_Enable              0x08005347   0x6e  Code  Gb  stm32f1xx_hal_adc.o [1]
AHBPrescTable           0x08008418   0x10  Data  Gb  system_stm32f1xx.o [1]
APBPrescTable           0x08008444    0x8  Data  Gb  system_stm32f1xx.o [1]
BusFault_Handler        0x08007d6f    0x2  Code  Gb  stm32f1xx_it.o [1]
CSTACK$$Base            0x20000118          --   Gb  - Linker created -
CSTACK$$Limit           0x20000518          --   Gb  - Linker created -
DebugMon_Handler        0x08007d75    0x2  Code  Gb  stm32f1xx_it.o [1]
EXTI0_IRQHandler        0x08007d85    0xa  Code  Gb  stm32f1xx_it.o [1]
EXTI15_10_IRQHandler    0x08008059   0x34  Code  Gb  stm32f1xx_it.o [1]
EXTI1_IRQHandler        0x08007d8f    0xa  Code  Gb  stm32f1xx_it.o [1]
EXTI2_IRQHandler        0x08007d99    0xa  Code  Gb  stm32f1xx_it.o [1]
EXTI3_IRQHandler        0x08007da3    0xa  Code  Gb  stm32f1xx_it.o [1]
EXTI4_IRQHandler        0x08007dad    0xa  Code  Gb  stm32f1xx_it.o [1]
EXTI9_5_IRQHandler      0x08007db7   0x26  Code  Gb  stm32f1xx_it.o [1]
HAL_ADCEx_InjectedConfigChannel
                        0x080033bb  0x22c  Code  Gb  stm32f1xx_hal_adc_ex.o [1]
HAL_ADCEx_InjectedGetValue
                        0x08003391   0x2a  Code  Gb  stm32f1xx_hal_adc_ex.o [1]
HAL_ADCEx_InjectedPollForConversion
                        0x0800323d  0x154  Code  Gb  stm32f1xx_hal_adc_ex.o [1]
HAL_ADCEx_InjectedStart
                        0x08003109   0xe0  Code  Gb  stm32f1xx_hal_adc_ex.o [1]
HAL_ADCEx_InjectedStop  0x080031e9   0x54  Code  Gb  stm32f1xx_hal_adc_ex.o [1]
HAL_ADC_ConfigChannel   0x080051ff  0x148  Code  Gb  stm32f1xx_hal_adc.o [1]
HAL_ADC_Init            0x080050c9  0x136  Code  Gb  stm32f1xx_hal_adc.o [1]
HAL_ADC_MspInit         0x08005d81   0x3a  Code  Gb  stm32f1xx_hal_msp.o [1]
HAL_CAN_Init            0x08005415  0x154  Code  Gb  stm32f1xx_hal_can.o [1]
HAL_CAN_MspInit         0x08005dbb   0x54  Code  Gb  stm32f1xx_hal_msp.o [1]
HAL_CRC_Init            0x08005569   0x24  Code  Gb  stm32f1xx_hal_crc.o [1]
HAL_CRC_MspInit         0x08005e0f   0x26  Code  Gb  stm32f1xx_hal_msp.o [1]
HAL_DMA_Abort           0x08006125   0x36  Code  Gb  stm32f1xx_hal_dma.o [1]
HAL_DMA_Abort_IT        0x0800615b   0xae  Code  Gb  stm32f1xx_hal_dma.o [1]
HAL_GPIO_DeInit         0x0800200b   0xec  Code  Gb  stm32f1xx_hal_gpio.o [1]
HAL_GPIO_EXTI_Callback  0x08001b7b  0x1b4  Code  Gb  portsMgmnt.o [1]
HAL_GPIO_EXTI_Callback::c1
                        0x20000d7e    0x2  Data  Lc  portsMgmnt.o [1]
HAL_GPIO_EXTI_Callback::c10
                        0x20000d90    0x2  Data  Lc  portsMgmnt.o [1]
HAL_GPIO_EXTI_Callback::c11
                        0x20000d92    0x2  Data  Lc  portsMgmnt.o [1]
HAL_GPIO_EXTI_Callback::c2
                        0x20000d80    0x2  Data  Lc  portsMgmnt.o [1]
HAL_GPIO_EXTI_Callback::c3
                        0x20000d82    0x2  Data  Lc  portsMgmnt.o [1]
HAL_GPIO_EXTI_Callback::c4
                        0x20000d84    0x2  Data  Lc  portsMgmnt.o [1]
HAL_GPIO_EXTI_Callback::c5
                        0x20000d86    0x2  Data  Lc  portsMgmnt.o [1]
HAL_GPIO_EXTI_Callback::c6
                        0x20000d88    0x2  Data  Lc  portsMgmnt.o [1]
HAL_GPIO_EXTI_Callback::c7
                        0x20000d8a    0x2  Data  Lc  portsMgmnt.o [1]
HAL_GPIO_EXTI_Callback::c8
                        0x20000d8c    0x2  Data  Lc  portsMgmnt.o [1]
HAL_GPIO_EXTI_Callback::c9
                        0x20000d8e    0x2  Data  Lc  portsMgmnt.o [1]
HAL_GPIO_EXTI_Callback::lastPinNum
                        0x20000d7c    0x2  Data  Lc  portsMgmnt.o [1]
HAL_GPIO_EXTI_Callback{13}{14}{15}{16}::lastTimeButton
                        0x20000d18    0x8  Data  Lc  portsMgmnt.o [1]
HAL_GPIO_EXTI_Callback{13}{14}{15}{16}{17}{18}::usrBtCnt
                        0x20000daa    0x1  Data  Lc  portsMgmnt.o [1]
HAL_GPIO_EXTI_Callback{13}{14}{19}{20}::lastTimeButton
                        0x20000d20    0x8  Data  Lc  portsMgmnt.o [1]
HAL_GPIO_EXTI_Callback{13}{14}{22}{23}::lastTimeButton
                        0x20000d28    0x8  Data  Lc  portsMgmnt.o [1]
HAL_GPIO_EXTI_Callback{13}{14}{25}{26}::lastTimeButton
                        0x20000d30    0x8  Data  Lc  portsMgmnt.o [1]
HAL_GPIO_EXTI_Callback{13}{14}{28}{29}::lastTimeButton
                        0x20000d38    0x8  Data  Lc  portsMgmnt.o [1]
HAL_GPIO_EXTI_IRQHandler
                        0x0800211d   0x1a  Code  Gb  stm32f1xx_hal_gpio.o [1]
HAL_GPIO_Init           0x08001e55  0x1b6  Code  Gb  stm32f1xx_hal_gpio.o [1]
HAL_GPIO_ReadPin        0x080020f7   0x12  Code  Gb  stm32f1xx_hal_gpio.o [1]
HAL_GPIO_WritePin       0x08002109   0x14  Code  Gb  stm32f1xx_hal_gpio.o [1]
HAL_GetTick             0x08005cb1    0xc  Code  Wk  stm32f1xx_hal.o [1]
HAL_IWDG_Init           0x0800454d   0x50  Code  Gb  stm32f1xx_hal_iwdg.o [1]
HAL_IWDG_Refresh        0x0800459d    0xc  Code  Gb  stm32f1xx_hal_iwdg.o [1]
HAL_IncTick             0x0800808d   0x10  Code  Wk  stm32f1xx_hal.o [1]
HAL_Init                0x08003881   0x22  Code  Gb  stm32f1xx_hal.o [1]
HAL_InitTick            0x08005cbd   0x28  Code  Wk  stm32f1xx_hal.o [1]
HAL_MspInit             0x08005ce5   0x9c  Code  Gb  stm32f1xx_hal_msp.o [1]
HAL_NVIC_EnableIRQ      0x0800506b    0xa  Code  Gb  stm32f1xx_hal_cortex.o [1]
HAL_NVIC_SetPriority    0x08005049   0x22  Code  Gb  stm32f1xx_hal_cortex.o [1]
HAL_NVIC_SetPriorityGrouping
                        0x08005041    0x8  Code  Gb  stm32f1xx_hal_cortex.o [1]
HAL_RCCEx_GetPeriphCLKFreq
                        0x08004e69   0xe2  Code  Gb  stm32f1xx_hal_rcc_ex.o [1]
HAL_RCCEx_PeriphCLKConfig
                        0x08004d61  0x108  Code  Gb  stm32f1xx_hal_rcc_ex.o [1]
HAL_RCC_ClockConfig     0x08004adf  0x180  Code  Gb  stm32f1xx_hal_rcc.o [1]
HAL_RCC_GetHCLKFreq     0x08004cc5    0x6  Code  Gb  stm32f1xx_hal_rcc.o [1]
HAL_RCC_GetPCLK1Freq    0x08004ccb   0x16  Code  Gb  stm32f1xx_hal_rcc.o [1]
HAL_RCC_GetPCLK2Freq    0x08004ce1   0x16  Code  Gb  stm32f1xx_hal_rcc.o [1]
HAL_RCC_GetSysClockFreq
                        0x08004c5f   0x66  Code  Gb  stm32f1xx_hal_rcc.o [1]
HAL_RCC_OscConfig       0x0800468d  0x452  Code  Gb  stm32f1xx_hal_rcc.o [1]
HAL_SPI_Init            0x0800558d   0x8a  Code  Gb  stm32f1xx_hal_spi_ex.o [1]
HAL_SPI_MspInit         0x08005e35   0x54  Code  Gb  stm32f1xx_hal_msp.o [1]
HAL_SYSTICK_CLKSourceConfig
                        0x0800507d   0x20  Code  Gb  stm32f1xx_hal_cortex.o [1]
HAL_SYSTICK_Callback    0x080050c5    0x2  Code  Wk  stm32f1xx_hal_cortex.o [1]
HAL_SYSTICK_Config      0x08005075    0x8  Code  Gb  stm32f1xx_hal_cortex.o [1]
HAL_SYSTICK_IRQHandler  0x080050bd    0x8  Code  Gb  stm32f1xx_hal_cortex.o [1]
HAL_TIMEx_BreakCallback
                        0x08005ff9    0x2  Code  Wk  stm32f1xx_hal_tim_ex.o [1]
HAL_TIMEx_CommutationCallback
                        0x08005ffd    0x2  Code  Wk  stm32f1xx_hal_tim_ex.o [1]
HAL_TIMEx_MasterConfigSynchronization
                        0x08005619   0x58  Code  Gb  stm32f1xx_hal_tim_ex.o [1]
HAL_TIM_Base_Init       0x080038a9   0x38  Code  Gb  stm32f1xx_hal_tim.o [1]
HAL_TIM_Base_MspInit    0x08005e89   0x34  Code  Gb  stm32f1xx_hal_msp.o [1]
HAL_TIM_Base_Start_IT   0x080038e1   0x1c  Code  Gb  stm32f1xx_hal_tim.o [1]
HAL_TIM_ConfigClockSource
                        0x08003a73  0x118  Code  Gb  stm32f1xx_hal_tim.o [1]
HAL_TIM_IC_CaptureCallback
                        0x08005ff1    0x2  Code  Wk  stm32f1xx_hal_tim.o [1]
HAL_TIM_IRQHandler      0x080038fd  0x176  Code  Gb  stm32f1xx_hal_tim.o [1]
HAL_TIM_OC_DelayElapsedCallback
                        0x08005ff3    0x2  Code  Wk  stm32f1xx_hal_tim.o [1]
HAL_TIM_PWM_PulseFinishedCallback
                        0x08005ff5    0x2  Code  Wk  stm32f1xx_hal_tim.o [1]
HAL_TIM_PeriodElapsedCallback
                        0x08005ff7    0x2  Code  Wk  stm32f1xx_hal_tim.o [1]
HAL_TIM_TriggerCallback
                        0x08005ffb    0x2  Code  Wk  stm32f1xx_hal_tim.o [1]
HAL_UART_AbortReceive   0x080057a7   0x50  Code  Gb  stm32f1xx_hal_uart.o [1]
HAL_UART_ErrorCallback  0x08006225    0x2  Code  Wk  stm32f1xx_hal_uart.o [1]
HAL_UART_IRQHandler     0x080057f7  0x134  Code  Gb  stm32f1xx_hal_uart.o [1]
HAL_UART_Init           0x08005675   0x76  Code  Gb  stm32f1xx_hal_uart.o [1]
HAL_UART_MspInit        0x08005ebd   0xfc  Code  Gb  stm32f1xx_hal_msp.o [1]
HAL_UART_Receive_IT     0x0800573d   0x6a  Code  Gb  stm32f1xx_hal_uart.o [1]
HAL_UART_RxCpltCallback
                        0x08006229    0x2  Code  Wk  stm32f1xx_hal_uart.o [1]
HAL_UART_Transmit_IT    0x080056eb   0x52  Code  Gb  stm32f1xx_hal_uart.o [1]
HAL_UART_TxCpltCallback
                        0x08006227    0x2  Code  Wk  stm32f1xx_hal_uart.o [1]
HD44780_Opts            0x20000d48    0x8  Data  Gb  tm_stm32_hd44780.o [1]
HEAP$$Base              0x20000518          --   Gb  - Linker created -
HEAP$$Limit             0x20000718          --   Gb  - Linker created -
HardFault_Handler       0x08007d6b    0x2  Code  Gb  stm32f1xx_it.o [1]
LoadInt                 0x080068a3   0x6e  Code  Lc  xprintffull.o [3]
MX_ADC1_Init            0x08000bbd  0x12e  Code  Lc  main.o [1]
MX_CAN_Init             0x08000ceb   0x7e  Code  Lc  main.o [1]
MX_CRC_Init             0x08000d69   0x26  Code  Lc  main.o [1]
MX_GPIO_Init            0x08001011  0x216  Code  Lc  main.o [1]
MX_IWDG_Init            0x08000d9d   0x38  Code  Lc  main.o [1]
MX_SPI2_Init            0x08000dd9   0x80  Code  Lc  main.o [1]
MX_TIM3_Init            0x08000e59   0x98  Code  Lc  main.o [1]
MX_USART1_UART_Init     0x08000ef1   0x58  Code  Lc  main.o [1]
MX_USART2_UART_Init     0x08000f4d   0x4a  Code  Lc  main.o [1]
MX_USART3_UART_Init     0x08000fa9   0x4a  Code  Lc  main.o [1]
MemManage_Handler       0x08007d6d    0x2  Code  Gb  stm32f1xx_it.o [1]
NMI_Handler             0x08007d69    0x2  Code  Gb  stm32f1xx_it.o [1]
NVIC_EnableIRQ          0x08004f9f   0x14  Code  Lc  stm32f1xx_hal_cortex.o [1]
NVIC_EncodePriority     0x08004fd5   0x3e  Code  Lc  stm32f1xx_hal_cortex.o [1]
NVIC_GetPriorityGrouping
                        0x08004f95    0xa  Code  Lc  stm32f1xx_hal_cortex.o [1]
NVIC_SetPriority        0x08004fb3   0x22  Code  Lc  stm32f1xx_hal_cortex.o [1]
NVIC_SetPriorityGrouping
                        0x08004f79   0x1c  Code  Lc  stm32f1xx_hal_cortex.o [1]
PendSV_Handler          0x08007d77    0x2  Code  Gb  stm32f1xx_it.o [1]
RCC_Delay               0x08004cf7   0x24  Code  Lc  stm32f1xx_hal_rcc.o [1]
Region$$Table$$Base     0x080082e0          --   Gb  - Linker created -
Region$$Table$$Limit    0x08008300          --   Gb  - Linker created -
SVC_Handler             0x08007d73    0x2  Code  Gb  stm32f1xx_it.o [1]
SysTick_Config          0x08005013   0x2e  Code  Lc  stm32f1xx_hal_cortex.o [1]
SysTick_Handler         0x08007d79    0xc  Code  Gb  stm32f1xx_it.o [1]
SystemClock_Config      0x08000b09   0xb4  Code  Gb  main.o [1]
SystemCoreClock         0x2000000c    0x4  Data  Gb  system_stm32f1xx.o [1]
SystemInit              0x08008195   0x4e  Code  Gb  system_stm32f1xx.o [1]
TIM3_IRQHandler         0x08007ddd  0x22a  Code  Gb  stm32f1xx_it.o [1]
TIM3_IRQHandler::lastConsumPump
                        0x20000dab    0x1  Data  Lc  stm32f1xx_it.o [1]
TIM3_IRQHandler::millisCounter
                        0x20000d94    0x2  Data  Lc  stm32f1xx_it.o [1]
TIM_Base_SetConfig      0x08003b8b   0x66  Code  Gb  stm32f1xx_hal_tim.o [1]
TIM_ETR_SetConfig       0x08003c63   0x18  Code  Lc  stm32f1xx_hal_tim.o [1]
TIM_ITRx_SetConfig      0x08003c4f   0x14  Code  Lc  stm32f1xx_hal_tim.o [1]
TIM_TI1_ConfigInputStage
                        0x08003bfd   0x28  Code  Lc  stm32f1xx_hal_tim.o [1]
TIM_TI2_ConfigInputStage
                        0x08003c25   0x2a  Code  Lc  stm32f1xx_hal_tim.o [1]
TM_HD44780_Clear        0x08002355   0x12  Code  Gb  tm_stm32_hd44780.o [1]
TM_HD44780_Cmd          0x08002427   0x24  Code  Lc  tm_stm32_hd44780.o [1]
TM_HD44780_Cmd4bit      0x0800246f   0xa2  Code  Lc  tm_stm32_hd44780.o [1]
TM_HD44780_CursorSet    0x08002511   0x3e  Code  Lc  tm_stm32_hd44780.o [1]
TM_HD44780_Data         0x0800244b   0x24  Code  Lc  tm_stm32_hd44780.o [1]
TM_HD44780_DisplayOn    0x08002403   0x24  Code  Gb  tm_stm32_hd44780.o [1]
TM_HD44780_Init         0x08002255  0x100  Code  Gb  tm_stm32_hd44780.o [1]
TM_HD44780_InitPins     0x0800254f   0x94  Code  Lc  tm_stm32_hd44780.o [1]
TM_HD44780_Puts         0x08002367   0x9c  Code  Gb  tm_stm32_hd44780.o [1]
UART_DMAAbortOnError    0x0800594d   0x12  Code  Lc  stm32f1xx_hal_uart.o [1]
UART_EndRxTransfer      0x0800592b   0x20  Code  Lc  stm32f1xx_hal_uart.o [1]
UART_EndTransmit_IT     0x080059cb   0x1c  Code  Lc  stm32f1xx_hal_uart.o [1]
UART_Receive_IT         0x080059e7   0xa8  Code  Lc  stm32f1xx_hal_uart.o [1]
UART_SetConfig          0x08005a8f  0x198  Code  Lc  stm32f1xx_hal_uart.o [1]
UART_Transmit_IT        0x08005961   0x6a  Code  Lc  stm32f1xx_hal_uart.o [1]
USART1_IRQHandler       0x08008007   0x24  Code  Gb  stm32f1xx_it.o [1]
UsageFault_Handler      0x08007d71    0x2  Code  Gb  stm32f1xx_it.o [1]
_EncodingSb_Mbtowc      0x08007cbf   0x30  Code  Gb  xencoding_sb.o [3]
_EncodingSb_Mbtowc::initial
                        0x08007cfc    0x8  Data  Lc  xencoding_sb.o [3]
_EncodingSb_Wctomb      0x08007ca5   0x1a  Code  Gb  xencoding_sb.o [3]
_EncodingSb_Wctomb::initial
                        0x08007cf4    0x8  Data  Lc  xencoding_sb.o [3]
_Error_Handler          0x080012b9    0x2  Code  Gb  main.o [1]
_GenldFull              0x08007129  0x254  Code  Lc  xprintffull.o [3]
_IsdstStr               0x200000a0    0x4  Data  Gb  setlocale.o [3]
_LdtobFull              0x08006d29  0x3fa  Code  Lc  xprintffull.o [3]
_LitobFull              0x08006c1d  0x10a  Code  Lc  xprintffull.o [3]
_LocaleC_isspace        0x08007d35   0x14  Code  Gb  xlocale_c.o [3]
_LocaleC_tolower        0x08007d5d    0xc  Code  Gb  xlocale_c.o [3]
_LocaleEncoding         0x08007c93    0xe  Code  Gb  setlocale.o [3]
_LocaleForCat           0x08007c81   0x12  Code  Gb  setlocale.o [3]
_LocaleReturnString     0x200000c0   0x50  Data  Lc  setlocale.o [3]
_Locale_Profile         0x200000a4   0x1c  Data  Gb  setlocale.o [3]
_Locale_aeabi_lconv     0x20000060   0x38  Data  Gb  localeconv.o [3]
_Locale_lconv           0x20000010   0x50  Data  Gb  localeconv.o [3]
_Mbtowc                 0x0800758f   0x20  Code  Gb  xmbtowc.o [3]
_PrintfFull             0x0800622d  0x660  Code  Gb  xprintffull.o [3]
_PutcharsFull           0x0800737d   0x2e  Code  Lc  xprintffull.o [3]
_PutstrFull             0x08006911  0x306  Code  Lc  xprintffull.o [3]
_SProut                 0x080012bb    0xa  Code  Gb  xsprout.o [3]
_TzoneStr               0x2000009c    0x4  Data  Gb  setlocale.o [3]
_Wctomb                 0x08007715   0x1a  Code  Gb  xwctomb.o [3]
__aeabi_cdcmple         0x080078e5         Code  Gb  DblCmpLe.o [4]
__aeabi_cdrcmple        0x08007915         Code  Gb  DblCmpGe.o [4]
__aeabi_cfcmple         0x08004669         Code  Gb  FltCmpLe.o [4]
__aeabi_d2f             0x080045d9         Code  Gb  DblToFlt.o [4]
__aeabi_d2iz            0x0800308d         Code  Gb  DblToI32.o [4]
__aeabi_d2uiz           0x080030b9         Code  Gb  DblToI32.o [4]
__aeabi_dadd            0x08003799         Code  Gb  DblAdd.o [4]
__aeabi_ddiv            0x08002e35         Code  Gb  DblDiv.o [4]
__aeabi_dmul            0x08002c91         Code  Gb  DblMul.o [4]
__aeabi_dsub            0x08003619         Code  Gb  DblSub.o [4]
__aeabi_errno_addr      0x08007c75    0x6  Code  Gb  errno.o [3]
__aeabi_f2d             0x08002c41         Code  Gb  FltToDbl.o [4]
__aeabi_f2uiz           0x080030e5         Code  Gb  FltToU32.o [4]
__aeabi_fadd            0x0800603d         Code  Gb  FltAdd.o [4]
__aeabi_i2d             0x080045a9         Code  Gb  I32ToDbl.o [4]
__aeabi_i2f             0x08002c0d         Code  Gb  I32ToFlt.o [4]
__aeabi_ldiv0           0x08007d31         Code  Gb  I64DivZer.o [5]
__aeabi_memset          0x08007529         Code  Gb  ABImemset.o [5]
__aeabi_ui2d            0x080045bd         Code  Gb  I32ToDbl.o [4]
__aeabi_ui2f            0x08002c21         Code  Gb  I32ToFlt.o [4]
__aeabi_uldivmod        0x080077b1         Code  Gb  I64DivMod.o [5]
__cmain                 0x08008301         Code  Gb  cmain.o [5]
__data_Aldata           0x20000d50    0x8  Data  Gb  xxmemxmalloc.o [3]
__data_GetMemChunk      0x08007d05   0x2c  Code  Gb  xgetmemchunk.o [3]
__data_GetMemChunk::start
                        0x20000d78    0x4  Data  Lc  xgetmemchunk.o [3]
__exit                  0x08008331   0x14  Code  Gb  exit.o [6]
__iar_Dnorm             0x0800789f   0x44  Code  Gb  xdnorm.o [4]
__iar_Dscale            0x08007945  0x10c  Code  Gb  xdscale.o [4]
__iar_Errno             0x20000098    0x4  Data  Gb  errno.o [3]
__iar_Locale_lconv_init
                        0x08007a51   0x3a  Code  Gb  localeconv.o [3]
__iar_Mbcurmax          0x08007659    0xa  Code  Gb  xmbcurmax.o [3]
__iar_Memchr            0x08007601         Code  Gb  memchr.o [5]
__iar_Memset            0x08007529         Code  Gb  ABImemset.o [5]
__iar_Memset_word       0x08007531         Code  Gb  ABImemset.o [5]
__iar_Stolx             0x080073c7   0x88  Code  Gb  xstol.o [3]
__iar_Stoulx            0x08007ae1  0x13e  Code  Gb  xstoul.o [3]
__iar_Strchr            0x080075b1         Code  Gb  strchr.o [5]
__iar_d2uiz             0x080030c5         Code  Gb  DblToI32.o [4]
__iar_dadd              0x080037ad         Code  Gb  DblAdd.o [4]
__iar_data_init3        0x080082b9   0x28  Code  Gb  data_init.o [5]
__iar_dlib_perthread_access
                        0x08007d33    0x2  Code  Gb  xtls.o [3]
__iar_dsub              0x0800362d         Code  Gb  DblSub.o [4]
__iar_dsubStart         0x0800363f         Code  Gb  DblSub.o [4]
__iar_fadd              0x0800604d         Code  Gb  FltAdd.o [4]
__iar_fsub              0x08007451         Code  Gb  FltSub.o [4]
__iar_fsubStart         0x08007461         Code  Gb  FltSub.o [4]
__iar_packbits_init_single3
                        0x08008281   0x38  Code  Gb  packbits_init_single.o [5]
__iar_program_start     0x08008439         Code  Gb  cstartup_M.o [5]
__iar_ui2d              0x080045c1         Code  Gb  I32ToDbl.o [4]
__iar_ui2f              0x08002c25         Code  Gb  I32ToFlt.o [4]
__iar_unaligned___aeabi_memcpy
                        0x08005c39         Code  Gb  ABImemcpy_unaligned.o [5]
__iar_unaligned___aeabi_memcpy4
                        0x08005c59         Code  Gb  ABImemcpy_unaligned.o [5]
__iar_unaligned___aeabi_memcpy8
                        0x08005c59         Code  Gb  ABImemcpy_unaligned.o [5]
__iar_zero_init3        0x08008241   0x40  Code  Gb  zero_init3.o [5]
__low_level_init        0x0800831b    0x4  Code  Gb  low_level_init.o [3]
__vector_table          0x08000000         Data  Gb  startup_stm32f103xb.o [1]
_call_main              0x0800830d         Code  Gb  cmain.o [5]
_exit                   0x08008325         Code  Gb  cexit.o [5]
_main                   0x08008317         Code  Gb  cmain.o [5]
abs                     0x08005c31    0x8  Code  Gb  abs.o [3]
buttonMgmnt             0x080001f3   0xc6  Code  Gb  main.o [1]
buttonsDisabledTime     0x20000cf0    0x8  Data  Gb  portsMgmnt.o [1]
checkCoinMoney          0x0800809d   0x68  Code  Gb  moneyAcceptMgmnt.o [1]
checkCoinMoney::trueFlag
                        0x20000d97    0x1  Data  Lc  moneyAcceptMgmnt.o [1]
checkCoinMoney::trueTime
                        0x20000ce0    0x8  Data  Lc  moneyAcceptMgmnt.o [1]
checkFreeMode           0x08001391   0x24  Code  Gb  portsMgmnt.o [1]
checkInput10Counter     0x0800190f  0x234  Code  Gb  portsMgmnt.o [1]
checkInput10Counter::firInput
                        0x20000c80   0x10  Data  Lc  portsMgmnt.o [1]
checkInput10Counter::firstExecute
                        0x20000114    0x1  Data  Lc  portsMgmnt.o [1]
checkInput10Counter::i  0x20000da9    0x1  Data  Lc  portsMgmnt.o [1]
checkInput10Counter::in101
                        0x20000d68    0x4  Data  Lc  portsMgmnt.o [1]
checkInput10Counter::in102
                        0x20000d6c    0x4  Data  Lc  portsMgmnt.o [1]
checkInput10Counter::inDataIN
                        0x20000cb4    0xc  Data  Lc  portsMgmnt.o [1]
checkInput10Counter::newValForCalib
                        0x20000da8    0x1  Data  Lc  portsMgmnt.o [1]
checkInput10Counter::p  0x20000da5    0x1  Data  Lc  portsMgmnt.o [1]
checkInput10Counter::swchr
                        0x20000da6    0x1  Data  Lc  portsMgmnt.o [1]
checkInput10Counter::temp
                        0x20000da7    0x1  Data  Lc  portsMgmnt.o [1]
checkMagistralPressure  0x08001349   0x24  Code  Gb  portsMgmnt.o [1]
checkMoney              0x08008105   0x6a  Code  Gb  moneyAcceptMgmnt.o [1]
checkMoney::trueFlag    0x20000d98    0x1  Data  Lc  moneyAcceptMgmnt.o [1]
checkMoney::trueTime    0x20000ce8    0x8  Data  Lc  moneyAcceptMgmnt.o [1]
checkNewData            0x08004245   0x2e  Code  Gb  uartDataExchMgmnt.o [1]
checkNoTare             0x080014c3   0x76  Code  Gb  portsMgmnt.o [1]
checkNoTare::firstExe   0x20000d9e    0x1  Data  Lc  portsMgmnt.o [1]
checkNoTare::noSenseTime
                        0x20000d08    0x8  Data  Lc  portsMgmnt.o [1]
checkNoTare::timeNoTareDetected
                        0x20000d00    0x8  Data  Lc  portsMgmnt.o [1]
checkOut10Counter       0x080016b1  0x25e  Code  Gb  portsMgmnt.o [1]
checkOut10Counter::firOut
                        0x20000c70   0x10  Data  Lc  portsMgmnt.o [1]
checkOut10Counter::firstExecute
                        0x20000113    0x1  Data  Lc  portsMgmnt.o [1]
checkOut10Counter::i    0x20000da4    0x1  Data  Lc  portsMgmnt.o [1]
checkOut10Counter::inDataOUT
                        0x20000ca8    0xc  Data  Lc  portsMgmnt.o [1]
checkOut10Counter::newValForCalib
                        0x20000da3    0x1  Data  Lc  portsMgmnt.o [1]
checkOut10Counter::out101
                        0x20000d60    0x4  Data  Lc  portsMgmnt.o [1]
checkOut10Counter::out102
                        0x20000d64    0x4  Data  Lc  portsMgmnt.o [1]
checkOut10Counter::p    0x20000da0    0x1  Data  Lc  portsMgmnt.o [1]
checkOut10Counter::swchr
                        0x20000da1    0x1  Data  Lc  portsMgmnt.o [1]
checkOut10Counter::temp
                        0x20000da2    0x1  Data  Lc  portsMgmnt.o [1]
checkTumperDoor         0x08001325   0x24  Code  Gb  portsMgmnt.o [1]
checkTumperMoney        0x0800136d   0x24  Code  Gb  portsMgmnt.o [1]
clrLastMessage          0x080060f9   0x2c  Code  Gb  uartDataExchMgmnt.o [1]
clrServDownButton       0x080012cf    0xa  Code  Gb  portsMgmnt.o [1]
clrServLeftButton       0x080012d9    0xa  Code  Gb  portsMgmnt.o [1]
clrServRightButton      0x080012e3    0xa  Code  Gb  portsMgmnt.o [1]
clrUserButton           0x080012c5    0xa  Code  Gb  portsMgmnt.o [1]
cnt                     0x20000c4c   0x14  Data  Gb  main.o [1]
containerMgmnt          0x080000ed  0x106  Code  Gb  main.o [1]
containerMinVolume      0x20000111    0x1  Data  Gb  main.o [1]
countContainerHandler   0x080013b5   0x4a  Code  Gb  portsMgmnt.o [1]
countLoseHandler        0x0800153b  0x12c  Code  Gb  portsMgmnt.o [1]
countLoseHandler::fastPulseLose
                        0x20000d9f    0x1  Data  Lc  portsMgmnt.o [1]
countLoseHandler::lastTime
                        0x20000d10    0x8  Data  Lc  portsMgmnt.o [1]
countOutHandler         0x08001667   0x4a  Code  Gb  portsMgmnt.o [1]
delayMicroseconds       0x08001e21         Code  Gb  Delay.o [1]
delayMilliseconds       0x08001e43         Code  Gb  Delay.o [1]
digits                  0x08007c24   0x28  Data  Lc  xstoul.o [3]
disableButtonsForTime   0x08001319    0xc  Code  Gb  portsMgmnt.o [1]
disableSensorsForTime   0x0800130d    0xc  Code  Gb  portsMgmnt.o [1]
div                     0x08007abd    0xe  Code  Gb  div.o [3]
endPointer              0x20000dac    0x1  Data  Gb  uartDataExchMgmnt.o [1]
entryPointer            0x20000115    0x1  Data  Gb  uartDataExchMgmnt.o [1]
exit                    0x0800831f    0x4  Code  Gb  exit.o [3]
filters                 0x20000a70   0x48  Data  Gb  main.o [1]
free                    0x08007731   0x7a  Code  Gb  xxmemxfree.o [3]
getCurTime              0x080021d3    0xc  Code  Gb  timeMgmnt.o [1]
getLastMessage          0x080060c1   0x38  Code  Gb  uartDataExchMgmnt.o [1]
getMessageLnhgt         0x08003c8d   0x36  Code  Gb  uartDataExchMgmnt.o [1]
getMoney                0x080041fb   0x4a  Code  Gb  uartDataExchMgmnt.o [1]
getTimeDiff             0x080021df   0x52  Code  Gb  timeMgmnt.o [1]
hadc1                   0x20000bfc   0x30  Data  Gb  main.o [1]
hcan                    0x20000ab8   0x44  Data  Gb  main.o [1]
hcrc                    0x20000cc0    0x8  Data  Gb  main.o [1]
hiwdg                   0x20000c90    0xc  Data  Gb  main.o [1]
hspi2                   0x20000a18   0x58  Data  Gb  main.o [1]
htim3                   0x20000afc   0x40  Data  Gb  main.o [1]
huart1                  0x20000b3c   0x40  Data  Gb  main.o [1]
huart2                  0x20000b7c   0x40  Data  Gb  main.o [1]
huart3                  0x20000bbc   0x40  Data  Gb  main.o [1]
initUART                0x08004273   0x1c  Code  Gb  uartDataExchMgmnt.o [1]
insertStats             0x08003d69  0x352  Code  Gb  uartDataExchMgmnt.o [1]
isAdminDownButtonPressed
                        0x080012f5    0x8  Code  Gb  portsMgmnt.o [1]
isAdminLeftButtonPressed
                        0x080012fd    0x8  Code  Gb  portsMgmnt.o [1]
isAdminRightButtonPressed
                        0x08001305    0x8  Code  Gb  portsMgmnt.o [1]
isUserButtonPressed     0x080012ed    0x8  Code  Gb  portsMgmnt.o [1]
isspace                 0x08007acb   0x14  Code  Gb  isxxx.o [3]
lastMilLitWentOut       0x20000d58    0x4  Data  Lc  main.o [1]
lcdMgmnt                0x080003a9  0x166  Code  Gb  main.o [1]
lcdMgmnt::refreshLCDtime
                        0x20000cd8    0x8  Data  Lc  main.o [1]
lghtsMgmnt              0x0800050f   0xe2  Code  Gb  main.o [1]
localeconv              0x08007a8b   0x16  Code  Gb  localeconv.o [3]
main                    0x080007fb  0x30e  Code  Gb  main.o [1]
malloc                  0x08007665   0xac  Code  Gb  xxmemxmalloc.o [3]
maxContainerVolume      0x20000112    0x1  Data  Gb  main.o [1]
memchr                  0x08007601         Code  Gb  memchr.o [5]
mesRx                   0x20000918  0x100  Data  Gb  uartDataExchMgmnt.o [1]
money                   0x20000c9c    0xc  Data  Gb  main.o [1]
ndigs                   0x08007c4c   0x28  Data  Lc  xstoul.o [3]
outPumpMgmnt            0x080002b9   0xf0  Code  Gb  main.o [1]
outPumpMgmnt::lastMillilit
                        0x20000d5c    0x4  Data  Lc  main.o [1]
outPumpMgmnt::noWaterOut
                        0x20000d96    0x1  Data  Lc  main.o [1]
outPumpMgmnt::timeCheck
                        0x20000cd0    0x8  Data  Lc  main.o [1]
outPumpNoWaterStopTime  0x20000110    0x1  Data  Gb  main.o [1]
parseUART               0x080044ed   0x1a  Code  Gb  uartDataExchMgmnt.o [1]
parseUartData           0x0800428f  0x25e  Code  Gb  uartDataExchMgmnt.o [1]
pauseOutHandler         0x08001539    0x2  Code  Gb  portsMgmnt.o [1]
prepareToTransition     0x080006f5  0x106  Code  Gb  main.o [1]
printGiven              0x08002961  0x25c  Code  Gb  tm_stm32_hd44780.o [1]
printLoseDetected       0x080025e3   0x24  Code  Gb  tm_stm32_hd44780.o [1]
printNotReady           0x08002607  0x11c  Code  Gb  tm_stm32_hd44780.o [1]
printPaid               0x08002829  0x134  Code  Gb  tm_stm32_hd44780.o [1]
printWait               0x08002723  0x106  Code  Gb  tm_stm32_hd44780.o [1]
returnMoney             0x080040bb   0x24  Code  Gb  uartDataExchMgmnt.o [1]
sensorsDisabledTime     0x20000cf8    0x8  Data  Gb  portsMgmnt.o [1]
servDownButton          0x20000d9b    0x1  Data  Gb  portsMgmnt.o [1]
servLeftButton          0x20000d9c    0x1  Data  Gb  portsMgmnt.o [1]
servRightButton         0x20000d9d    0x1  Data  Gb  portsMgmnt.o [1]
servUpButton            0x20000d9a    0x1  Data  Gb  portsMgmnt.o [1]
setBlue                 0x08001b51    0xe  Code  Gb  portsMgmnt.o [1]
setContainerValToZero   0x08001453   0x70  Code  Gb  portsMgmnt.o [1]
setFilterValues         0x08004139   0xc2  Code  Gb  uartDataExchMgmnt.o [1]
setGlobal               0x08001b6d    0xe  Code  Gb  portsMgmnt.o [1]
setGreen                0x08001b5f    0xe  Code  Gb  portsMgmnt.o [1]
setParameters           0x080040df   0x54  Code  Gb  uartDataExchMgmnt.o [1]
setRed                  0x08001b43    0xe  Code  Gb  portsMgmnt.o [1]
setupDefaultLitersVolume
                        0x080013ff   0x54  Code  Gb  portsMgmnt.o [1]
sprintf                 0x08006001   0x34  Code  Gb  sprintf.o [3]
strchr                  0x080075b1         Code  Gb  strchr.o [5]
strlen                  0x080075c9         Code  Gb  strlen.o [5]
strtol                  0x08006035    0x6  Code  Gb  strtol.o [3]
time                    0x20000d40    0x8  Data  Gb  timeMgmnt.o [1]
timeMgmnt               0x0800217d   0x56  Code  Gb  timeMgmnt.o [1]
tolower                 0x08007d49   0x14  Code  Gb  tolower.o [3]
uartDataExchMgmnt       0x08003c7d   0x10  Code  Gb  uartDataExchMgmnt.o [1]
uartDataRx              0x20000818  0x100  Data  Gb  uartDataExchMgmnt.o [1]
uartDataTx              0x20000718  0x100  Data  Lc  uartDataExchMgmnt.o [1]
userButton              0x20000d99    0x1  Data  Gb  portsMgmnt.o [1]
uwTick                  0x20000d74    0x4  Data  Gb  stm32f1xx_hal.o [1]
valFor10LitInCalibr     0x20000000    0x4  Data  Gb  main.o [1]
valFor10LitOutCalibr    0x20000004    0x4  Data  Gb  main.o [1]
wa                      0x20000c2c   0x20  Data  Gb  main.o [1]
waterCounters           0x20000c60   0x10  Data  Lc  portsMgmnt.o [1]
waterMissDetectedTime   0x20000cc8    0x8  Data  Gb  main.o [1]
waterPrice              0x20000008    0x4  Data  Gb  main.o [1]
wmLghts                 0x20000d70    0x4  Data  Gb  portsMgmnt.o [1]
writeError              0x08003cc3   0xa6  Code  Gb  uartDataExchMgmnt.o [1]
writeTime               0x08002231   0x1a  Code  Gb  timeMgmnt.o [1]


[1] = D:\YADisk\#1_work\Автомойка самообслуживания\WM_v0.10\WM\EWARM\IAR_WM_v0.10\Obj
[2] = command line
[3] = dl7M_tlf.a
[4] = m7M_tl.a
[5] = rt7M_tl.a
[6] = shb_l.a

  33 662 bytes of readonly  code memory
     409 bytes of readonly  data memory
   3 499 bytes of readwrite data memory

Errors: none
Warnings: none
